Archive member included to satisfy reference by file (symbol)

/home/victor/Ruff-Ruff-Rover/firmware/pico_micro_ros/libmicroros/libmicroros.a(librcl-publisher.c.obj)
                              CMakeFiles/pico_micro_ros.dir/src/main_diag.c.o (rcl_publish)
/home/victor/Ruff-Ruff-Rover/firmware/pico_micro_ros/libmicroros/libmicroros.a(librclc-executor.c.obj)
                              CMakeFiles/pico_micro_ros.dir/src/main_diag.c.o (rclc_executor_init)
/home/victor/Ruff-Ruff-Rover/firmware/pico_micro_ros/libmicroros/libmicroros.a(librclc-executor_handle.c.obj)
                              /home/victor/Ruff-Ruff-Rover/firmware/pico_micro_ros/libmicroros/libmicroros.a(librclc-executor.c.obj) (rclc_executor_handle_counters_zero_init)
/home/victor/Ruff-Ruff-Rover/firmware/pico_micro_ros/libmicroros/libmicroros.a(librclc-init.c.obj)
                              CMakeFiles/pico_micro_ros.dir/src/main_diag.c.o (rclc_support_init)
/home/victor/Ruff-Ruff-Rover/firmware/pico_micro_ros/libmicroros/libmicroros.a(librclc-node.c.obj)
                              CMakeFiles/pico_micro_ros.dir/src/main_diag.c.o (rclc_node_init_default)
/home/victor/Ruff-Ruff-Rover/firmware/pico_micro_ros/libmicroros/libmicroros.a(librclc-publisher.c.obj)
                              CMakeFiles/pico_micro_ros.dir/src/main_diag.c.o (rclc_publisher_init_default)
/home/victor/Ruff-Ruff-Rover/firmware/pico_micro_ros/libmicroros/libmicroros.a(librclc-sleep.c.obj)
                              /home/victor/Ruff-Ruff-Rover/firmware/pico_micro_ros/libmicroros/libmicroros.a(librclc-executor.c.obj) (rclc_sleep_ms)
/home/victor/Ruff-Ruff-Rover/firmware/pico_micro_ros/libmicroros/libmicroros.a(librclc-timer.c.obj)
                              CMakeFiles/pico_micro_ros.dir/src/main_diag.c.o (rclc_timer_init_default)
/home/victor/Ruff-Ruff-Rover/firmware/pico_micro_ros/libmicroros/libmicroros.a(librcutils-allocator.c.obj)
                              CMakeFiles/pico_micro_ros.dir/src/main_diag.c.o (rcutils_get_default_allocator)
/home/victor/Ruff-Ruff-Rover/firmware/pico_micro_ros/libmicroros/libmicroros.a(librcutils-error_handling.c.obj)
                              /home/victor/Ruff-Ruff-Rover/firmware/pico_micro_ros/libmicroros/libmicroros.a(librclc-executor.c.obj) (rcutils_reset_error)
/home/victor/Ruff-Ruff-Rover/firmware/pico_micro_ros/libmicroros/libmicroros.a(librcutils-time_unix.c.obj)
                              /home/victor/Ruff-Ruff-Rover/firmware/pico_micro_ros/libmicroros/libmicroros.a(librclc-executor.c.obj) (rcutils_system_time_now)
/home/victor/Ruff-Ruff-Rover/firmware/pico_micro_ros/libmicroros/libmicroros.a(librmw-publisher_options.c.obj)
                              /home/victor/Ruff-Ruff-Rover/firmware/pico_micro_ros/libmicroros/libmicroros.a(librcl-publisher.c.obj) (rmw_get_default_publisher_options)
/home/victor/Ruff-Ruff-Rover/firmware/pico_micro_ros/libmicroros/libmicroros.a(librmw_microxrcedds-custom_transport.c.obj)
                              CMakeFiles/pico_micro_ros.dir/src/main_diag.c.o (rmw_uros_set_custom_transport)
/home/victor/Ruff-Ruff-Rover/firmware/pico_micro_ros/libmicroros/libmicroros.a(librmw_microxrcedds-ping.c.obj)
                              CMakeFiles/pico_micro_ros.dir/src/main_diag.c.o (rmw_uros_ping_agent)
/home/victor/Ruff-Ruff-Rover/firmware/pico_micro_ros/libmicroros/libmicroros.a(librmw_microxrcedds-rmw_publish.c.obj)
                              /home/victor/Ruff-Ruff-Rover/firmware/pico_micro_ros/libmicroros/libmicroros.a(librcl-publisher.c.obj) (rmw_publish)
/home/victor/Ruff-Ruff-Rover/firmware/pico_micro_ros/libmicroros/libmicroros.a(librmw_microxrcedds-rmw_publisher.c.obj)
                              /home/victor/Ruff-Ruff-Rover/firmware/pico_micro_ros/libmicroros/libmicroros.a(librcl-publisher.c.obj) (rmw_create_publisher)
/home/victor/Ruff-Ruff-Rover/firmware/pico_micro_ros/libmicroros/libmicroros.a(librmw_microxrcedds-rmw_uxrce_transports.c.obj)
                              /home/victor/Ruff-Ruff-Rover/firmware/pico_micro_ros/libmicroros/libmicroros.a(librmw_microxrcedds-ping.c.obj) (rmw_uxrce_transport_init)
/home/victor/Ruff-Ruff-Rover/firmware/pico_micro_ros/libmicroros/libmicroros.a(librmw_microxrcedds-types.c.obj)
                              /home/victor/Ruff-Ruff-Rover/firmware/pico_micro_ros/libmicroros/libmicroros.a(librmw_microxrcedds-rmw_publisher.c.obj) (rmw_uxrce_fini_publisher_memory)
/home/victor/Ruff-Ruff-Rover/firmware/pico_micro_ros/libmicroros/libmicroros.a(librmw_microxrcedds-utils.c.obj)
                              /home/victor/Ruff-Ruff-Rover/firmware/pico_micro_ros/libmicroros/libmicroros.a(librmw_microxrcedds-rmw_publisher.c.obj) (run_xrce_session)
/home/victor/Ruff-Ruff-Rover/firmware/pico_micro_ros/libmicroros/libmicroros.a(librosidl_runtime_c-message_type_support.c.obj)
[...]
Memory Configuration

Name             Origin             Length             Attributes
FLASH            0x10000000         0x00200000         xr
RAM              0x20000000         0x00040000         xrw
SCRATCH_X        0x20040000         0x00001000         xrw
SCRATCH_Y        0x20041000         0x00001000         xrw
*default*        0x00000000         0xffffffff

Linker script and memory map

LOAD /usr/lib/gcc/arm-none-eabi/13.2.1/thumb/v6-m/nofp/crti.o
LOAD /usr/lib/gcc/arm-none-eabi/13.2.1/thumb/v6-m/nofp/crtbegin.o
LOAD /usr/lib/gcc/arm-none-eabi/13.2.1/../../../arm-none-eabi/lib/thumb/v6-m/nofp/crt0.o

.flash_begin    0x10000000        0x0
                0x10000000                        __flash_binary_start = .

.boot2          0x10000000      0x100
                0x10000000                        __boot2_start__ = .
 *(.boot2)
 .boot2         0x10000000      0x100 pico-sdk/src/rp2040/boot_stage2/CMakeFiles/bs2_default_library.dir/bs2_default_padded_checksummed.S.o
                0x10000100                        __boot2_end__ = .
                0x00000001                        ASSERT (((__boot2_end__ - __boot2_start__) == 0x100), ERROR: Pico second stage bootloader must be 256 bytes in size)

.text           0x10000100    0x156cc
                0x10000100                        __logical_binary_start = .
 *(.vectors)
 .vectors       0x10000100       0xd4 CMakeFiles/pico_micro_ros.dir/home/victor/micro_ros_ws/src/pico-sdk/src/rp2_common/pico_crt0/crt0.S.o
                0x10000100                __vectors
                0x10000100                __VECTOR_TABLE
                0x100001c0                isr_irq30
                0x100001c0                __unhandled_user_irq
                0x100001c0                isr_irq13
                0x100001c0                isr_irq27
                0x100001c0                isr_irq31
                0x100001c0                isr_irq5
                0x100001c0                isr_irq11
                0x100001c0                isr_irq23
                0x100001c0                isr_irq18
                0x100001c0                isr_irq28
                0x100001c0                isr_irq19
                0x100001c0                isr_irq0
                0x100001c0                isr_irq6
                0x100001c0                isr_irq22
                0x100001c0                isr_irq17
                0x100001c0                isr_irq14
                0x100001c0                __vectors_end
                0x100001c0                __default_isrs_start
                0x100001c0                isr_irq2
                0x100001c0                isr_irq10
                0x100001c0                isr_irq8
                0x100001c0                isr_irq24
                0x100001c0                isr_irq1
                0x100001c0                isr_irq7
                0x100001c0                isr_irq21
                0x100001c0                isr_irq20
                0x100001c0                isr_irq15
                0x100001c0                isr_irq25
                0x100001c0                isr_irq4
                0x100001c0                isr_irq16
                0x100001c0                isr_irq29
                0x100001c0                isr_irq26
                0x100001c0                isr_irq3
                0x100001c0                isr_irq12
                0x100001c0                isr_irq9
                0x100001c6                unhandled_user_irq_num_in_r0
                0x100001c8                isr_invalid
                0x100001ca                isr_nmi
                0x100001cc                isr_hardfault
                0x100001ce                isr_svcall
                0x100001d0                isr_pendsv
                0x100001d2                isr_systick
                0x100001d4                __default_isrs_end
 *(.binary_info_header)
 .binary_info_header
                0x100001d4       0x14 CMakeFiles/pico_micro_ros.dir/home/victor/micro_ros_ws/src/pico-sdk/src/rp2_common/pico_crt0/crt0.S.o
                0x100001e8                        __binary_info_header_end = .
 *(.embedded_block)
                0x100001e8                        __embedded_block_end = .
 *(.reset)
 .reset         0x100001e8       0x9c CMakeFiles/pico_micro_ros.dir/home/victor/micro_ros_ws/src/pico-sdk/src/rp2_common/pico_crt0/crt0.S.o
                0x100001e8                _entry_point
 *(.init)
 .init          0x10000284        0x4 /usr/lib/gcc/arm-none-eabi/13.2.1/thumb/v6-m/nofp/crti.o
                0x10000284                _init
 *(EXCLUDE_FILE(*libm.a: *libc.a:*lib_a-mem*.o *libgcc.a:) .text*)
 .text          0x10000288       0x98 /usr/lib/gcc/arm-none-eabi/13.2.1/thumb/v6-m/nofp/crtbegin.o
 .text.clock_gettime
                0x10000320       0x28 CMakeFiles/pico_micro_ros.dir/pico_uart_transport.c.o
                0x10000320                clock_gettime
 .text.pico_serial_transport_open
                0x10000348       0x18 CMakeFiles/pico_micro_ros.dir/pico_uart_transport.c.o
                0x10000348                pico_serial_transport_open
 .text.pico_serial_transport_close
                0x10000360        0x4 CMakeFiles/pico_micro_ros.dir/pico_uart_transport.c.o
                0x10000360                pico_serial_transport_close
 .text.pico_serial_transport_write
                0x10000364       0x4c CMakeFiles/pico_micro_ros.dir/pico_uart_transport.c.o
                0x10000364                pico_serial_transport_write
 .text.pico_serial_transport_read
                0x100003b0       0x8c CMakeFiles/pico_micro_ros.dir/pico_uart_transport.c.o
                0x100003b0                pico_serial_transport_read
 .text.heartbeat_timer_cb
                0x1000043c       0x24 CMakeFiles/pico_micro_ros.dir/src/main_diag.c.o
 .text.startup.main
                0x10000460       0xec CMakeFiles/pico_micro_ros.dir/src/main_diag.c.o
                0x10000460                main
 .text.gpio_init
                0x1000054c       0x40 CMakeFiles/pico_micro_ros.dir/home/victor/micro_ros_ws/src/pico-sdk/src/rp2_common/hardware_gpio/gpio.c.o
                0x1000054c                gpio_init
 .text.rp2040_chip_version
                0x1000058c        0xc CMakeFiles/pico_micro_ros.dir/home/victor/micro_ros_ws/src/pico-sdk/src/rp2040/pico_platform/platform.c.o
                0x1000058c                rp2040_chip_version
 .text.panic    0x10000598       0x30 CMakeFiles/pico_micro_ros.dir/home/victor/micro_ros_ws/src/pico-sdk/src/rp2_common/pico_platform_panic/panic.c.o
                0x10000598                panic
 .text.hw_claim_or_assert
                0x100005c8       0x44 CMakeFiles/pico_micro_ros.dir/home/victor/micro_ros_ws/src/pico-sdk/src/common/hardware_claim/claim.c.o
                0x100005c8                hw_claim_or_assert
 .text.hw_claim_unused_from_range
                0x1000060c       0x9c CMakeFiles/pico_micro_ros.dir/home/victor/micro_ros_ws/src/pico-sdk/src/common/hardware_claim/claim.c.o
                0x1000060c                hw_claim_unused_from_range
 .text.next_striped_spin_lock_num
                0x100006a8       0x18 CMakeFiles/pico_micro_ros.dir/home/victor/micro_ros_ws/src/pico-sdk/src/rp2_common/hardware_sync/sync.c.o
                0x100006a8                next_striped_spin_lock_num
 .text.spin_lock_claim_unused
                0x100006c0       0x24 CMakeFiles/pico_micro_ros.dir/home/victor/micro_ros_ws/src/pico-sdk/src/rp2_common/hardware_sync/sync.c.o
                0x100006c0                spin_lock_claim_unused
 .text.spin_locks_reset
                0x100006e4       0x1c CMakeFiles/pico_micro_ros.dir/home/victor/micro_ros_ws/src/pico-sdk/src/rp2_common/hardware_sync_spin_lock/sync_spin_lock.c.o
                0x100006e4                spin_locks_reset
 .text.runtime_init_per_core_irq_priorities
                0x10000700       0x24 CMakeFiles/pico_micro_ros.dir/home/victor/micro_ros_ws/src/pico-sdk/src/rp2_common/hardware_irq/irq.c.o
                0x10000700                runtime_init_per_core_irq_priorities
 .text.irq_set_enabled
                0x10000724       0x24 CMakeFiles/pico_micro_ros.dir/home/victor/micro_ros_ws/src/pico-sdk/src/rp2_common/hardware_irq/irq.c.o
                0x10000724                irq_set_enabled
 .text.irq_is_enabled
                0x10000748       0x18 CMakeFiles/pico_micro_ros.dir/home/victor/micro_ros_ws/src/pico-sdk/src/rp2_common/hardware_irq/irq.c.o
                0x10000748                irq_is_enabled
 .text.irq_set_pending
                0x10000760       0x10 CMakeFiles/pico_micro_ros.dir/home/victor/micro_ros_ws/src/pico-sdk/src/rp2_common/hardware_irq/irq.c.o
                0x10000760                irq_set_pending
 .text.irq_has_shared_handler
                0x10000770       0x24 CMakeFiles/pico_micro_ros.dir/home/victor/micro_ros_ws/src/pico-sdk/src/rp2_common/hardware_irq/irq.c.o
                0x10000770                irq_has_shared_handler
 .text.irq_set_exclusive_handler
                0x10000794       0x54 CMakeFiles/pico_micro_ros.dir/home/victor/micro_ros_ws/src/pico-sdk/src/rp2_common/hardware_irq/irq.c.o
                0x10000794                irq_set_exclusive_handler
 .text.irq_add_shared_handler
                0x100007e8      0x1f4 CMakeFiles/pico_micro_ros.dir/home/victor/micro_ros_ws/src/pico-sdk/src/rp2_common/hardware_irq/irq.c.o
                0x100007e8                irq_add_shared_handler
 .text.irq_add_tail_to_free_list
                0x100009dc       0xb4 CMakeFiles/pico_micro_ros.dir/home/victor/micro_ros_ws/src/pico-sdk/src/rp2_common/hardware_irq/irq.c.o
                0x100009dc                irq_add_tail_to_free_list
 .text.user_irq_claim_unused
                0x10000a90       0x2c CMakeFiles/pico_micro_ros.dir/home/victor/micro_ros_ws/src/pico-sdk/src/rp2_common/hardware_irq/irq.c.o
                0x10000a90                user_irq_claim_unused
 .text.lock_init
                0x10000abc       0x10 CMakeFiles/pico_micro_ros.dir/home/victor/micro_ros_ws/src/pico-sdk/src/common/pico_sync/lock_core.c.o
                0x10000abc                lock_init
 .text.runtime_init_mutex
                0x10000acc       0x50 CMakeFiles/pico_micro_ros.dir/home/victor/micro_ros_ws/src/pico-sdk/src/common/pico_sync/mutex.c.o
                0x10000acc                runtime_init_mutex
 .text.mutex_init
                0x10000b1c       0x1c CMakeFiles/pico_micro_ros.dir/home/victor/micro_ros_ws/src/pico-sdk/src/common/pico_sync/mutex.c.o
                0x10000b1c                mutex_init
 .text.critical_section_init
                0x10000b38       0x1c CMakeFiles/pico_micro_ros.dir/home/victor/micro_ros_ws/src/pico-sdk/src/common/pico_sync/critical_section.c.o
                0x10000b38                critical_section_init
 .text.critical_section_init_with_lock_num
                0x10000b54       0x14 CMakeFiles/pico_micro_ros.dir/home/victor/micro_ros_ws/src/pico-sdk/src/common/pico_sync/critical_section.c.o
                0x10000b54                critical_section_init_with_lock_num
 .text.sleep_until_callback
                0x10000b68       0x30 CMakeFiles/pico_micro_ros.dir/home/victor/micro_ros_ws/src/pico-sdk/src/common/pico_time/time.c.o
 .text.alarm_pool_irq_handler
                0x10000b98      0x2fc CMakeFiles/pico_micro_ros.dir/home/victor/micro_ros_ws/src/pico-sdk/src/common/pico_time/time.c.o
 .text.runtime_init_default_alarm_pool
                0x10000e94       0xdc CMakeFiles/pico_micro_ros.dir/home/victor/micro_ros_ws/src/pico-sdk/src/common/pico_time/time.c.o
                0x10000e94                runtime_init_default_alarm_pool
 .text.alarm_pool_get_default
                0x10000f70        0x8 CMakeFiles/pico_micro_ros.dir/home/victor/micro_ros_ws/src/pico-sdk/src/common/pico_time/time.c.o
                0x10000f70                alarm_pool_get_default
 .text.alarm_pool_add_alarm_at
                0x10000f78       0xd4 CMakeFiles/pico_micro_ros.dir/home/victor/micro_ros_ws/src/pico-sdk/src/common/pico_time/time.c.o
                0x10000f78                alarm_pool_add_alarm_at
 .text.alarm_pool_add_alarm_at_force_in_context
                0x1000104c       0xb0 CMakeFiles/pico_micro_ros.dir/home/victor/micro_ros_ws/src/pico-sdk/src/common/pico_time/time.c.o
                0x1000104c                alarm_pool_add_alarm_at_force_in_context
 .text.alarm_pool_cancel_alarm
                0x100010fc       0x74 CMakeFiles/pico_micro_ros.dir/home/victor/micro_ros_ws/src/pico-sdk/src/common/pico_time/time.c.o
                0x100010fc                alarm_pool_cancel_alarm
 .text.alarm_pool_core_num
                0x10001170        0x4 CMakeFiles/pico_micro_ros.dir/home/victor/micro_ros_ws/src/pico-sdk/src/common/pico_time/time.c.o
                0x10001170                alarm_pool_core_num
 .text.sleep_until
                0x10001174       0xd8 CMakeFiles/pico_micro_ros.dir/home/victor/micro_ros_ws/src/pico-sdk/src/common/pico_time/time.c.o
                0x10001174                sleep_until
 .text.sleep_ms
                0x1000124c       0x38 CMakeFiles/pico_micro_ros.dir/home/victor/micro_ros_ws/src/pico-sdk/src/common/pico_time/time.c.o
                0x1000124c                sleep_ms
 .text.best_effort_wfe_or_timeout
                0x10001284       0xf8 CMakeFiles/pico_micro_ros.dir/home/victor/micro_ros_ws/src/pico-sdk/src/common/pico_time/time.c.o
                0x10001284                best_effort_wfe_or_timeout
 .text.timer_hardware_alarm_claim
                0x1000137c       0x14 CMakeFiles/pico_micro_ros.dir/home/victor/micro_ros_ws/src/pico-sdk/src/rp2_common/hardware_timer/timer.c.o
                0x1000137c                timer_hardware_alarm_claim
 .text.timer_time_us_64
                0x10001390       0x10 CMakeFiles/pico_micro_ros.dir/home/victor/micro_ros_ws/src/pico-sdk/src/rp2_common/hardware_timer/timer.c.o
                0x10001390                timer_time_us_64
 .text.time_us_64
                0x100013a0       0x14 CMakeFiles/pico_micro_ros.dir/home/victor/micro_ros_ws/src/pico-sdk/src/rp2_common/hardware_timer/timer.c.o
                0x100013a0                time_us_64
 .text.busy_wait_us
                0x100013b4       0x68 CMakeFiles/pico_micro_ros.dir/home/victor/micro_ros_ws/src/pico-sdk/src/rp2_common/hardware_timer/timer.c.o
                0x100013b4                busy_wait_us
 .text.busy_wait_until
                0x1000141c       0x20 CMakeFiles/pico_micro_ros.dir/home/victor/micro_ros_ws/src/pico-sdk/src/rp2_common/hardware_timer/timer.c.o
                0x1000141c                busy_wait_until
 .text.clock_configure_int_divider
                0x1000143c       0xf4 CMakeFiles/pico_micro_ros.dir/home/victor/micro_ros_ws/src/pico-sdk/src/rp2_common/hardware_clocks/clocks.c.o
                0x1000143c                clock_configure_int_divider
 .text.clock_configure_undivided
                0x10001530       0xe8 CMakeFiles/pico_micro_ros.dir/home/victor/micro_ros_ws/src/pico-sdk/src/rp2_common/hardware_clocks/clocks.c.o
                0x10001530                clock_configure_undivided
 .text.clock_get_hz
                0x10001618        0xc CMakeFiles/pico_micro_ros.dir/home/victor/micro_ros_ws/src/pico-sdk/src/rp2_common/hardware_clocks/clocks.c.o
                0x10001618                clock_get_hz
 .text.pll_init
                0x10001624       0xa4 CMakeFiles/pico_micro_ros.dir/home/victor/micro_ros_ws/src/pico-sdk/src/rp2_common/hardware_pll/pll.c.o
                0x10001624                pll_init
 .text.watchdog_reboot
                0x100016c8       0x9c CMakeFiles/pico_micro_ros.dir/home/victor/micro_ros_ws/src/pico-sdk/src/rp2_common/hardware_watchdog/watchdog.c.o
                0x100016c8                watchdog_reboot
 .text.tick_start
                0x10001764       0x10 CMakeFiles/pico_micro_ros.dir/home/victor/micro_ros_ws/src/pico-sdk/src/rp2_common/hardware_ticks/ticks.c.o
                0x10001764                tick_start
 .text.rom_func_lookup
                0x10001774       0x10 CMakeFiles/pico_micro_ros.dir/home/victor/micro_ros_ws/src/pico-sdk/src/rp2_common/pico_bootrom/bootrom.c.o
                0x10001774                rom_func_lookup
 .text.rom_data_lookup
                0x10001784       0x10 CMakeFiles/pico_micro_ros.dir/home/victor/micro_ros_ws/src/pico-sdk/src/rp2_common/pico_bootrom/bootrom.c.o
                0x10001784                rom_data_lookup
 .text.rom_funcs_lookup
                0x10001794       0x44 CMakeFiles/pico_micro_ros.dir/home/victor/micro_ros_ws/src/pico-sdk/src/rp2_common/pico_bootrom/bootrom.c.o
                0x10001794                rom_funcs_lookup
 .text.rom_reset_usb_boot_extra
                0x100017d8       0x28 CMakeFiles/pico_micro_ros.dir/home/victor/micro_ros_ws/src/pico-sdk/src/rp2_common/pico_bootrom/bootrom.c.o
                0x100017d8                rom_reset_usb_boot_extra
 .text.xosc_init
                0x10001800       0x28 CMakeFiles/pico_micro_ros.dir/home/victor/micro_ros_ws/src/pico-sdk/src/rp2_common/hardware_xosc/xosc.c.o
                0x10001800                xosc_init
 .text.first_per_core_initializer
                0x10001828        0x4 CMakeFiles/pico_micro_ros.dir/home/victor/micro_ros_ws/src/pico-sdk/src/rp2_common/pico_runtime/runtime.c.o
 .text.hard_assertion_failure
                0x1000182c        0xc CMakeFiles/pico_micro_ros.dir/home/victor/micro_ros_ws/src/pico-sdk/src/rp2_common/pico_runtime/runtime.c.o
                0x1000182c                hard_assertion_failure
 .text.runtime_run_initializers
                0x10001838       0x28 CMakeFiles/pico_micro_ros.dir/home/victor/micro_ros_ws/src/pico-sdk/src/rp2_common/pico_runtime/runtime.c.o
                0x10001838                runtime_run_initializers
 .text.runtime_init_early_resets
                0x10001860       0x2c CMakeFiles/pico_micro_ros.dir/home/victor/micro_ros_ws/src/pico-sdk/src/rp2_common/pico_runtime_init/runtime_init.c.o
                0x10001860                runtime_init_early_resets
 .text.runtime_init_usb_power_down
                0x1000188c       0x1c CMakeFiles/pico_micro_ros.dir/home/victor/micro_ros_ws/src/pico-sdk/src/rp2_common/pico_runtime_init/runtime_init.c.o
                0x1000188c                runtime_init_usb_power_down
 .text.runtime_init_post_clock_resets
                0x100018a8       0x20 CMakeFiles/pico_micro_ros.dir/home/victor/micro_ros_ws/src/pico-sdk/src/rp2_common/pico_runtime_init/runtime_init.c.o
                0x100018a8                runtime_init_post_clock_resets
 .text.runtime_init_rp2040_gpio_ie_disable
                0x100018c8       0x14 CMakeFiles/pico_micro_ros.dir/home/victor/micro_ros_ws/src/pico-sdk/src/rp2_common/pico_runtime_init/runtime_init.c.o
                0x100018c8                runtime_init_rp2040_gpio_ie_disable
 .text.runtime_init_spin_locks_reset
                0x100018dc        0x8 CMakeFiles/pico_micro_ros.dir/home/victor/micro_ros_ws/src/pico-sdk/src/rp2_common/pico_runtime_init/runtime_init.c.o
                0x100018dc                runtime_init_spin_locks_reset
 .text.runtime_init_install_ram_vector_table
                0x100018e4       0xb4 CMakeFiles/pico_micro_ros.dir/home/victor/micro_ros_ws/src/pico-sdk/src/rp2_common/pico_runtime_init/runtime_init.c.o
                0x100018e4                runtime_init_install_ram_vector_table
 .text.runtime_init_clocks
                0x10001998       0xd8 CMakeFiles/pico_micro_ros.dir/home/victor/micro_ros_ws/src/pico-sdk/src/rp2_common/pico_runtime_init/runtime_init_clocks.c.o
                0x10001998                runtime_init_clocks
 .text          0x10001a70       0x10 CMakeFiles/pico_micro_ros.dir/home/victor/micro_ros_ws/src/pico-sdk/src/rp2_common/pico_bit_ops/bit_ops_aeabi.S.o
 .text.__wrap___aeabi_idiv
                0x10001a80       0x50 CMakeFiles/pico_micro_ros.dir/home/victor/micro_ros_ws/src/pico-sdk/src/rp2_common/pico_divider/divider_hardware.S.o
                0x10001a80                __wrap___aeabi_idivmod
                0x10001a80                divmod_s32s32
                0x10001a80                div_s32s32
                0x10001a80                __wrap___aeabi_idiv
                0x10001a88                divmod_s32s32_unsafe
                0x10001ab4                divmod_s32s32_savestate
 .text.__wrap___aeabi_uidiv
                0x10001ad0       0x4c CMakeFiles/pico_micro_ros.dir/home/victor/micro_ros_ws/src/pico-sdk/src/rp2_common/pico_divider/divider_hardware.S.o
                0x10001ad0                __wrap___aeabi_uidiv
                0x10001ad0                __wrap___aeabi_uidivmod
                0x10001ad0                div_u32u32
                0x10001ad0                divmod_u32u32
                0x10001ad8                divmod_u32u32_unsafe
                0x10001b00                divmod_u32u32_savestate
 .text.__wrap___aeabi_ldiv
                0x10001b1c      0x424 CMakeFiles/pico_micro_ros.dir/home/victor/micro_ros_ws/src/pico-sdk/src/rp2_common/pico_divider/divider_hardware.S.o
                0x10001b1c                div_s64s64
                0x10001b1c                divmod_s64s64
                0x10001b1c                __wrap___aeabi_ldivmod
                0x10001b4c                div_u64u64
                0x10001b4c                divmod_u64u64
                0x10001b4c                __wrap___aeabi_uldivmod
                0x10001b5c                divmod_u64u64_savestate
                0x10001b7c                divmod_s64s64_unsafe
                0x10001c04                divmod_u64u64_unsafe
 .text.__wrap___aeabi_darithmetic
                0x10001f40       0x80 CMakeFiles/pico_micro_ros.dir/home/victor/micro_ros_ws/src/pico-sdk/src/rp2_common/pico_double/double_aeabi_rp2040.S.o
                0x10001f40                __wrap___aeabi_drsub
                0x10001f46                __wrap___aeabi_dsub
                0x10001f58                __wrap___aeabi_dadd
                0x10001f6a                __wrap___aeabi_ddiv
                0x10001fa6                __wrap___aeabi_dmul
 .text.__wrap___aeabi_cdcmple
                0x10001fc0       0x6c CMakeFiles/pico_micro_ros.dir/home/victor/micro_ros_ws/src/pico-sdk/src/rp2_common/pico_double/double_aeabi_rp2040.S.o
                0x10001fc0                __wrap___aeabi_cdrcmple
                0x10001fd0                __wrap___aeabi_cdcmple
                0x10001fd0                __wrap___aeabi_cdcmpeq
 .text.__wrap___aeabi_dcmplt
                0x1000202c        0xc CMakeFiles/pico_micro_ros.dir/home/victor/micro_ros_ws/src/pico-sdk/src/rp2_common/pico_double/double_aeabi_rp2040.S.o
                0x1000202c                __wrap___aeabi_dcmplt
 .text.__wrap___aeabi_dcmpge
                0x10002038       0x10 CMakeFiles/pico_micro_ros.dir/home/victor/micro_ros_ws/src/pico-sdk/src/rp2_common/pico_double/double_aeabi_rp2040.S.o
                0x10002038                __wrap___aeabi_dcmpge
 .text.__wrap___aeabi_dcmpgt
                0x10002048        0xa CMakeFiles/pico_micro_ros.dir/home/victor/micro_ros_ws/src/pico-sdk/src/rp2_common/pico_double/double_aeabi_rp2040.S.o
                0x10002048                __wrap___aeabi_dcmpgt
 .text.__wrap___aeabi_dcmpun
                0x10002052       0x18 CMakeFiles/pico_micro_ros.dir/home/victor/micro_ros_ws/src/pico-sdk/src/rp2_common/pico_double/double_aeabi_rp2040.S.o
                0x10002052                __wrap___aeabi_dcmpun
 *fill*         0x1000206a        0x2 
 .text.__wrap___aeabi_i2d
                0x1000206c       0x38 CMakeFiles/pico_micro_ros.dir/home/victor/micro_ros_ws/src/pico-sdk/src/rp2_common/pico_double/double_aeabi_rp2040.S.o
                0x1000206c                __wrap___aeabi_ui2d
                0x1000206c                uint2double
                0x10002074                __wrap___aeabi_i2d
                0x10002074                int2double
 .text.__wrap___aeabi_d2iz
                0x100020a4       0x48 CMakeFiles/pico_micro_ros.dir/home/victor/micro_ros_ws/src/pico-sdk/src/rp2_common/pico_double/double_aeabi_rp2040.S.o
                0x100020a4                __wrap___aeabi_d2iz
                0x100020a4                double2int_z
 .text.__wrap___aeabi_d2uiz
                0x100020ec       0x18 CMakeFiles/pico_micro_ros.dir/home/victor/micro_ros_ws/src/pico-sdk/src/rp2_common/pico_double/double_aeabi_rp2040.S.o
                0x100020ec                double2uint_z
                0x100020ec                double2uint
                0x100020ec                __wrap___aeabi_d2uiz
 .text.__aeabi_double_init
                0x10002104       0xa4 CMakeFiles/pico_micro_ros.dir/home/victor/micro_ros_ws/src/pico-sdk/src/rp2_common/pico_double/double_init_rom_rp2040.c.o
                0x10002104                __aeabi_double_init
 .text.double_table_shim_on_use_helper
                0x100021a8       0x2c CMakeFiles/pico_micro_ros.dir/home/victor/micro_ros_ws/src/pico-sdk/src/rp2_common/pico_double/double_v1_rom_shim_rp2040.S.o
                0x100021a8                double_table_shim_on_use_helper
 .text.__wrap___aeabi_dsub
                0x100021d4       0x10 CMakeFiles/pico_micro_ros.dir/home/victor/micro_ros_ws/src/pico-sdk/src/rp2_common/pico_double/double_v1_rom_shim_rp2040.S.o
                0x100021d4                drsub_shim
                0x100021da                dsub_shim
 .text.dadd_shim
                0x100021e4      0x15c CMakeFiles/pico_micro_ros.dir/home/victor/micro_ros_ws/src/pico-sdk/src/rp2_common/pico_double/double_v1_rom_shim_rp2040.S.o
                0x100021e4                dadd_shim
 .text.dmul_shim
                0x10002340      0x15c CMakeFiles/pico_micro_ros.dir/home/victor/micro_ros_ws/src/pico-sdk/src/rp2_common/pico_double/double_v1_rom_shim_rp2040.S.o
                0x10002340                dmul_shim
 .text.ddiv_shim
                0x1000249c      0x1b0 CMakeFiles/pico_micro_ros.dir/home/victor/micro_ros_ws/src/pico-sdk/src/rp2_common/pico_double/double_v1_rom_shim_rp2040.S.o
                0x1000249c                ddiv_shim
 .text.double2uint_shim
                0x1000264c        0xe CMakeFiles/pico_micro_ros.dir/home/victor/micro_ros_ws/src/pico-sdk/src/rp2_common/pico_double/double_v1_rom_shim_rp2040.S.o
                0x1000264c                double2uint_shim
                0x1000264e                double2ufix_shim
 *fill*         0x1000265a        0x2 
 .text.double2uint64_shim
                0x1000265c       0x70 CMakeFiles/pico_micro_ros.dir/home/victor/micro_ros_ws/src/pico-sdk/src/rp2_common/pico_double/double_v1_rom_shim_rp2040.S.o
                0x1000265c                double2uint64_shim
                0x1000265e                double2ufix64_shim
                0x1000267e                d2fix_a
 .text.dunpacks
                0x100026cc       0x3c CMakeFiles/pico_micro_ros.dir/home/victor/micro_ros_ws/src/pico-sdk/src/rp2_common/pico_double/double_v1_rom_shim_rp2040.S.o
                0x100026cc                dunpacks
 .text.__aeabi_lmul
                0x10002708       0x32 CMakeFiles/pico_micro_ros.dir/home/victor/micro_ros_ws/src/pico-sdk/src/rp2_common/pico_int64_ops/pico_int64_ops_aeabi.S.o
                0x10002708                __wrap___aeabi_lmul
 *fill*         0x1000273a        0x2 
 .text.__wrap___aeabi_farithmetic
                0x1000273c       0x48 CMakeFiles/pico_micro_ros.dir/home/victor/micro_ros_ws/src/pico-sdk/src/rp2_common/pico_float/float_aeabi_rp2040.S.o
                0x1000273c                __wrap___aeabi_frsub
                0x10002742                __wrap___aeabi_fsub
                0x10002748                __wrap___aeabi_fadd
                0x1000274e                __wrap___aeabi_fdiv
                0x10002776                __wrap___aeabi_fmul
 .text.__wrap___aeabi_ui2f
                0x10002784        0xa CMakeFiles/pico_micro_ros.dir/home/victor/micro_ros_ws/src/pico-sdk/src/rp2_common/pico_float/float_aeabi_rp2040.S.o
                0x10002784                uint2float
                0x10002784                __wrap___aeabi_ui2f
 *fill*         0x1000278e        0x2 
 .text.__wrap___aeabi_i2f
                0x10002790       0x44 CMakeFiles/pico_micro_ros.dir/home/victor/micro_ros_ws/src/pico-sdk/src/rp2_common/pico_float/float_aeabi_rp2040.S.o
                0x10002790                int2float
                0x10002790                __wrap___aeabi_i2f
 .text.__wrap___aeabi_f2iz
                0x100027d4       0x4e CMakeFiles/pico_micro_ros.dir/home/victor/micro_ros_ws/src/pico-sdk/src/rp2_common/pico_float/float_aeabi_rp2040.S.o
                0x100027d4                __wrap___aeabi_f2iz
                0x100027d4                float2int_z
 *fill*         0x10002822        0x2 
 .text.float2int
                0x10002824       0x14 CMakeFiles/pico_micro_ros.dir/home/victor/micro_ros_ws/src/pico-sdk/src/rp2_common/pico_float/float_aeabi_rp2040.S.o
                0x10002824                float2int
 .text.__wrap___aeabi_f2uiz
                0x10002838        0xc CMakeFiles/pico_micro_ros.dir/home/victor/micro_ros_ws/src/pico-sdk/src/rp2_common/pico_float/float_aeabi_rp2040.S.o
                0x10002838                float2uint
                0x10002838                float2uint_z
                0x10002838                __wrap___aeabi_f2uiz
 .text.__aeabi_float_init
                0x10002844       0x64 CMakeFiles/pico_micro_ros.dir/home/victor/micro_ros_ws/src/pico-sdk/src/rp2_common/pico_float/float_init_rom_rp2040.c.o
                0x10002844                __aeabi_float_init
 .text.float_table_shim_on_use_helper
                0x100028a8       0x2c CMakeFiles/pico_micro_ros.dir/home/victor/micro_ros_ws/src/pico-sdk/src/rp2_common/pico_float/float_v1_rom_shim_rp2040.S.o
                0x100028a8                float_table_shim_on_use_helper
 .text.float232_shims
                0x100028d4       0x18 CMakeFiles/pico_micro_ros.dir/home/victor/micro_ros_ws/src/pico-sdk/src/rp2_common/pico_float/float_v1_rom_shim_rp2040.S.o
                0x100028d4                float2int_shim
                0x100028d6                float2fix_shim
 .text.__wrap_malloc
                0x100028ec       0x24 CMakeFiles/pico_micro_ros.dir/home/victor/micro_ros_ws/src/pico-sdk/src/rp2_common/pico_malloc/malloc.c.o
                0x100028ec                __wrap_malloc
 .text.__wrap_calloc
                0x10002910       0x28 CMakeFiles/pico_micro_ros.dir/home/victor/micro_ros_ws/src/pico-sdk/src/rp2_common/pico_malloc/malloc.c.o
                0x10002910                __wrap_calloc
 .text.__wrap_realloc
                0x10002938       0x24 CMakeFiles/pico_micro_ros.dir/home/victor/micro_ros_ws/src/pico-sdk/src/rp2_common/pico_malloc/malloc.c.o
                0x10002938                __wrap_realloc
 .text.__wrap_free
                0x1000295c        0x8 CMakeFiles/pico_micro_ros.dir/home/victor/micro_ros_ws/src/pico-sdk/src/rp2_common/pico_malloc/malloc.c.o
                0x1000295c                __wrap_free
 .text          0x10002964       0x10 CMakeFiles/pico_micro_ros.dir/home/victor/micro_ros_ws/src/pico-sdk/src/rp2_common/pico_mem_ops/mem_ops_aeabi.S.o
                0x10002964                __aeabi_mem_init
 .text.memset   0x10002974        0xc CMakeFiles/pico_micro_ros.dir/home/victor/micro_ros_ws/src/pico-sdk/src/rp2_common/pico_mem_ops/mem_ops_aeabi.S.o
                0x10002974                __wrap_memset
 .text.memcpy   0x10002980        0xc CMakeFiles/pico_micro_ros.dir/home/victor/micro_ros_ws/src/pico-sdk/src/rp2_common/pico_mem_ops/mem_ops_aeabi.S.o
                0x10002980                __wrap___aeabi_memcpy
                0x10002980                __wrap_memcpy
 .text.__atomic_load_8
                0x1000298c       0x28 CMakeFiles/pico_micro_ros.dir/home/victor/micro_ros_ws/src/pico-sdk/src/rp2_common/pico_atomic/atomic.c.o
                0x1000298c                __atomic_load_8
 .text.__atomic_store_8
                0x100029b4       0x30 CMakeFiles/pico_micro_ros.dir/home/victor/micro_ros_ws/src/pico-sdk/src/rp2_common/pico_atomic/atomic.c.o
                0x100029b4                __atomic_store_8
 .text.__atomic_exchange_8
                0x100029e4       0x38 CMakeFiles/pico_micro_ros.dir/home/victor/micro_ros_ws/src/pico-sdk/src/rp2_common/pico_atomic/atomic.c.o
                0x100029e4                __atomic_exchange_8
 .text._out_buffer
                0x10002a1c        0x8 CMakeFiles/pico_micro_ros.dir/home/victor/micro_ros_ws/src/pico-sdk/src/rp2_common/pico_printf/printf.c.o
 .text._out_null
                0x10002a24        0x4 CMakeFiles/pico_micro_ros.dir/home/victor/micro_ros_ws/src/pico-sdk/src/rp2_common/pico_printf/printf.c.o
 .text._out_rev
                0x10002a28       0xac CMakeFiles/pico_micro_ros.dir/home/victor/micro_ros_ws/src/pico-sdk/src/rp2_common/pico_printf/printf.c.o
 .text._ntoa_format
                0x10002ad4      0x250 CMakeFiles/pico_micro_ros.dir/home/victor/micro_ros_ws/src/pico-sdk/src/rp2_common/pico_printf/printf.c.o
 .text._out_char
                0x10002d24       0x10 CMakeFiles/pico_micro_ros.dir/home/victor/micro_ros_ws/src/pico-sdk/src/rp2_common/pico_printf/printf.c.o
 .text._etoa    0x10002d34      0x464 CMakeFiles/pico_micro_ros.dir/home/victor/micro_ros_ws/src/pico-sdk/src/rp2_common/pico_printf/printf.c.o
 .text._ftoa    0x10003198      0x3c0 CMakeFiles/pico_micro_ros.dir/home/victor/micro_ros_ws/src/pico-sdk/src/rp2_common/pico_printf/printf.c.o
 .text._vsnprintf
                0x10003558      0xbc8 CMakeFiles/pico_micro_ros.dir/home/victor/micro_ros_ws/src/pico-sdk/src/rp2_common/pico_printf/printf.c.o
 .text.__wrap_snprintf
                0x10004120       0x28 CMakeFiles/pico_micro_ros.dir/home/victor/micro_ros_ws/src/pico-sdk/src/rp2_common/pico_printf/printf.c.o
                0x10004120                __wrap_snprintf
 .text.__wrap_vsnprintf
                0x10004148       0x1c CMakeFiles/pico_micro_ros.dir/home/victor/micro_ros_ws/src/pico-sdk/src/rp2_common/pico_printf/printf.c.o
                0x10004148                __wrap_vsnprintf
 .text.weak_raw_vprintf
                0x10004164       0x30 CMakeFiles/pico_micro_ros.dir/home/victor/micro_ros_ws/src/pico-sdk/src/rp2_common/pico_printf/printf.c.o
                0x10004164                weak_raw_vprintf
 .text._exit    0x10004194        0x4 CMakeFiles/pico_micro_ros.dir/home/victor/micro_ros_ws/src/pico-sdk/src/rp2_common/pico_clib_interface/newlib_interface.c.o
                0x10004194                _exit
 .text._sbrk    0x10004198       0x34 CMakeFiles/pico_micro_ros.dir/home/victor/micro_ros_ws/src/pico-sdk/src/rp2_common/pico_clib_interface/newlib_interface.c.o
                0x10004198                _sbrk
 .text.exit     0x100041cc        0x8 CMakeFiles/pico_micro_ros.dir/home/victor/micro_ros_ws/src/pico-sdk/src/rp2_common/pico_clib_interface/newlib_interface.c.o
                0x100041cc                exit
 .text.runtime_init
                0x100041d4       0x2c CMakeFiles/pico_micro_ros.dir/home/victor/micro_ros_ws/src/pico-sdk/src/rp2_common/pico_clib_interface/newlib_interface.c.o
                0x100041d4                runtime_init
 .text.stdio_out_chars_no_crlf
                0x10004200       0x10 CMakeFiles/pico_micro_ros.dir/home/victor/micro_ros_ws/src/pico-sdk/src/rp2_common/pico_stdio/stdio.c.o
 .text.stdio_out_chars_crlf
                0x10004210       0x10 CMakeFiles/pico_micro_ros.dir/home/victor/micro_ros_ws/src/pico-sdk/src/rp2_common/pico_stdio/stdio.c.o
 .text.stdio_put_string
                0x10004220      0x100 CMakeFiles/pico_micro_ros.dir/home/victor/micro_ros_ws/src/pico-sdk/src/rp2_common/pico_stdio/stdio.c.o
                0x10004220                stdio_put_string
 .text.stdio_set_driver_enabled
                0x10004320       0x30 CMakeFiles/pico_micro_ros.dir/home/victor/micro_ros_ws/src/pico-sdk/src/rp2_common/pico_stdio/stdio.c.o
                0x10004320                stdio_set_driver_enabled
 .text.stdio_init_all
                0x10004350        0x8 CMakeFiles/pico_micro_ros.dir/home/victor/micro_ros_ws/src/pico-sdk/src/rp2_common/pico_stdio/stdio.c.o
                0x10004350                stdio_init_all
 .text.stdio_getchar_timeout_us
                0x10004358       0x98 CMakeFiles/pico_micro_ros.dir/home/victor/micro_ros_ws/src/pico-sdk/src/rp2_common/pico_stdio/stdio.c.o
                0x10004358                stdio_getchar_timeout_us
 .text.__wrap_putchar
                0x100043f0       0x98 CMakeFiles/pico_micro_ros.dir/home/victor/micro_ros_ws/src/pico-sdk/src/rp2_common/pico_stdio/stdio.c.o
                0x100043f0                stdio_putchar
                0x100043f0                __wrap_putchar
 .text.__wrap_puts
                0x10004488       0x3c CMakeFiles/pico_micro_ros.dir/home/victor/micro_ros_ws/src/pico-sdk/src/rp2_common/pico_stdio/stdio.c.o
                0x10004488                __wrap_puts
                0x10004488                stdio_puts
 .text.resetd_init
                0x100044c4        0x4 CMakeFiles/pico_micro_ros.dir/home/victor/micro_ros_ws/src/pico-sdk/src/rp2_common/pico_stdio_usb/reset_interface.c.o
 .text.resetd_reset
                0x100044c8        0xc CMakeFiles/pico_micro_ros.dir/home/victor/micro_ros_ws/src/pico-sdk/src/rp2_common/pico_stdio_usb/reset_interface.c.o
 .text.resetd_open
                0x100044d4       0x28 CMakeFiles/pico_micro_ros.dir/home/victor/micro_ros_ws/src/pico-sdk/src/rp2_common/pico_stdio_usb/reset_interface.c.o
 .text.resetd_xfer_cb
                0x100044fc        0x4 CMakeFiles/pico_micro_ros.dir/home/victor/micro_ros_ws/src/pico-sdk/src/rp2_common/pico_stdio_usb/reset_interface.c.o
 .text.resetd_control_xfer_cb
                0x10004500       0x5c CMakeFiles/pico_micro_ros.dir/home/victor/micro_ros_ws/src/pico-sdk/src/rp2_common/pico_stdio_usb/reset_interface.c.o
 .text.tud_descriptor_bos_cb
                0x1000455c        0x8 CMakeFiles/pico_micro_ros.dir/home/victor/micro_ros_ws/src/pico-sdk/src/rp2_common/pico_stdio_usb/reset_interface.c.o
                0x1000455c                tud_descriptor_bos_cb
 .text.tud_vendor_control_xfer_cb
                0x10004564       0x34 CMakeFiles/pico_micro_ros.dir/home/victor/micro_ros_ws/src/pico-sdk/src/rp2_common/pico_stdio_usb/reset_interface.c.o
                0x10004564                tud_vendor_control_xfer_cb
 .text.usbd_app_driver_get_cb
                0x10004598        0xc CMakeFiles/pico_micro_ros.dir/home/victor/micro_ros_ws/src/pico-sdk/src/rp2_common/pico_stdio_usb/reset_interface.c.o
                0x10004598                usbd_app_driver_get_cb
 .text.tud_cdc_line_coding_cb
                0x100045a4       0x2c CMakeFiles/pico_micro_ros.dir/home/victor/micro_ros_ws/src/pico-sdk/src/rp2_common/pico_stdio_usb/reset_interface.c.o
                0x100045a4                tud_cdc_line_coding_cb
 .text.stdio_usb_set_chars_available_callback
                0x100045d0       0x14 CMakeFiles/pico_micro_ros.dir/home/victor/micro_ros_ws/src/pico-sdk/src/rp2_common/pico_stdio_usb/stdio_usb.c.o
                0x100045d0                stdio_usb_set_chars_available_callback
 .text.usb_irq  0x100045e4       0x10 CMakeFiles/pico_micro_ros.dir/home/victor/micro_ros_ws/src/pico-sdk/src/rp2_common/pico_stdio_usb/stdio_usb.c.o
 .text.timer_task
                0x100045f4       0x64 CMakeFiles/pico_micro_ros.dir/home/victor/micro_ros_ws/src/pico-sdk/src/rp2_common/pico_stdio_usb/stdio_usb.c.o
 .text.stdio_usb_out_flush
                0x10004658       0x50 CMakeFiles/pico_micro_ros.dir/home/victor/micro_ros_ws/src/pico-sdk/src/rp2_common/pico_stdio_usb/stdio_usb.c.o
 .text.low_priority_worker_irq
                0x100046a8       0xcc CMakeFiles/pico_micro_ros.dir/home/victor/micro_ros_ws/src/pico-sdk/src/rp2_common/pico_stdio_usb/stdio_usb.c.o
 .text.stdio_usb_in_chars
                0x10004774       0x98 CMakeFiles/pico_micro_ros.dir/home/victor/micro_ros_ws/src/pico-sdk/src/rp2_common/pico_stdio_usb/stdio_usb.c.o
                0x10004774                stdio_usb_in_chars
 .text.stdio_usb_out_chars
                0x1000480c      0x108 CMakeFiles/pico_micro_ros.dir/home/victor/micro_ros_ws/src/pico-sdk/src/rp2_common/pico_stdio_usb/stdio_usb.c.o
 .text.stdio_usb_init
                0x10004914       0xec CMakeFiles/pico_micro_ros.dir/home/victor/micro_ros_ws/src/pico-sdk/src/rp2_common/pico_stdio_usb/stdio_usb.c.o
                0x10004914                stdio_usb_init
 .text.tud_descriptor_device_cb
                0x10004a00        0x8 CMakeFiles/pico_micro_ros.dir/home/victor/micro_ros_ws/src/pico-sdk/src/rp2_common/pico_stdio_usb/stdio_usb_descriptors.c.o
                0x10004a00                tud_descriptor_device_cb
 .text.tud_descriptor_configuration_cb
                0x10004a08        0x8 CMakeFiles/pico_micro_ros.dir/home/victor/micro_ros_ws/src/pico-sdk/src/rp2_common/pico_stdio_usb/stdio_usb_descriptors.c.o
                0x10004a08                tud_descriptor_configuration_cb
 .text.tud_descriptor_string_cb
                0x10004a10       0x78 CMakeFiles/pico_micro_ros.dir/home/victor/micro_ros_ws/src/pico-sdk/src/rp2_common/pico_stdio_usb/stdio_usb_descriptors.c.o
                0x10004a10                tud_descriptor_string_cb
 .text.startup._retrieve_unique_id_on_boot
                0x10004a88       0x10 CMakeFiles/pico_micro_ros.dir/home/victor/micro_ros_ws/src/pico-sdk/src/rp2_common/pico_unique_id/unique_id.c.o
 .text.pico_get_unique_board_id_string
                0x10004a98      0x1a8 CMakeFiles/pico_micro_ros.dir/home/victor/micro_ros_ws/src/pico-sdk/src/rp2_common/pico_unique_id/unique_id.c.o
                0x10004a98                pico_get_unique_board_id_string
 .text.flash_get_unique_id
                0x10004c40       0x3c CMakeFiles/pico_micro_ros.dir/home/victor/micro_ros_ws/src/pico-sdk/src/rp2_common/hardware_flash/flash.c.o
                0x10004c40                flash_get_unique_id
 .text.dcd_init
                0x10004c7c       0x90 CMakeFiles/pico_micro_ros.dir/home/victor/micro_ros_ws/src/pico-sdk/lib/tinyusb/src/portable/raspberrypi/rp2040/dcd_rp2040.c.o
                0x10004c7c                dcd_init
 .text.dcd_int_enable
                0x10004d0c        0xc CMakeFiles/pico_micro_ros.dir/home/victor/micro_ros_ws/src/pico-sdk/lib/tinyusb/src/portable/raspberrypi/rp2040/dcd_rp2040.c.o
                0x10004d0c                dcd_int_enable
 .text.dcd_set_address
                0x10004d18       0x14 CMakeFiles/pico_micro_ros.dir/home/victor/micro_ros_ws/src/pico-sdk/lib/tinyusb/src/portable/raspberrypi/rp2040/dcd_rp2040.c.o
                0x10004d18                dcd_set_address
 .text.dcd_sof_enable
                0x10004d2c       0x1c CMakeFiles/pico_micro_ros.dir/home/victor/micro_ros_ws/src/pico-sdk/lib/tinyusb/src/portable/raspberrypi/rp2040/dcd_rp2040.c.o
                0x10004d2c                dcd_sof_enable
 .text.dcd_edpt0_status_complete
                0x10004d48       0x1c CMakeFiles/pico_micro_ros.dir/home/victor/micro_ros_ws/src/pico-sdk/lib/tinyusb/src/portable/raspberrypi/rp2040/dcd_rp2040.c.o
                0x10004d48                dcd_edpt0_status_complete
 .text.dcd_edpt_open
                0x10004d64      0x114 CMakeFiles/pico_micro_ros.dir/home/victor/micro_ros_ws/src/pico-sdk/lib/tinyusb/src/portable/raspberrypi/rp2040/dcd_rp2040.c.o
                0x10004d64                dcd_edpt_open
 .text.dcd_edpt_close_all
                0x10004e78        0x8 CMakeFiles/pico_micro_ros.dir/home/victor/micro_ros_ws/src/pico-sdk/lib/tinyusb/src/portable/raspberrypi/rp2040/dcd_rp2040.c.o
                0x10004e78                dcd_edpt_close_all
 .text.dcd_edpt_xfer
                0x10004e80       0x24 CMakeFiles/pico_micro_ros.dir/home/victor/micro_ros_ws/src/pico-sdk/lib/tinyusb/src/portable/raspberrypi/rp2040/dcd_rp2040.c.o
                0x10004e80                dcd_edpt_xfer
 .text.dcd_edpt_stall
                0x10004ea4       0x34 CMakeFiles/pico_micro_ros.dir/home/victor/micro_ros_ws/src/pico-sdk/lib/tinyusb/src/portable/raspberrypi/rp2040/dcd_rp2040.c.o
                0x10004ea4                dcd_edpt_stall
 .text.dcd_edpt_clear_stall
                0x10004ed8       0x30 CMakeFiles/pico_micro_ros.dir/home/victor/micro_ros_ws/src/pico-sdk/lib/tinyusb/src/portable/raspberrypi/rp2040/dcd_rp2040.c.o
                0x10004ed8                dcd_edpt_clear_stall
 .text.rp2040_usb_init
                0x10004f08       0x40 CMakeFiles/pico_micro_ros.dir/home/victor/micro_ros_ws/src/pico-sdk/lib/tinyusb/src/portable/raspberrypi/rp2040/rp2040_usb.c.o
                0x10004f08                rp2040_usb_init
 .text.hw_endpoint_xfer_start
                0x10004f48       0x40 CMakeFiles/pico_micro_ros.dir/home/victor/micro_ros_ws/src/pico-sdk/lib/tinyusb/src/portable/raspberrypi/rp2040/rp2040_usb.c.o
                0x10004f48                hw_endpoint_xfer_start
 .text.tud_event_hook_cb
                0x10004f88        0x4 CMakeFiles/pico_micro_ros.dir/home/victor/micro_ros_ws/src/pico-sdk/lib/tinyusb/src/device/usbd.c.o
                0x10004f88                tud_event_hook_cb
 .text.tud_sof_cb
                0x10004f8c        0x4 CMakeFiles/pico_micro_ros.dir/home/victor/micro_ros_ws/src/pico-sdk/lib/tinyusb/src/device/usbd.c.o
                0x10004f8c                tud_sof_cb
 .text.tud_descriptor_device_qualifier_cb
                0x10004f90        0x4 CMakeFiles/pico_micro_ros.dir/home/victor/micro_ros_ws/src/pico-sdk/lib/tinyusb/src/device/usbd.c.o
                0x10004f90                tud_descriptor_device_qualifier_cb
 .text.tud_descriptor_other_speed_configuration_cb
                0x10004f94        0x4 CMakeFiles/pico_micro_ros.dir/home/victor/micro_ros_ws/src/pico-sdk/lib/tinyusb/src/device/usbd.c.o
                0x10004f94                tud_descriptor_other_speed_configuration_cb
 .text.tud_mount_cb
                0x10004f98        0x4 CMakeFiles/pico_micro_ros.dir/home/victor/micro_ros_ws/src/pico-sdk/lib/tinyusb/src/device/usbd.c.o
                0x10004f98                tud_mount_cb
 .text.tud_umount_cb
                0x10004f9c        0x4 CMakeFiles/pico_micro_ros.dir/home/victor/micro_ros_ws/src/pico-sdk/lib/tinyusb/src/device/usbd.c.o
                0x10004f9c                tud_umount_cb
 .text.tud_suspend_cb
                0x10004fa0        0x4 CMakeFiles/pico_micro_ros.dir/home/victor/micro_ros_ws/src/pico-sdk/lib/tinyusb/src/device/usbd.c.o
                0x10004fa0                tud_suspend_cb
 .text.tud_resume_cb
                0x10004fa4        0x4 CMakeFiles/pico_micro_ros.dir/home/victor/micro_ros_ws/src/pico-sdk/lib/tinyusb/src/device/usbd.c.o
                0x10004fa4                tud_resume_cb
 .text.tud_mounted
                0x10004fa8       0x10 CMakeFiles/pico_micro_ros.dir/home/victor/micro_ros_ws/src/pico-sdk/lib/tinyusb/src/device/usbd.c.o
                0x10004fa8                tud_mounted
 .text.tud_suspended
                0x10004fb8       0x10 CMakeFiles/pico_micro_ros.dir/home/victor/micro_ros_ws/src/pico-sdk/lib/tinyusb/src/device/usbd.c.o
                0x10004fb8                tud_suspended
 .text.tud_rhport_init
                0x10004fc8       0xfc CMakeFiles/pico_micro_ros.dir/home/victor/micro_ros_ws/src/pico-sdk/lib/tinyusb/src/device/usbd.c.o
                0x10004fc8                tud_rhport_init
 .text.tud_task_ext
                0x100050c4      0x800 CMakeFiles/pico_micro_ros.dir/home/victor/micro_ros_ws/src/pico-sdk/lib/tinyusb/src/device/usbd.c.o
                0x100050c4                tud_task_ext
 .text.usbd_open_edpt_pair
                0x100058c4       0x9c CMakeFiles/pico_micro_ros.dir/home/victor/micro_ros_ws/src/pico-sdk/lib/tinyusb/src/device/usbd.c.o
                0x100058c4                usbd_open_edpt_pair
 .text.usbd_edpt_open
                0x10005960       0x34 CMakeFiles/pico_micro_ros.dir/home/victor/micro_ros_ws/src/pico-sdk/lib/tinyusb/src/device/usbd.c.o
                0x10005960                usbd_edpt_open
 .text.usbd_edpt_claim
                0x10005994       0x28 CMakeFiles/pico_micro_ros.dir/home/victor/micro_ros_ws/src/pico-sdk/lib/tinyusb/src/device/usbd.c.o
                0x10005994                usbd_edpt_claim
 .text.usbd_edpt_release
                0x100059bc       0x28 CMakeFiles/pico_micro_ros.dir/home/victor/micro_ros_ws/src/pico-sdk/lib/tinyusb/src/device/usbd.c.o
                0x100059bc                usbd_edpt_release
 .text.usbd_edpt_xfer
                0x100059e4       0x4c CMakeFiles/pico_micro_ros.dir/home/victor/micro_ros_ws/src/pico-sdk/lib/tinyusb/src/device/usbd.c.o
                0x100059e4                usbd_edpt_xfer
 .text.tud_control_status
                0x10005a30       0x2c CMakeFiles/pico_micro_ros.dir/home/victor/micro_ros_ws/src/pico-sdk/lib/tinyusb/src/device/usbd_control.c.o
                0x10005a30                tud_control_status
 .text.tud_control_xfer
                0x10005a5c       0xac CMakeFiles/pico_micro_ros.dir/home/victor/micro_ros_ws/src/pico-sdk/lib/tinyusb/src/device/usbd_control.c.o
                0x10005a5c                tud_control_xfer
 .text.usbd_control_reset
                0x10005b08       0x14 CMakeFiles/pico_micro_ros.dir/home/victor/micro_ros_ws/src/pico-sdk/lib/tinyusb/src/device/usbd_control.c.o
                0x10005b08                usbd_control_reset
 .text.usbd_control_set_complete_callback
                0x10005b1c        0xc CMakeFiles/pico_micro_ros.dir/home/victor/micro_ros_ws/src/pico-sdk/lib/tinyusb/src/device/usbd_control.c.o
                0x10005b1c                usbd_control_set_complete_callback
 .text.usbd_control_set_request
                0x10005b28       0x1c CMakeFiles/pico_micro_ros.dir/home/victor/micro_ros_ws/src/pico-sdk/lib/tinyusb/src/device/usbd_control.c.o
                0x10005b28                usbd_control_set_request
 .text.usbd_control_xfer_cb
                0x10005b44       0xec CMakeFiles/pico_micro_ros.dir/home/victor/micro_ros_ws/src/pico-sdk/lib/tinyusb/src/device/usbd_control.c.o
                0x10005b44                usbd_control_xfer_cb
 .text._prep_out_transaction.isra.0
                0x10005c30       0x6c CMakeFiles/pico_micro_ros.dir/home/victor/micro_ros_ws/src/pico-sdk/lib/tinyusb/src/class/cdc/cdc_device.c.o
 .text.tud_cdc_n_available
                0x10005c9c       0x14 CMakeFiles/pico_micro_ros.dir/home/victor/micro_ros_ws/src/pico-sdk/lib/tinyusb/src/class/cdc/cdc_device.c.o
                0x10005c9c                tud_cdc_n_available
 .text.tud_cdc_n_read
                0x10005cb0       0x94 CMakeFiles/pico_micro_ros.dir/home/victor/micro_ros_ws/src/pico-sdk/lib/tinyusb/src/class/cdc/cdc_device.c.o
                0x10005cb0                tud_cdc_n_read
 .text.tud_cdc_n_write_flush
                0x10005d44       0x74 CMakeFiles/pico_micro_ros.dir/home/victor/micro_ros_ws/src/pico-sdk/lib/tinyusb/src/class/cdc/cdc_device.c.o
                0x10005d44                tud_cdc_n_write_flush
 .text.tud_cdc_n_write
                0x10005db8       0x40 CMakeFiles/pico_micro_ros.dir/home/victor/micro_ros_ws/src/pico-sdk/lib/tinyusb/src/class/cdc/cdc_device.c.o
                0x10005db8                tud_cdc_n_write
 .text.tud_cdc_n_write_available
                0x10005df8       0x14 CMakeFiles/pico_micro_ros.dir/home/victor/micro_ros_ws/src/pico-sdk/lib/tinyusb/src/class/cdc/cdc_device.c.o
                0x10005df8                tud_cdc_n_write_available
 .text.cdcd_init
                0x10005e0c       0x70 CMakeFiles/pico_micro_ros.dir/home/victor/micro_ros_ws/src/pico-sdk/lib/tinyusb/src/class/cdc/cdc_device.c.o
                0x10005e0c                cdcd_init
 .text.cdcd_deinit
                0x10005e7c       0x34 CMakeFiles/pico_micro_ros.dir/home/victor/micro_ros_ws/src/pico-sdk/lib/tinyusb/src/class/cdc/cdc_device.c.o
                0x10005e7c                cdcd_deinit
 .text.cdcd_reset
                0x10005eb0       0x4c CMakeFiles/pico_micro_ros.dir/home/victor/micro_ros_ws/src/pico-sdk/lib/tinyusb/src/class/cdc/cdc_device.c.o
                0x10005eb0                cdcd_reset
 .text.cdcd_open
                0x10005efc       0xa8 CMakeFiles/pico_micro_ros.dir/home/victor/micro_ros_ws/src/pico-sdk/lib/tinyusb/src/class/cdc/cdc_device.c.o
                0x10005efc                cdcd_open
 .text.cdcd_control_xfer_cb
                0x10005fa4       0xe8 CMakeFiles/pico_micro_ros.dir/home/victor/micro_ros_ws/src/pico-sdk/lib/tinyusb/src/class/cdc/cdc_device.c.o
                0x10005fa4                cdcd_control_xfer_cb
 .text.cdcd_xfer_cb
                0x1000608c      0x100 CMakeFiles/pico_micro_ros.dir/home/victor/micro_ros_ws/src/pico-sdk/lib/tinyusb/src/class/cdc/cdc_device.c.o
                0x1000608c                cdcd_xfer_cb
 .text.vendord_init
                0x1000618c       0x5c CMakeFiles/pico_micro_ros.dir/home/victor/micro_ros_ws/src/pico-sdk/lib/tinyusb/src/class/vendor/vendor_device.c.o
                0x1000618c                vendord_init
 .text.vendord_deinit
                0x100061e8       0x1c CMakeFiles/pico_micro_ros.dir/home/victor/micro_ros_ws/src/pico-sdk/lib/tinyusb/src/class/vendor/vendor_device.c.o
                0x100061e8                vendord_deinit
 .text.vendord_reset
                0x10006204       0x28 CMakeFiles/pico_micro_ros.dir/home/victor/micro_ros_ws/src/pico-sdk/lib/tinyusb/src/class/vendor/vendor_device.c.o
                0x10006204                vendord_reset
 .text.vendord_open
                0x1000622c      0x128 CMakeFiles/pico_micro_ros.dir/home/victor/micro_ros_ws/src/pico-sdk/lib/tinyusb/src/class/vendor/vendor_device.c.o
                0x1000622c                vendord_open
 .text.vendord_xfer_cb
                0x10006354       0x9c CMakeFiles/pico_micro_ros.dir/home/victor/micro_ros_ws/src/pico-sdk/lib/tinyusb/src/class/vendor/vendor_device.c.o
                0x10006354                vendord_xfer_cb
 .text.tusb_rhport_init
                0x100063f0       0x48 CMakeFiles/pico_micro_ros.dir/home/victor/micro_ros_ws/src/pico-sdk/lib/tinyusb/src/tusb.c.o
                0x100063f0                tusb_rhport_init
 .text.tu_edpt_claim
                0x10006438       0x50 CMakeFiles/pico_micro_ros.dir/home/victor/micro_ros_ws/src/pico-sdk/lib/tinyusb/src/tusb.c.o
                0x10006438                tu_edpt_claim
 .text.tu_edpt_release
                0x10006488       0x38 CMakeFiles/pico_micro_ros.dir/home/victor/micro_ros_ws/src/pico-sdk/lib/tinyusb/src/tusb.c.o
                0x10006488                tu_edpt_release
 .text.tu_edpt_validate
                0x100064c0       0x7c CMakeFiles/pico_micro_ros.dir/home/victor/micro_ros_ws/src/pico-sdk/lib/tinyusb/src/tusb.c.o
                0x100064c0                tu_edpt_validate
 .text.tu_edpt_bind_driver
                0x1000653c       0x34 CMakeFiles/pico_micro_ros.dir/home/victor/micro_ros_ws/src/pico-sdk/lib/tinyusb/src/tusb.c.o
                0x1000653c                tu_edpt_bind_driver
 .text.tu_edpt_stream_init
                0x10006570       0x6c CMakeFiles/pico_micro_ros.dir/home/victor/micro_ros_ws/src/pico-sdk/lib/tinyusb/src/tusb.c.o
                0x10006570                tu_edpt_stream_init
 .text.tu_edpt_stream_deinit
                0x100065dc        0x4 CMakeFiles/pico_micro_ros.dir/home/victor/micro_ros_ws/src/pico-sdk/lib/tinyusb/src/tusb.c.o
                0x100065dc                tu_edpt_stream_deinit
 .text.tu_edpt_stream_write_zlp_if_needed
                0x100065e0       0x68 CMakeFiles/pico_micro_ros.dir/home/victor/micro_ros_ws/src/pico-sdk/lib/tinyusb/src/tusb.c.o
                0x100065e0                tu_edpt_stream_write_zlp_if_needed
 .text.tu_edpt_stream_write_xfer
                0x10006648       0x64 CMakeFiles/pico_micro_ros.dir/home/victor/micro_ros_ws/src/pico-sdk/lib/tinyusb/src/tusb.c.o
                0x10006648                tu_edpt_stream_write_xfer
 .text.tu_edpt_stream_read_xfer
                0x100066ac       0xdc CMakeFiles/pico_micro_ros.dir/home/victor/micro_ros_ws/src/pico-sdk/lib/tinyusb/src/tusb.c.o
                0x100066ac                tu_edpt_stream_read_xfer
 .text.tu_fifo_config
                0x10006788       0x6c CMakeFiles/pico_micro_ros.dir/home/victor/micro_ros_ws/src/pico-sdk/lib/tinyusb/src/common/tusb_fifo.c.o
                0x10006788                tu_fifo_config
 .text.tu_fifo_count
                0x100067f4       0x2c CMakeFiles/pico_micro_ros.dir/home/victor/micro_ros_ws/src/pico-sdk/lib/tinyusb/src/common/tusb_fifo.c.o
                0x100067f4                tu_fifo_count
 .text.tu_fifo_empty
                0x10006820       0x10 CMakeFiles/pico_micro_ros.dir/home/victor/micro_ros_ws/src/pico-sdk/lib/tinyusb/src/common/tusb_fifo.c.o
                0x10006820                tu_fifo_empty
 .text.tu_fifo_remaining
                0x10006830       0x2c CMakeFiles/pico_micro_ros.dir/home/victor/micro_ros_ws/src/pico-sdk/lib/tinyusb/src/common/tusb_fifo.c.o
                0x10006830                tu_fifo_remaining
 .text.tu_fifo_read
                0x1000685c       0x9c CMakeFiles/pico_micro_ros.dir/home/victor/micro_ros_ws/src/pico-sdk/lib/tinyusb/src/common/tusb_fifo.c.o
                0x1000685c                tu_fifo_read
 .text.tu_fifo_read_n
                0x100068f8       0xe8 CMakeFiles/pico_micro_ros.dir/home/victor/micro_ros_ws/src/pico-sdk/lib/tinyusb/src/common/tusb_fifo.c.o
                0x100068f8                tu_fifo_read_n
 .text.tu_fifo_write
                0x100069e0       0xa8 CMakeFiles/pico_micro_ros.dir/home/victor/micro_ros_ws/src/pico-sdk/lib/tinyusb/src/common/tusb_fifo.c.o
                0x100069e0                tu_fifo_write
 .text.tu_fifo_write_n
                0x10006a88      0x178 CMakeFiles/pico_micro_ros.dir/home/victor/micro_ros_ws/src/pico-sdk/lib/tinyusb/src/common/tusb_fifo.c.o
                0x10006a88                tu_fifo_write_n
 .text.tu_fifo_clear
                0x10006c00       0x40 CMakeFiles/pico_micro_ros.dir/home/victor/micro_ros_ws/src/pico-sdk/lib/tinyusb/src/common/tusb_fifo.c.o
                0x10006c00                tu_fifo_clear
 .text.tu_fifo_set_overwritable
                0x10006c40       0x48 CMakeFiles/pico_micro_ros.dir/home/victor/micro_ros_ws/src/pico-sdk/lib/tinyusb/src/common/tusb_fifo.c.o
                0x10006c40                tu_fifo_set_overwritable
 .text.rcl_get_zero_initialized_publisher
                0x10006c88        0xc /home/victor/Ruff-Ruff-Rover/firmware/pico_micro_ros/libmicroros/libmicroros.a(librcl-publisher.c.obj)
                0x10006c88                rcl_get_zero_initialized_publisher
 .text.rcl_publisher_init
                0x10006c94      0x138 /home/victor/Ruff-Ruff-Rover/firmware/pico_micro_ros/libmicroros/libmicroros.a(librcl-publisher.c.obj)
                0x10006c94                rcl_publisher_init
 .text.rcl_publisher_get_default_options
                0x10006dcc       0x50 /home/victor/Ruff-Ruff-Rover/firmware/pico_micro_ros/libmicroros/libmicroros.a(librcl-publisher.c.obj)
                0x10006dcc                rcl_publisher_get_default_options
 .text.rcl_publish
                0x10006e1c       0x4c /home/victor/Ruff-Ruff-Rover/firmware/pico_micro_ros/libmicroros/libmicroros.a(librcl-publisher.c.obj)
                0x10006e1c                rcl_publish
 .text.rcl_publisher_is_valid
                0x10006e68       0x30 /home/victor/Ruff-Ruff-Rover/firmware/pico_micro_ros/libmicroros/libmicroros.a(librcl-publisher.c.obj)
                0x10006e68                rcl_publisher_is_valid
 .text.rcl_publisher_is_valid_except_context
                0x10006e98       0x1c /home/victor/Ruff-Ruff-Rover/firmware/pico_micro_ros/libmicroros/libmicroros.a(librcl-publisher.c.obj)
                0x10006e98                rcl_publisher_is_valid_except_context
 .text._rclc_check_for_new_data
                0x10006eb4       0x90 /home/victor/Ruff-Ruff-Rover/firmware/pico_micro_ros/libmicroros/libmicroros.a(librclc-executor.c.obj)
 .text._rclc_take_new_data
                0x10006f44      0x2c8 /home/victor/Ruff-Ruff-Rover/firmware/pico_micro_ros/libmicroros/libmicroros.a(librclc-executor.c.obj)
 .text._rclc_execute.part.0
                0x1000720c      0x29c /home/victor/Ruff-Ruff-Rover/firmware/pico_micro_ros/libmicroros/libmicroros.a(librclc-executor.c.obj)
 .text.rclc_executor_trigger_any
                0x100074a8       0x7c /home/victor/Ruff-Ruff-Rover/firmware/pico_micro_ros/libmicroros/libmicroros.a(librclc-executor.c.obj)
                0x100074a8                rclc_executor_trigger_any
 .text.rclc_executor_init
                0x10007524       0xc0 /home/victor/Ruff-Ruff-Rover/firmware/pico_micro_ros/libmicroros/libmicroros.a(librclc-executor.c.obj)
                0x10007524                rclc_executor_init
 .text.rclc_executor_add_timer
                0x100075e4       0x58 /home/victor/Ruff-Ruff-Rover/firmware/pico_micro_ros/libmicroros/libmicroros.a(librclc-executor.c.obj)
                0x100075e4                rclc_executor_add_timer
 .text.rclc_executor_prepare
                0x1000763c       0x88 /home/victor/Ruff-Ruff-Rover/firmware/pico_micro_ros/libmicroros/libmicroros.a(librclc-executor.c.obj)
                0x1000763c                rclc_executor_prepare
 .text.rclc_executor_spin_some.part.0
                0x100076c4      0x378 /home/victor/Ruff-Ruff-Rover/firmware/pico_micro_ros/libmicroros/libmicroros.a(librclc-executor.c.obj)
 .text.rclc_executor_spin_some
                0x10007a3c       0x30 /home/victor/Ruff-Ruff-Rover/firmware/pico_micro_ros/libmicroros/libmicroros.a(librclc-executor.c.obj)
                0x10007a3c                rclc_executor_spin_some
 .text.rclc_executor_handle_counters_zero_init
                0x10007a6c       0x18 /home/victor/Ruff-Ruff-Rover/firmware/pico_micro_ros/libmicroros/libmicroros.a(librclc-executor_handle.c.obj)
                0x10007a6c                rclc_executor_handle_counters_zero_init
 .text.rclc_executor_handle_init
                0x10007a84       0x28 /home/victor/Ruff-Ruff-Rover/firmware/pico_micro_ros/libmicroros/libmicroros.a(librclc-executor_handle.c.obj)
                0x10007a84                rclc_executor_handle_init
 .text.rclc_support_init
                0x10007aac       0x94 /home/victor/Ruff-Ruff-Rover/firmware/pico_micro_ros/libmicroros/libmicroros.a(librclc-init.c.obj)
                0x10007aac                rclc_support_init
 .text.rclc_node_init_default
                0x10007b40       0x74 /home/victor/Ruff-Ruff-Rover/firmware/pico_micro_ros/libmicroros/libmicroros.a(librclc-node.c.obj)
                0x10007b40                rclc_node_init_default
 .text.rclc_publisher_init_default
                0x10007bb4       0x68 /home/victor/Ruff-Ruff-Rover/firmware/pico_micro_ros/libmicroros/libmicroros.a(librclc-publisher.c.obj)
                0x10007bb4                rclc_publisher_init_default
 .text.rclc_timer_init_default
                0x10007c1c       0x60 /home/victor/Ruff-Ruff-Rover/firmware/pico_micro_ros/libmicroros/libmicroros.a(librclc-timer.c.obj)
                0x10007c1c                rclc_timer_init_default
 .text.__default_zero_allocate
                0x10007c7c        0x8 /home/victor/Ruff-Ruff-Rover/firmware/pico_micro_ros/libmicroros/libmicroros.a(librcutils-allocator.c.obj)
 .text.__default_reallocate
                0x10007c84        0x8 /home/victor/Ruff-Ruff-Rover/firmware/pico_micro_ros/libmicroros/libmicroros.a(librcutils-allocator.c.obj)
 .text.__default_deallocate
                0x10007c8c        0x8 /home/victor/Ruff-Ruff-Rover/firmware/pico_micro_ros/libmicroros/libmicroros.a(librcutils-allocator.c.obj)
 .text.__default_allocate
                0x10007c94        0x8 /home/victor/Ruff-Ruff-Rover/firmware/pico_micro_ros/libmicroros/libmicroros.a(librcutils-allocator.c.obj)
 .text.rcutils_get_default_allocator
                0x10007c9c       0x14 /home/victor/Ruff-Ruff-Rover/firmware/pico_micro_ros/libmicroros/libmicroros.a(librcutils-allocator.c.obj)
                0x10007c9c                rcutils_get_default_allocator
 .text.rcutils_allocator_is_valid
                0x10007cb0       0x24 /home/victor/Ruff-Ruff-Rover/firmware/pico_micro_ros/libmicroros/libmicroros.a(librcutils-allocator.c.obj)
                0x10007cb0                rcutils_allocator_is_valid
 .text.rcutils_get_error_string
                0x10007cd4       0x34 /home/victor/Ruff-Ruff-Rover/firmware/pico_micro_ros/libmicroros/libmicroros.a(librcutils-error_handling.c.obj)
                0x10007cd4                rcutils_get_error_string
 .text.rcutils_reset_error
                0x10007d08       0x38 /home/victor/Ruff-Ruff-Rover/firmware/pico_micro_ros/libmicroros/libmicroros.a(librcutils-error_handling.c.obj)
                0x10007d08                rcutils_reset_error
 .text.rcutils_system_time_now
                0x10007d40       0x4c /home/victor/Ruff-Ruff-Rover/firmware/pico_micro_ros/libmicroros/libmicroros.a(librcutils-time_unix.c.obj)
                0x10007d40                rcutils_system_time_now
 .text.rcutils_steady_time_now
                0x10007d8c       0x4c /home/victor/Ruff-Ruff-Rover/firmware/pico_micro_ros/libmicroros/libmicroros.a(librcutils-time_unix.c.obj)
                0x10007d8c                rcutils_steady_time_now
 .text.rmw_get_default_publisher_options
                0x10007dd8        0x8 /home/victor/Ruff-Ruff-Rover/firmware/pico_micro_ros/libmicroros/libmicroros.a(librmw-publisher_options.c.obj)
                0x10007dd8                rmw_get_default_publisher_options
 .text.rmw_uros_set_custom_transport
                0x10007de0       0x34 /home/victor/Ruff-Ruff-Rover/firmware/pico_micro_ros/libmicroros/libmicroros.a(librmw_microxrcedds-custom_transport.c.obj)
                0x10007de0                rmw_uros_set_custom_transport
 .text.rmw_uros_ping_agent
                0x10007e14       0xa0 /home/victor/Ruff-Ruff-Rover/firmware/pico_micro_ros/libmicroros/libmicroros.a(librmw_microxrcedds-ping.c.obj)
                0x10007e14                rmw_uros_ping_agent
 .text.flush_session
                0x10007eb4        0xc /home/victor/Ruff-Ruff-Rover/firmware/pico_micro_ros/libmicroros/libmicroros.a(librmw_microxrcedds-rmw_publish.c.obj)
                0x10007eb4                flush_session
 .text.rmw_publish
                0x10007ec0       0xd8 /home/victor/Ruff-Ruff-Rover/firmware/pico_micro_ros/libmicroros/libmicroros.a(librmw_microxrcedds-rmw_publish.c.obj)
                0x10007ec0                rmw_publish
 .text.rmw_create_publisher
                0x10007f98      0x20c /home/victor/Ruff-Ruff-Rover/firmware/pico_micro_ros/libmicroros/libmicroros.a(librmw_microxrcedds-rmw_publisher.c.obj)
                0x10007f98                rmw_create_publisher
 .text.rmw_publisher_get_actual_qos
                0x100081a4       0x20 /home/victor/Ruff-Ruff-Rover/firmware/pico_micro_ros/libmicroros/libmicroros.a(librmw_microxrcedds-rmw_publisher.c.obj)
                0x100081a4                rmw_publisher_get_actual_qos
 .text.rmw_destroy_publisher
                0x100081c4       0xf4 /home/victor/Ruff-Ruff-Rover/firmware/pico_micro_ros/libmicroros/libmicroros.a(librmw_microxrcedds-rmw_publisher.c.obj)
                0x100081c4                rmw_destroy_publisher
 .text.rmw_uxrce_transport_init
                0x100082b8       0x2c /home/victor/Ruff-Ruff-Rover/firmware/pico_micro_ros/libmicroros/libmicroros.a(librmw_microxrcedds-rmw_uxrce_transports.c.obj)
                0x100082b8                rmw_uxrce_transport_init
 .text.rmw_uxrce_init_service_memory
                0x100082e4       0x48 /home/victor/Ruff-Ruff-Rover/firmware/pico_micro_ros/libmicroros/libmicroros.a(librmw_microxrcedds-types.c.obj)
                0x100082e4                rmw_uxrce_init_service_memory
 .text.rmw_uxrce_init_client_memory
                0x1000832c       0x48 /home/victor/Ruff-Ruff-Rover/firmware/pico_micro_ros/libmicroros/libmicroros.a(librmw_microxrcedds-types.c.obj)
                0x1000832c                rmw_uxrce_init_client_memory
 .text.rmw_uxrce_init_publisher_memory
                0x10008374       0x48 /home/victor/Ruff-Ruff-Rover/firmware/pico_micro_ros/libmicroros/libmicroros.a(librmw_microxrcedds-types.c.obj)
                0x10008374                rmw_uxrce_init_publisher_memory
 .text.rmw_uxrce_init_subscription_memory
                0x100083bc       0x48 /home/victor/Ruff-Ruff-Rover/firmware/pico_micro_ros/libmicroros/libmicroros.a(librmw_microxrcedds-types.c.obj)
                0x100083bc                rmw_uxrce_init_subscription_memory
 .text.rmw_uxrce_init_node_memory
                0x10008404       0x48 /home/victor/Ruff-Ruff-Rover/firmware/pico_micro_ros/libmicroros/libmicroros.a(librmw_microxrcedds-types.c.obj)
                0x10008404                rmw_uxrce_init_node_memory
 .text.rmw_uxrce_init_session_memory
                0x1000844c       0x50 /home/victor/Ruff-Ruff-Rover/firmware/pico_micro_ros/libmicroros/libmicroros.a(librmw_microxrcedds-types.c.obj)
                0x1000844c                rmw_uxrce_init_session_memory
 .text.rmw_uxrce_init_topic_memory
                0x1000849c       0x48 /home/victor/Ruff-Ruff-Rover/firmware/pico_micro_ros/libmicroros/libmicroros.a(librmw_microxrcedds-types.c.obj)
                0x1000849c                rmw_uxrce_init_topic_memory
 .text.rmw_uxrce_init_static_input_buffer_memory
                0x100084e4       0x50 /home/victor/Ruff-Ruff-Rover/firmware/pico_micro_ros/libmicroros/libmicroros.a(librmw_microxrcedds-types.c.obj)
                0x100084e4                rmw_uxrce_init_static_input_buffer_memory
 .text.rmw_uxrce_init_init_options_impl_memory
                0x10008534       0x48 /home/victor/Ruff-Ruff-Rover/firmware/pico_micro_ros/libmicroros/libmicroros.a(librmw_microxrcedds-types.c.obj)
                0x10008534                rmw_uxrce_init_init_options_impl_memory
 .text.rmw_uxrce_init_wait_set_memory
                0x1000857c       0x48 /home/victor/Ruff-Ruff-Rover/firmware/pico_micro_ros/libmicroros/libmicroros.a(librmw_microxrcedds-types.c.obj)
                0x1000857c                rmw_uxrce_init_wait_set_memory
 .text.rmw_uxrce_init_guard_condition_memory
                0x100085c4       0x48 /home/victor/Ruff-Ruff-Rover/firmware/pico_micro_ros/libmicroros/libmicroros.a(librmw_microxrcedds-types.c.obj)
                0x100085c4                rmw_uxrce_init_guard_condition_memory
 .text.rmw_uxrce_fini_session_memory
                0x1000860c       0x10 /home/victor/Ruff-Ruff-Rover/firmware/pico_micro_ros/libmicroros/libmicroros.a(librmw_microxrcedds-types.c.obj)
                0x1000860c                rmw_uxrce_fini_session_memory
 .text.rmw_uxrce_fini_node_memory
                0x1000861c       0x34 /home/victor/Ruff-Ruff-Rover/firmware/pico_micro_ros/libmicroros/libmicroros.a(librmw_microxrcedds-types.c.obj)
                0x1000861c                rmw_uxrce_fini_node_memory
 .text.rmw_uxrce_fini_publisher_memory
                0x10008650       0x34 /home/victor/Ruff-Ruff-Rover/firmware/pico_micro_ros/libmicroros/libmicroros.a(librmw_microxrcedds-types.c.obj)
                0x10008650                rmw_uxrce_fini_publisher_memory
 .text.rmw_uxrce_fini_subscription_memory
                0x10008684       0x34 /home/victor/Ruff-Ruff-Rover/firmware/pico_micro_ros/libmicroros/libmicroros.a(librmw_microxrcedds-types.c.obj)
                0x10008684                rmw_uxrce_fini_subscription_memory
 .text.rmw_uxrce_fini_service_memory
                0x100086b8       0x34 /home/victor/Ruff-Ruff-Rover/firmware/pico_micro_ros/libmicroros/libmicroros.a(librmw_microxrcedds-types.c.obj)
                0x100086b8                rmw_uxrce_fini_service_memory
 .text.rmw_uxrce_fini_client_memory
                0x100086ec       0x34 /home/victor/Ruff-Ruff-Rover/firmware/pico_micro_ros/libmicroros/libmicroros.a(librmw_microxrcedds-types.c.obj)
                0x100086ec                rmw_uxrce_fini_client_memory
 .text.rmw_uxrce_fini_topic_memory
                0x10008720       0x18 /home/victor/Ruff-Ruff-Rover/firmware/pico_micro_ros/libmicroros/libmicroros.a(librmw_microxrcedds-types.c.obj)
                0x10008720                rmw_uxrce_fini_topic_memory
 .text.rmw_uxrce_get_static_input_buffer_for_entity
                0x10008738       0xbc /home/victor/Ruff-Ruff-Rover/firmware/pico_micro_ros/libmicroros/libmicroros.a(librmw_microxrcedds-types.c.obj)
                0x10008738                rmw_uxrce_get_static_input_buffer_for_entity
 .text.rmw_uxrce_find_static_input_buffer_by_owner
                0x100087f4       0x5c /home/victor/Ruff-Ruff-Rover/firmware/pico_micro_ros/libmicroros/libmicroros.a(librmw_microxrcedds-types.c.obj)
                0x100087f4                rmw_uxrce_find_static_input_buffer_by_owner
 .text.rmw_uxrce_clean_expired_static_input_buffer
                0x10008850       0xfc /home/victor/Ruff-Ruff-Rover/firmware/pico_micro_ros/libmicroros/libmicroros.a(librmw_microxrcedds-types.c.obj)
                0x10008850                rmw_uxrce_clean_expired_static_input_buffer
 .text.run_xrce_session
                0x1000894c       0x40 /home/victor/Ruff-Ruff-Rover/firmware/pico_micro_ros/libmicroros/libmicroros.a(librmw_microxrcedds-utils.c.obj)
                0x1000894c                run_xrce_session
 .text.convert_qos_profile
                0x1000898c       0x2c /home/victor/Ruff-Ruff-Rover/firmware/pico_micro_ros/libmicroros/libmicroros.a(librmw_microxrcedds-utils.c.obj)
                0x1000898c                convert_qos_profile
 .text.generate_type_name
                0x100089b8       0x68 /home/victor/Ruff-Ruff-Rover/firmware/pico_micro_ros/libmicroros/libmicroros.a(librmw_microxrcedds-utils.c.obj)
                0x100089b8                generate_type_name
 .text.generate_topic_name
                0x10008a20       0x38 /home/victor/Ruff-Ruff-Rover/firmware/pico_micro_ros/libmicroros/libmicroros.a(librmw_microxrcedds-utils.c.obj)
                0x10008a20                generate_topic_name
 .text.is_uxrce_rmw_identifier_valid
                0x10008a58       0x20 /home/victor/Ruff-Ruff-Rover/firmware/pico_micro_ros/libmicroros/libmicroros.a(librmw_microxrcedds-utils.c.obj)
                0x10008a58                is_uxrce_rmw_identifier_valid
 .text.get_message_typesupport_handle
                0x10008a78        0x8 /home/victor/Ruff-Ruff-Rover/firmware/pico_micro_ros/libmicroros/libmicroros.a(librosidl_runtime_c-message_type_support.c.obj)
                0x10008a78                get_message_typesupport_handle
 .text.get_message_typesupport_handle_function
                0x10008a80       0x18 /home/victor/Ruff-Ruff-Rover/firmware/pico_micro_ros/libmicroros/libmicroros.a(librosidl_runtime_c-message_type_support.c.obj)
                0x10008a80                get_message_typesupport_handle_function
 .text.std_msgs__msg__Bool__init
                0x10008a98        0x8 /home/victor/Ruff-Ruff-Rover/firmware/pico_micro_ros/libmicroros/libmicroros.a(libstd_msgs__rosidl_generator_c-bool__functions.c.obj)
                0x10008a98                std_msgs__msg__Bool__init
 .text.std_msgs__msg__Bool__fini
                0x10008aa0        0x4 /home/victor/Ruff-Ruff-Rover/firmware/pico_micro_ros/libmicroros/libmicroros.a(libstd_msgs__rosidl_generator_c-bool__functions.c.obj)
                0x10008aa0                std_msgs__msg__Bool__fini
 .text.rosidl_typesupport_c__get_message_type_support_handle__std_msgs__msg__Bool
                0x10008aa4       0x1c /home/victor/Ruff-Ruff-Rover/firmware/pico_micro_ros/libmicroros/libmicroros.a(libstd_msgs__rosidl_typesupport_c-bool__type_support.cpp.obj)
                0x10008aa4                rosidl_typesupport_c__get_message_type_support_handle__std_msgs__msg__Bool
 .text.startup._GLOBAL__sub_I_rosidl_typesupport_c__get_message_type_support_handle__std_msgs__msg__Bool
                0x10008ac0       0x14 /home/victor/Ruff-Ruff-Rover/firmware/pico_micro_ros/libmicroros/libmicroros.a(libstd_msgs__rosidl_typesupport_c-bool__type_support.cpp.obj)
 .text.std_msgs__msg__Bool__rosidl_typesupport_introspection_c__Bool_init_function
                0x10008ad4        0x8 /home/victor/Ruff-Ruff-Rover/firmware/pico_micro_ros/libmicroros/libmicroros.a(libstd_msgs__rosidl_typesupport_introspection_c-bool__type_support.c.obj)
                0x10008ad4                std_msgs__msg__Bool__rosidl_typesupport_introspection_c__Bool_init_function
 .text.std_msgs__msg__Bool__rosidl_typesupport_introspection_c__Bool_fini_function
                0x10008adc        0x8 /home/victor/Ruff-Ruff-Rover/firmware/pico_micro_ros/libmicroros/libmicroros.a(libstd_msgs__rosidl_typesupport_introspection_c-bool__type_support.c.obj)
                0x10008adc                std_msgs__msg__Bool__rosidl_typesupport_introspection_c__Bool_fini_function
 .text.rosidl_typesupport_introspection_c__get_message_type_support_handle__std_msgs__msg__Bool
                0x10008ae4       0x1c /home/victor/Ruff-Ruff-Rover/firmware/pico_micro_ros/libmicroros/libmicroros.a(libstd_msgs__rosidl_typesupport_introspection_c-bool__type_support.c.obj)
                0x10008ae4                rosidl_typesupport_introspection_c__get_message_type_support_handle__std_msgs__msg__Bool
 .text._Bool__max_serialized_size
                0x10008b00       0x10 /home/victor/Ruff-Ruff-Rover/firmware/pico_micro_ros/libmicroros/libmicroros.a(libstd_msgs__rosidl_typesupport_microxrcedds_c-bool__type_support_c.c.obj)
 .text._Bool__cdr_deserialize
                0x10008b10       0x10 /home/victor/Ruff-Ruff-Rover/firmware/pico_micro_ros/libmicroros/libmicroros.a(libstd_msgs__rosidl_typesupport_microxrcedds_c-bool__type_support_c.c.obj)
 .text.get_serialized_size_std_msgs__msg__Bool
                0x10008b20       0x18 /home/victor/Ruff-Ruff-Rover/firmware/pico_micro_ros/libmicroros/libmicroros.a(libstd_msgs__rosidl_typesupport_microxrcedds_c-bool__type_support_c.c.obj)
                0x10008b20                get_serialized_size_std_msgs__msg__Bool
 .text._Bool__cdr_serialize
                0x10008b38       0x18 /home/victor/Ruff-Ruff-Rover/firmware/pico_micro_ros/libmicroros/libmicroros.a(libstd_msgs__rosidl_typesupport_microxrcedds_c-bool__type_support_c.c.obj)
 .text._Bool__get_serialized_size
                0x10008b50       0x18 /home/victor/Ruff-Ruff-Rover/firmware/pico_micro_ros/libmicroros/libmicroros.a(libstd_msgs__rosidl_typesupport_microxrcedds_c-bool__type_support_c.c.obj)
 .text.rosidl_typesupport_microxrcedds_c__get_message_type_support_handle__std_msgs__msg__Bool
                0x10008b68        0x8 /home/victor/Ruff-Ruff-Rover/firmware/pico_micro_ros/libmicroros/libmicroros.a(libstd_msgs__rosidl_typesupport_microxrcedds_c-bool__type_support_c.c.obj)
                0x10008b68                rosidl_typesupport_microxrcedds_c__get_message_type_support_handle__std_msgs__msg__Bool
 .text.ucdr_serialize_bool
                0x10008b70       0x2c /home/victor/Ruff-Ruff-Rover/firmware/pico_micro_ros/libmicroros/libmicroros.a(libmicrocdr-basic.c.obj)
                0x10008b70                ucdr_serialize_bool
 .text.ucdr_deserialize_bool
                0x10008b9c       0x30 /home/victor/Ruff-Ruff-Rover/firmware/pico_micro_ros/libmicroros/libmicroros.a(libmicrocdr-basic.c.obj)
                0x10008b9c                ucdr_deserialize_bool
 .text.ucdr_serialize_uint8_t
                0x10008bcc       0x2c /home/victor/Ruff-Ruff-Rover/firmware/pico_micro_ros/libmicroros/libmicroros.a(libmicrocdr-basic.c.obj)
                0x10008bcc                ucdr_serialize_uint8_t
 .text.ucdr_deserialize_uint8_t
                0x10008bf8       0x30 /home/victor/Ruff-Ruff-Rover/firmware/pico_micro_ros/libmicroros/libmicroros.a(libmicrocdr-basic.c.obj)
                0x10008bf8                ucdr_deserialize_uint8_t
 .text.ucdr_serialize_uint16_t
                0x10008c28       0xf4 /home/victor/Ruff-Ruff-Rover/firmware/pico_micro_ros/libmicroros/libmicroros.a(libmicrocdr-basic.c.obj)
                0x10008c28                ucdr_serialize_uint16_t
 .text.ucdr_serialize_endian_uint16_t
                0x10008d1c      0x100 /home/victor/Ruff-Ruff-Rover/firmware/pico_micro_ros/libmicroros/libmicroros.a(libmicrocdr-basic.c.obj)
                0x10008d1c                ucdr_serialize_endian_uint16_t
 .text.ucdr_deserialize_uint16_t
                0x10008e1c       0xec /home/victor/Ruff-Ruff-Rover/firmware/pico_micro_ros/libmicroros/libmicroros.a(libmicrocdr-basic.c.obj)
                0x10008e1c                ucdr_deserialize_uint16_t
 .text.ucdr_deserialize_endian_uint16_t
                0x10008f08       0xf8 /home/victor/Ruff-Ruff-Rover/firmware/pico_micro_ros/libmicroros/libmicroros.a(libmicrocdr-basic.c.obj)
                0x10008f08                ucdr_deserialize_endian_uint16_t
 .text.ucdr_serialize_uint32_t
                0x10009000      0x11c /home/victor/Ruff-Ruff-Rover/firmware/pico_micro_ros/libmicroros/libmicroros.a(libmicrocdr-basic.c.obj)
                0x10009000                ucdr_serialize_uint32_t
 .text.ucdr_serialize_endian_uint32_t
                0x1000911c      0x11c /home/victor/Ruff-Ruff-Rover/firmware/pico_micro_ros/libmicroros/libmicroros.a(libmicrocdr-basic.c.obj)
                0x1000911c                ucdr_serialize_endian_uint32_t
 .text.ucdr_deserialize_uint32_t
                0x10009238      0x11c /home/victor/Ruff-Ruff-Rover/firmware/pico_micro_ros/libmicroros/libmicroros.a(libmicrocdr-basic.c.obj)
                0x10009238                ucdr_deserialize_uint32_t
 .text.ucdr_deserialize_endian_uint32_t
                0x10009354      0x12c /home/victor/Ruff-Ruff-Rover/firmware/pico_micro_ros/libmicroros/libmicroros.a(libmicrocdr-basic.c.obj)
                0x10009354                ucdr_deserialize_endian_uint32_t
 .text.ucdr_serialize_uint64_t
                0x10009480      0x170 /home/victor/Ruff-Ruff-Rover/firmware/pico_micro_ros/libmicroros/libmicroros.a(libmicrocdr-basic.c.obj)
                0x10009480                ucdr_serialize_uint64_t
 .text.ucdr_serialize_int16_t
                0x100095f0       0xf4 /home/victor/Ruff-Ruff-Rover/firmware/pico_micro_ros/libmicroros/libmicroros.a(libmicrocdr-basic.c.obj)
                0x100095f0                ucdr_serialize_int16_t
 .text.ucdr_deserialize_int16_t
                0x100096e4       0xec /home/victor/Ruff-Ruff-Rover/firmware/pico_micro_ros/libmicroros/libmicroros.a(libmicrocdr-basic.c.obj)
                0x100096e4                ucdr_deserialize_int16_t
 .text.ucdr_serialize_int32_t
                0x100097d0      0x11c /home/victor/Ruff-Ruff-Rover/firmware/pico_micro_ros/libmicroros/libmicroros.a(libmicrocdr-basic.c.obj)
                0x100097d0                ucdr_serialize_int32_t
 .text.ucdr_deserialize_int32_t
                0x100098ec      0x11c /home/victor/Ruff-Ruff-Rover/firmware/pico_micro_ros/libmicroros/libmicroros.a(libmicrocdr-basic.c.obj)
                0x100098ec                ucdr_deserialize_int32_t
 .text.ucdr_check_buffer_available_for
                0x10009a08       0x1c /home/victor/Ruff-Ruff-Rover/firmware/pico_micro_ros/libmicroros/libmicroros.a(libmicrocdr-common.c.obj)
                0x10009a08                ucdr_check_buffer_available_for
 .text.ucdr_check_final_buffer_behavior
                0x10009a24       0x38 /home/victor/Ruff-Ruff-Rover/firmware/pico_micro_ros/libmicroros/libmicroros.a(libmicrocdr-common.c.obj)
                0x10009a24                ucdr_check_final_buffer_behavior
 .text.ucdr_set_on_full_buffer_callback
                0x10009a5c        0x8 /home/victor/Ruff-Ruff-Rover/firmware/pico_micro_ros/libmicroros/libmicroros.a(libmicrocdr-common.c.obj)
                0x10009a5c                ucdr_set_on_full_buffer_callback
 .text.ucdr_init_buffer_origin_offset_endian
                0x10009a64       0x28 /home/victor/Ruff-Ruff-Rover/firmware/pico_micro_ros/libmicroros/libmicroros.a(libmicrocdr-common.c.obj)
                0x10009a64                ucdr_init_buffer_origin_offset_endian
 .text.ucdr_init_buffer_origin_offset
                0x10009a8c       0x14 /home/victor/Ruff-Ruff-Rover/firmware/pico_micro_ros/libmicroros/libmicroros.a(libmicrocdr-common.c.obj)
                0x10009a8c                ucdr_init_buffer_origin_offset
 .text.ucdr_init_buffer_origin
                0x10009aa0       0x10 /home/victor/Ruff-Ruff-Rover/firmware/pico_micro_ros/libmicroros/libmicroros.a(libmicrocdr-common.c.obj)
                0x10009aa0                ucdr_init_buffer_origin
 .text.ucdr_init_buffer
                0x10009ab0        0xc /home/victor/Ruff-Ruff-Rover/firmware/pico_micro_ros/libmicroros/libmicroros.a(libmicrocdr-common.c.obj)
                0x10009ab0                ucdr_init_buffer
 .text.ucdr_alignment
                0x10009abc       0x10 /home/victor/Ruff-Ruff-Rover/firmware/pico_micro_ros/libmicroros/libmicroros.a(libmicrocdr-common.c.obj)
                0x10009abc                ucdr_alignment
 .text.ucdr_buffer_alignment
                0x10009acc       0x1c /home/victor/Ruff-Ruff-Rover/firmware/pico_micro_ros/libmicroros/libmicroros.a(libmicrocdr-common.c.obj)
                0x10009acc                ucdr_buffer_alignment
 .text.ucdr_align_to
                0x10009ae8       0x24 /home/victor/Ruff-Ruff-Rover/firmware/pico_micro_ros/libmicroros/libmicroros.a(libmicrocdr-common.c.obj)
                0x10009ae8                ucdr_align_to
 .text.ucdr_buffer_length
                0x10009b0c        0x8 /home/victor/Ruff-Ruff-Rover/firmware/pico_micro_ros/libmicroros/libmicroros.a(libmicrocdr-common.c.obj)
                0x10009b0c                ucdr_buffer_length
 .text.ucdr_buffer_remaining
                0x10009b14        0x8 /home/victor/Ruff-Ruff-Rover/firmware/pico_micro_ros/libmicroros/libmicroros.a(libmicrocdr-common.c.obj)
                0x10009b14                ucdr_buffer_remaining
 .text.ucdr_check_final_buffer_behavior_array
                0x10009b1c       0x44 /home/victor/Ruff-Ruff-Rover/firmware/pico_micro_ros/libmicroros/libmicroros.a(libmicrocdr-common.c.obj)
                0x10009b1c                ucdr_check_final_buffer_behavior_array
 .text.ucdr_advance_buffer
                0x10009b60       0x44 /home/victor/Ruff-Ruff-Rover/firmware/pico_micro_ros/libmicroros/libmicroros.a(libmicrocdr-common.c.obj)
                0x10009b60                ucdr_advance_buffer
 .text.uxr_buffer_delete_entity
                0x10009ba4       0x40 /home/victor/Ruff-Ruff-Rover/firmware/pico_micro_ros/libmicroros/libmicroros.a(libmicroxrcedds_client-common_create_entities.c.obj)
                0x10009ba4                uxr_buffer_delete_entity
 .text.uxr_common_create_entity
                0x10009be4       0x54 /home/victor/Ruff-Ruff-Rover/firmware/pico_micro_ros/libmicroros/libmicroros.a(libmicroxrcedds_client-common_create_entities.c.obj)
                0x10009be4                uxr_common_create_entity
 .text.uxr_buffer_create_participant_bin
                0x10009c38       0x68 /home/victor/Ruff-Ruff-Rover/firmware/pico_micro_ros/libmicroros/libmicroros.a(libmicroxrcedds_client-create_entities_bin.c.obj)
                0x10009c38                uxr_buffer_create_participant_bin
 .text.uxr_buffer_create_topic_bin
                0x10009ca0       0x70 /home/victor/Ruff-Ruff-Rover/firmware/pico_micro_ros/libmicroros/libmicroros.a(libmicroxrcedds_client-create_entities_bin.c.obj)
                0x10009ca0                uxr_buffer_create_topic_bin
 .text.uxr_buffer_create_publisher_bin
                0x10009d10       0x70 /home/victor/Ruff-Ruff-Rover/firmware/pico_micro_ros/libmicroros/libmicroros.a(libmicroxrcedds_client-create_entities_bin.c.obj)
                0x10009d10                uxr_buffer_create_publisher_bin
 .text.uxr_buffer_create_datawriter_bin
                0x10009d80      0x100 /home/victor/Ruff-Ruff-Rover/firmware/pico_micro_ros/libmicroros/libmicroros.a(libmicroxrcedds_client-create_entities_bin.c.obj)
                0x10009d80                uxr_buffer_create_datawriter_bin
 .text.get_custom_error
                0x10009e80        0xc /home/victor/Ruff-Ruff-Rover/firmware/pico_micro_ros/libmicroros/libmicroros.a(libmicroxrcedds_client-custom_transport.c.obj)
 .text.recv_custom_msg
                0x10009e8c       0xb4 /home/victor/Ruff-Ruff-Rover/firmware/pico_micro_ros/libmicroros/libmicroros.a(libmicroxrcedds_client-custom_transport.c.obj)
 .text.send_custom_msg
                0x10009f40       0x64 /home/victor/Ruff-Ruff-Rover/firmware/pico_micro_ros/libmicroros/libmicroros.a(libmicroxrcedds_client-custom_transport.c.obj)
 .text.uxr_set_custom_transport_callbacks
                0x10009fa4       0x24 /home/victor/Ruff-Ruff-Rover/firmware/pico_micro_ros/libmicroros/libmicroros.a(libmicroxrcedds_client-custom_transport.c.obj)
                0x10009fa4                uxr_set_custom_transport_callbacks
 .text.uxr_init_custom_transport
                0x10009fc8       0x88 /home/victor/Ruff-Ruff-Rover/firmware/pico_micro_ros/libmicroros/libmicroros.a(libmicroxrcedds_client-custom_transport.c.obj)
                0x10009fc8                uxr_init_custom_transport
 .text.uxr_close_custom_transport
                0x1000a050        0xc /home/victor/Ruff-Ruff-Rover/firmware/pico_micro_ros/libmicroros/libmicroros.a(libmicroxrcedds_client-custom_transport.c.obj)
                0x1000a050                uxr_close_custom_transport
 .text.uxr_object_id
                0x1000a05c       0x10 /home/victor/Ruff-Ruff-Rover/firmware/pico_micro_ros/libmicroros/libmicroros.a(libmicroxrcedds_client-object_id.c.obj)
                0x1000a05c                uxr_object_id
 .text.uxr_object_id_from_raw
                0x1000a06c       0x20 /home/victor/Ruff-Ruff-Rover/firmware/pico_micro_ros/libmicroros/libmicroros.a(libmicroxrcedds_client-object_id.c.obj)
                0x1000a06c                uxr_object_id_from_raw
 .text.uxr_object_id_to_raw
                0x1000a08c       0x18 /home/victor/Ruff-Ruff-Rover/firmware/pico_micro_ros/libmicroros/libmicroros.a(libmicroxrcedds_client-object_id.c.obj)
                0x1000a08c                uxr_object_id_to_raw
 .text.uxr_ping_agent_session
                0x1000a0a4       0x9c /home/victor/Ruff-Ruff-Rover/firmware/pico_micro_ros/libmicroros/libmicroros.a(libmicroxrcedds_client-ping.c.obj)
                0x1000a0a4                uxr_ping_agent_session
 .text.uxr_ping_agent_attempts
                0x1000a140      0x198 /home/victor/Ruff-Ruff-Rover/firmware/pico_micro_ros/libmicroros/libmicroros.a(libmicroxrcedds_client-ping.c.obj)
                0x1000a140                uxr_ping_agent_attempts
 .text.on_get_fragmentation_info
                0x1000a2d8       0x38 /home/victor/Ruff-Ruff-Rover/firmware/pico_micro_ros/libmicroros/libmicroros.a(libmicroxrcedds_client-session.c.obj)
 .text.read_submessage_get_info
                0x1000a310       0x74 /home/victor/Ruff-Ruff-Rover/firmware/pico_micro_ros/libmicroros/libmicroros.a(libmicroxrcedds_client-session.c.obj)
 .text.write_submessage_acknack.isra.0
                0x1000a384       0x6c /home/victor/Ruff-Ruff-Rover/firmware/pico_micro_ros/libmicroros/libmicroros.a(libmicroxrcedds_client-session.c.obj)
 .text.uxr_init_session
                0x1000a3f0       0x48 /home/victor/Ruff-Ruff-Rover/firmware/pico_micro_ros/libmicroros/libmicroros.a(libmicroxrcedds_client-session.c.obj)
                0x1000a3f0                uxr_init_session
 .text.uxr_set_status_callback
                0x1000a438        0xc /home/victor/Ruff-Ruff-Rover/firmware/pico_micro_ros/libmicroros/libmicroros.a(libmicroxrcedds_client-session.c.obj)
                0x1000a438                uxr_set_status_callback
 .text.uxr_set_topic_callback
                0x1000a444        0xc /home/victor/Ruff-Ruff-Rover/firmware/pico_micro_ros/libmicroros/libmicroros.a(libmicroxrcedds_client-session.c.obj)
                0x1000a444                uxr_set_topic_callback
 .text.uxr_set_request_callback
                0x1000a450        0xc /home/victor/Ruff-Ruff-Rover/firmware/pico_micro_ros/libmicroros/libmicroros.a(libmicroxrcedds_client-session.c.obj)
                0x1000a450                uxr_set_request_callback
 .text.uxr_set_reply_callback
                0x1000a45c        0xc /home/victor/Ruff-Ruff-Rover/firmware/pico_micro_ros/libmicroros/libmicroros.a(libmicroxrcedds_client-session.c.obj)
                0x1000a45c                uxr_set_reply_callback
 .text.uxr_create_output_best_effort_stream
                0x1000a468       0x3c /home/victor/Ruff-Ruff-Rover/firmware/pico_micro_ros/libmicroros/libmicroros.a(libmicroxrcedds_client-session.c.obj)
                0x1000a468                uxr_create_output_best_effort_stream
 .text.uxr_create_output_reliable_stream
                0x1000a4a4       0x40 /home/victor/Ruff-Ruff-Rover/firmware/pico_micro_ros/libmicroros/libmicroros.a(libmicroxrcedds_client-session.c.obj)
                0x1000a4a4                uxr_create_output_reliable_stream
 .text.uxr_create_input_best_effort_stream
                0x1000a4e4       0x2c /home/victor/Ruff-Ruff-Rover/firmware/pico_micro_ros/libmicroros/libmicroros.a(libmicroxrcedds_client-session.c.obj)
                0x1000a4e4                uxr_create_input_best_effort_stream
 .text.uxr_create_input_reliable_stream
                0x1000a510       0x34 /home/victor/Ruff-Ruff-Rover/firmware/pico_micro_ros/libmicroros/libmicroros.a(libmicroxrcedds_client-session.c.obj)
                0x1000a510                uxr_create_input_reliable_stream
 .text.uxr_epoch_nanos
                0x1000a544       0x14 /home/victor/Ruff-Ruff-Rover/firmware/pico_micro_ros/libmicroros/libmicroros.a(libmicroxrcedds_client-session.c.obj)
                0x1000a544                uxr_epoch_nanos
 .text.uxr_flash_output_streams
                0x1000a558       0xf4 /home/victor/Ruff-Ruff-Rover/firmware/pico_micro_ros/libmicroros/libmicroros.a(libmicroxrcedds_client-session.c.obj)
                0x1000a558                uxr_flash_output_streams
 .text.read_submessage_info
                0x1000a64c       0xa8 /home/victor/Ruff-Ruff-Rover/firmware/pico_micro_ros/libmicroros/libmicroros.a(libmicroxrcedds_client-session.c.obj)
                0x1000a64c                read_submessage_info
 .text.read_submessage_list
                0x1000a6f4      0x3f8 /home/victor/Ruff-Ruff-Rover/firmware/pico_micro_ros/libmicroros/libmicroros.a(libmicroxrcedds_client-session.c.obj)
 .text.listen_message_reliably