Archive member included to satisfy reference by file (symbol)

/usr/lib/gcc/arm-none-eabi/13.2.1/thumb/v6-m/nofp/libgcc.a(_dvmd_tls.o)
                              CMakeFiles/pico_micro_ros.dir/home/victor/micro_ros_ws/src/pico-sdk/src/rp2_common/pico_divider/divider_hardware.S.o (__aeabi_idiv0)
/usr/lib/gcc/arm-none-eabi/13.2.1/../../../arm-none-eabi/lib/thumb/v6-m/nofp/libg.a(libc_a-calloc.o)
                              CMakeFiles/pico_micro_ros.dir/home/victor/micro_ros_ws/src/pico-sdk/src/rp2_common/pico_malloc/malloc.c.o (calloc)
/usr/lib/gcc/arm-none-eabi/13.2.1/../../../arm-none-eabi/lib/thumb/v6-m/nofp/libg.a(libc_a-impure.o)
                              /usr/lib/gcc/arm-none-eabi/13.2.1/../../../arm-none-eabi/lib/thumb/v6-m/nofp/libg.a(libc_a-calloc.o) (_impure_ptr)
/usr/lib/gcc/arm-none-eabi/13.2.1/../../../arm-none-eabi/lib/thumb/v6-m/nofp/libg.a(libc_a-callocr.o)
                              /usr/lib/gcc/arm-none-eabi/13.2.1/../../../arm-none-eabi/lib/thumb/v6-m/nofp/libg.a(libc_a-calloc.o) (_calloc_r)
/usr/lib/gcc/arm-none-eabi/13.2.1/../../../arm-none-eabi/lib/thumb/v6-m/nofp/libg.a(libc_a-realloc.o)
                              CMakeFiles/pico_micro_ros.dir/home/victor/micro_ros_ws/src/pico-sdk/src/rp2_common/pico_malloc/malloc.c.o (realloc)
/usr/lib/gcc/arm-none-eabi/13.2.1/../../../arm-none-eabi/lib/thumb/v6-m/nofp/libg.a(libc_a-mallocr.o)
                              /usr/lib/gcc/arm-none-eabi/13.2.1/../../../arm-none-eabi/lib/thumb/v6-m/nofp/libg.a(libc_a-callocr.o) (_malloc_r)
/usr/lib/gcc/arm-none-eabi/13.2.1/../../../arm-none-eabi/lib/thumb/v6-m/nofp/libg.a(libc_a-freer.o)
                              /usr/lib/gcc/arm-none-eabi/13.2.1/../../../arm-none-eabi/lib/thumb/v6-m/nofp/libg.a(libc_a-mallocr.o) (_free_r)
/usr/lib/gcc/arm-none-eabi/13.2.1/../../../arm-none-eabi/lib/thumb/v6-m/nofp/libg.a(libc_a-memcmp.o)
                              CMakeFiles/pico_micro_ros.dir/home/victor/micro_ros_ws/src/pico-sdk/src/rp2_common/pico_atomic/atomic.c.o (memcmp)
/usr/lib/gcc/arm-none-eabi/13.2.1/../../../arm-none-eabi/lib/thumb/v6-m/nofp/libg.a(libc_a-malloc.o)
                              CMakeFiles/pico_micro_ros.dir/home/victor/micro_ros_ws/src/pico-sdk/src/rp2_common/pico_malloc/malloc.c.o (malloc)
/usr/lib/gcc/arm-none-eabi/13.2.1/../../../arm-none-eabi/lib/thumb/v6-m/nofp/libg.a(libc_a-sysconf.o)
                              /usr/lib/gcc/arm-none-eabi/13.2.1/../../../arm-none-eabi/lib/thumb/v6-m/nofp/libg.a(libc_a-mallocr.o) (sysconf)
/usr/lib/gcc/arm-none-eabi/13.2.1/../../../arm-none-eabi/lib/thumb/v6-m/nofp/libg.a(libc_a-init.o)
                              /usr/lib/gcc/arm-none-eabi/13.2.1/../../../arm-none-eabi/lib/thumb/v6-m/nofp/crt0.o (__libc_init_array)
/usr/lib/gcc/arm-none-eabi/13.2.1/../../../arm-none-eabi/lib/thumb/v6-m/nofp/libg.a(libc_a-reallocr.o)
                              /usr/lib/gcc/arm-none-eabi/13.2.1/../../../arm-none-eabi/lib/thumb/v6-m/nofp/libg.a(libc_a-realloc.o) (_realloc_r)
/usr/lib/gcc/arm-none-eabi/13.2.1/../../../arm-none-eabi/lib/thumb/v6-m/nofp/libg.a(libc_a-mktime.o)
                              CMakeFiles/pico_micro_ros.dir/home/victor/micro_ros_ws/src/pico-sdk/src/common/pico_util/datetime.c.o (mktime)
/usr/lib/gcc/arm-none-eabi/13.2.1/../../../arm-none-eabi/lib/thumb/v6-m/nofp/libg.a(libc_a-mlock.o)
                              /usr/lib/gcc/arm-none-eabi/13.2.1/../../../arm-none-eabi/lib/thumb/v6-m/nofp/libg.a(libc_a-mallocr.o) (__malloc_lock)
/usr/lib/gcc/arm-none-eabi/13.2.1/../../../arm-none-eabi/lib/thumb/v6-m/nofp/libg.a(libc_a-findfp.o)
                              /usr/lib/gcc/arm-none-eabi/13.2.1/../../../arm-none-eabi/lib/thumb/v6-m/nofp/libg.a(libc_a-impure.o) (__sf)
/usr/lib/gcc/arm-none-eabi/13.2.1/../../../arm-none-eabi/lib/thumb/v6-m/nofp/libg.a(libc_a-tzlock.o)
                              /usr/lib/gcc/arm-none-eabi/13.2.1/../../../arm-none-eabi/lib/thumb/v6-m/nofp/libg.a(libc_a-mktime.o) (__tz_lock)
/usr/lib/gcc/arm-none-eabi/13.2.1/../../../arm-none-eabi/lib/thumb/v6-m/nofp/libg.a(libc_a-atexit.o)
                              /usr/lib/gcc/arm-none-eabi/13.2.1/../../../arm-none-eabi/lib/thumb/v6-m/nofp/crt0.o (atexit)
/usr/lib/gcc/arm-none-eabi/13.2.1/../../../arm-none-eabi/lib/thumb/v6-m/nofp/libg.a(libc_a-lcltime_r.o)
                              CMakeFiles/pico_micro_ros.dir/home/victor/micro_ros_ws/src/pico-sdk/src/common/pico_util/datetime.c.o (localtime_r)
/usr/lib/gcc/arm-none-eabi/13.2.1/../../../arm-none-eabi/lib/thumb/v6-m/nofp/libg.a(libc_a-strlen-stub.o)
                              CMakeFiles/pico_micro_ros.dir/home/victor/micro_ros_ws/src/pico-sdk/src/rp2_common/pico_stdio/stdio.c.o (strlen)
/usr/lib/gcc/arm-none-eabi/13.2.1/../../../arm-none-eabi/lib/thumb/v6-m/nofp/libg.a(libc_a-sbrkr.o)
                              /usr/lib/gcc/arm-none-eabi/13.2.1/../../../arm-none-eabi/lib/thumb/v6-m/nofp/libg.a(libc_a-mallocr.o) (_sbrk_r)
[...]
Memory Configuration

Name             Origin             Length             Attributes
FLASH            0x10000000         0x00200000         xr
RAM              0x20000000         0x00040000         xrw
SCRATCH_X        0x20040000         0x00001000         xrw
SCRATCH_Y        0x20041000         0x00001000         xrw
*default*        0x00000000         0xffffffff

Linker script and memory map

LOAD /usr/lib/gcc/arm-none-eabi/13.2.1/thumb/v6-m/nofp/crti.o
LOAD /usr/lib/gcc/arm-none-eabi/13.2.1/thumb/v6-m/nofp/crtbegin.o
LOAD /usr/lib/gcc/arm-none-eabi/13.2.1/../../../arm-none-eabi/lib/thumb/v6-m/nofp/crt0.o

.flash_begin    0x10000000        0x0
                0x10000000                        __flash_binary_start = .

.boot2          0x10000000      0x100
                0x10000000                        __boot2_start__ = .
 *(.boot2)
 .boot2         0x10000000      0x100 pico-sdk/src/rp2040/boot_stage2/CMakeFiles/bs2_default_library.dir/bs2_default_padded_checksummed.S.o
                0x10000100                        __boot2_end__ = .
                0x00000001                        ASSERT (((__boot2_end__ - __boot2_start__) == 0x100), ERROR: Pico second stage bootloader must be 256 bytes in size)

.text           0x10000100     0x45d8
                0x10000100                        __logical_binary_start = .
 *(.vectors)
 .vectors       0x10000100       0xd4 CMakeFiles/pico_micro_ros.dir/home/victor/micro_ros_ws/src/pico-sdk/src/rp2_common/pico_crt0/crt0.S.o
                0x10000100                __vectors
                0x10000100                __VECTOR_TABLE
                0x100001c0                isr_irq30
                0x100001c0                __unhandled_user_irq
                0x100001c0                isr_irq13
                0x100001c0                isr_irq27
                0x100001c0                isr_irq31
                0x100001c0                isr_irq5
                0x100001c0                isr_irq11
                0x100001c0                isr_irq23
                0x100001c0                isr_irq18
                0x100001c0                isr_irq28
                0x100001c0                isr_irq19
                0x100001c0                isr_irq0
                0x100001c0                isr_irq6
                0x100001c0                isr_irq22
                0x100001c0                isr_irq17
                0x100001c0                isr_irq14
                0x100001c0                __vectors_end
                0x100001c0                __default_isrs_start
                0x100001c0                isr_irq2
                0x100001c0                isr_irq10
                0x100001c0                isr_irq8
                0x100001c0                isr_irq24
                0x100001c0                isr_irq1
                0x100001c0                isr_irq7
                0x100001c0                isr_irq21
                0x100001c0                isr_irq20
                0x100001c0                isr_irq15
                0x100001c0                isr_irq25
                0x100001c0                isr_irq4
                0x100001c0                isr_irq16
                0x100001c0                isr_irq29
                0x100001c0                isr_irq26
                0x100001c0                isr_irq3
                0x100001c0                isr_irq12
                0x100001c0                isr_irq9
                0x100001c6                unhandled_user_irq_num_in_r0
                0x100001c8                isr_invalid
                0x100001ca                isr_nmi
                0x100001cc                isr_hardfault
                0x100001ce                isr_svcall
                0x100001d0                isr_pendsv
                0x100001d2                isr_systick
                0x100001d4                __default_isrs_end
 *(.binary_info_header)
 .binary_info_header
                0x100001d4       0x14 CMakeFiles/pico_micro_ros.dir/home/victor/micro_ros_ws/src/pico-sdk/src/rp2_common/pico_crt0/crt0.S.o
                0x100001e8                        __binary_info_header_end = .
 *(.embedded_block)
                0x100001e8                        __embedded_block_end = .
 *(.reset)
 .reset         0x100001e8       0x9c CMakeFiles/pico_micro_ros.dir/home/victor/micro_ros_ws/src/pico-sdk/src/rp2_common/pico_crt0/crt0.S.o
                0x100001e8                _entry_point
 *(.init)
 .init          0x10000284        0x4 /usr/lib/gcc/arm-none-eabi/13.2.1/thumb/v6-m/nofp/crti.o
                0x10000284                _init
 *(EXCLUDE_FILE(*libm.a: *libc.a:*lib_a-mem*.o *libgcc.a:) .text*)
 .text          0x10000288       0x98 /usr/lib/gcc/arm-none-eabi/13.2.1/thumb/v6-m/nofp/crtbegin.o
 .text.pico_serial_transport_open
                0x10000320       0x18 CMakeFiles/pico_micro_ros.dir/pico_uart_transport.c.o
                0x10000320                pico_serial_transport_open
 .text.pico_serial_transport_write
                0x10000338       0x4c CMakeFiles/pico_micro_ros.dir/pico_uart_transport.c.o
                0x10000338                pico_serial_transport_write
 .text.startup.main
                0x10000384       0x34 CMakeFiles/pico_micro_ros.dir/src/main_transport_tx_test.c.o
                0x10000384                main
 .text.rp2040_chip_version
                0x100003b8        0xc CMakeFiles/pico_micro_ros.dir/home/victor/micro_ros_ws/src/pico-sdk/src/rp2040/pico_platform/platform.c.o
                0x100003b8                rp2040_chip_version
 .text.panic    0x100003c4       0x30 CMakeFiles/pico_micro_ros.dir/home/victor/micro_ros_ws/src/pico-sdk/src/rp2_common/pico_platform_panic/panic.c.o
                0x100003c4                panic
 .text.hw_claim_or_assert
                0x100003f4       0x44 CMakeFiles/pico_micro_ros.dir/home/victor/micro_ros_ws/src/pico-sdk/src/common/hardware_claim/claim.c.o
                0x100003f4                hw_claim_or_assert
 .text.hw_claim_unused_from_range
                0x10000438       0x9c CMakeFiles/pico_micro_ros.dir/home/victor/micro_ros_ws/src/pico-sdk/src/common/hardware_claim/claim.c.o
                0x10000438                hw_claim_unused_from_range
 .text.next_striped_spin_lock_num
                0x100004d4       0x18 CMakeFiles/pico_micro_ros.dir/home/victor/micro_ros_ws/src/pico-sdk/src/rp2_common/hardware_sync/sync.c.o
                0x100004d4                next_striped_spin_lock_num
 .text.spin_lock_claim_unused
                0x100004ec       0x24 CMakeFiles/pico_micro_ros.dir/home/victor/micro_ros_ws/src/pico-sdk/src/rp2_common/hardware_sync/sync.c.o
                0x100004ec                spin_lock_claim_unused
 .text.spin_locks_reset
                0x10000510       0x1c CMakeFiles/pico_micro_ros.dir/home/victor/micro_ros_ws/src/pico-sdk/src/rp2_common/hardware_sync_spin_lock/sync_spin_lock.c.o
                0x10000510                spin_locks_reset
 .text.runtime_init_per_core_irq_priorities
                0x1000052c       0x24 CMakeFiles/pico_micro_ros.dir/home/victor/micro_ros_ws/src/pico-sdk/src/rp2_common/hardware_irq/irq.c.o
                0x1000052c                runtime_init_per_core_irq_priorities
 .text.irq_set_enabled
                0x10000550       0x24 CMakeFiles/pico_micro_ros.dir/home/victor/micro_ros_ws/src/pico-sdk/src/rp2_common/hardware_irq/irq.c.o
                0x10000550                irq_set_enabled
 .text.irq_is_enabled
                0x10000574       0x18 CMakeFiles/pico_micro_ros.dir/home/victor/micro_ros_ws/src/pico-sdk/src/rp2_common/hardware_irq/irq.c.o
                0x10000574                irq_is_enabled
 .text.irq_set_pending
                0x1000058c       0x10 CMakeFiles/pico_micro_ros.dir/home/victor/micro_ros_ws/src/pico-sdk/src/rp2_common/hardware_irq/irq.c.o
                0x1000058c                irq_set_pending
 .text.irq_has_shared_handler
                0x1000059c       0x24 CMakeFiles/pico_micro_ros.dir/home/victor/micro_ros_ws/src/pico-sdk/src/rp2_common/hardware_irq/irq.c.o
                0x1000059c                irq_has_shared_handler
 .text.irq_set_exclusive_handler
                0x100005c0       0x54 CMakeFiles/pico_micro_ros.dir/home/victor/micro_ros_ws/src/pico-sdk/src/rp2_common/hardware_irq/irq.c.o
                0x100005c0                irq_set_exclusive_handler
 .text.irq_add_shared_handler
                0x10000614      0x1f4 CMakeFiles/pico_micro_ros.dir/home/victor/micro_ros_ws/src/pico-sdk/src/rp2_common/hardware_irq/irq.c.o
                0x10000614                irq_add_shared_handler
 .text.irq_add_tail_to_free_list
                0x10000808       0xb4 CMakeFiles/pico_micro_ros.dir/home/victor/micro_ros_ws/src/pico-sdk/src/rp2_common/hardware_irq/irq.c.o
                0x10000808                irq_add_tail_to_free_list
 .text.user_irq_claim_unused
                0x100008bc       0x2c CMakeFiles/pico_micro_ros.dir/home/victor/micro_ros_ws/src/pico-sdk/src/rp2_common/hardware_irq/irq.c.o
                0x100008bc                user_irq_claim_unused
 .text.lock_init
                0x100008e8       0x10 CMakeFiles/pico_micro_ros.dir/home/victor/micro_ros_ws/src/pico-sdk/src/common/pico_sync/lock_core.c.o
                0x100008e8                lock_init
 .text.runtime_init_mutex
                0x100008f8       0x50 CMakeFiles/pico_micro_ros.dir/home/victor/micro_ros_ws/src/pico-sdk/src/common/pico_sync/mutex.c.o
                0x100008f8                runtime_init_mutex
 .text.mutex_init
                0x10000948       0x1c CMakeFiles/pico_micro_ros.dir/home/victor/micro_ros_ws/src/pico-sdk/src/common/pico_sync/mutex.c.o
                0x10000948                mutex_init
 .text.critical_section_init
                0x10000964       0x1c CMakeFiles/pico_micro_ros.dir/home/victor/micro_ros_ws/src/pico-sdk/src/common/pico_sync/critical_section.c.o
                0x10000964                critical_section_init
 .text.critical_section_init_with_lock_num
                0x10000980       0x14 CMakeFiles/pico_micro_ros.dir/home/victor/micro_ros_ws/src/pico-sdk/src/common/pico_sync/critical_section.c.o
                0x10000980                critical_section_init_with_lock_num
 .text.sleep_until_callback
                0x10000994       0x30 CMakeFiles/pico_micro_ros.dir/home/victor/micro_ros_ws/src/pico-sdk/src/common/pico_time/time.c.o
 .text.alarm_pool_irq_handler
                0x100009c4      0x2fc CMakeFiles/pico_micro_ros.dir/home/victor/micro_ros_ws/src/pico-sdk/src/common/pico_time/time.c.o
 .text.runtime_init_default_alarm_pool
                0x10000cc0       0xdc CMakeFiles/pico_micro_ros.dir/home/victor/micro_ros_ws/src/pico-sdk/src/common/pico_time/time.c.o
                0x10000cc0                runtime_init_default_alarm_pool
 .text.alarm_pool_get_default
                0x10000d9c        0x8 CMakeFiles/pico_micro_ros.dir/home/victor/micro_ros_ws/src/pico-sdk/src/common/pico_time/time.c.o
                0x10000d9c                alarm_pool_get_default
 .text.alarm_pool_add_alarm_at
                0x10000da4       0xd4 CMakeFiles/pico_micro_ros.dir/home/victor/micro_ros_ws/src/pico-sdk/src/common/pico_time/time.c.o
                0x10000da4                alarm_pool_add_alarm_at
 .text.alarm_pool_add_alarm_at_force_in_context
                0x10000e78       0xb0 CMakeFiles/pico_micro_ros.dir/home/victor/micro_ros_ws/src/pico-sdk/src/common/pico_time/time.c.o
                0x10000e78                alarm_pool_add_alarm_at_force_in_context
 .text.alarm_pool_cancel_alarm
                0x10000f28       0x74 CMakeFiles/pico_micro_ros.dir/home/victor/micro_ros_ws/src/pico-sdk/src/common/pico_time/time.c.o
                0x10000f28                alarm_pool_cancel_alarm
 .text.alarm_pool_core_num
                0x10000f9c        0x4 CMakeFiles/pico_micro_ros.dir/home/victor/micro_ros_ws/src/pico-sdk/src/common/pico_time/time.c.o
                0x10000f9c                alarm_pool_core_num
 .text.sleep_until
                0x10000fa0       0xd8 CMakeFiles/pico_micro_ros.dir/home/victor/micro_ros_ws/src/pico-sdk/src/common/pico_time/time.c.o
                0x10000fa0                sleep_until
 .text.sleep_ms
                0x10001078       0x38 CMakeFiles/pico_micro_ros.dir/home/victor/micro_ros_ws/src/pico-sdk/src/common/pico_time/time.c.o
                0x10001078                sleep_ms
 .text.best_effort_wfe_or_timeout
                0x100010b0       0xf8 CMakeFiles/pico_micro_ros.dir/home/victor/micro_ros_ws/src/pico-sdk/src/common/pico_time/time.c.o
                0x100010b0                best_effort_wfe_or_timeout
 .text.timer_hardware_alarm_claim
                0x100011a8       0x14 CMakeFiles/pico_micro_ros.dir/home/victor/micro_ros_ws/src/pico-sdk/src/rp2_common/hardware_timer/timer.c.o
                0x100011a8                timer_hardware_alarm_claim
 .text.timer_time_us_64
                0x100011bc       0x10 CMakeFiles/pico_micro_ros.dir/home/victor/micro_ros_ws/src/pico-sdk/src/rp2_common/hardware_timer/timer.c.o
                0x100011bc                timer_time_us_64
 .text.time_us_64
                0x100011cc       0x14 CMakeFiles/pico_micro_ros.dir/home/victor/micro_ros_ws/src/pico-sdk/src/rp2_common/hardware_timer/timer.c.o
                0x100011cc                time_us_64
 .text.busy_wait_until
                0x100011e0       0x20 CMakeFiles/pico_micro_ros.dir/home/victor/micro_ros_ws/src/pico-sdk/src/rp2_common/hardware_timer/timer.c.o
                0x100011e0                busy_wait_until
 .text.clock_configure_int_divider
                0x10001200       0xf4 CMakeFiles/pico_micro_ros.dir/home/victor/micro_ros_ws/src/pico-sdk/src/rp2_common/hardware_clocks/clocks.c.o
                0x10001200                clock_configure_int_divider
 .text.clock_configure_undivided
                0x100012f4       0xe8 CMakeFiles/pico_micro_ros.dir/home/victor/micro_ros_ws/src/pico-sdk/src/rp2_common/hardware_clocks/clocks.c.o
                0x100012f4                clock_configure_undivided
 .text.clock_get_hz
                0x100013dc        0xc CMakeFiles/pico_micro_ros.dir/home/victor/micro_ros_ws/src/pico-sdk/src/rp2_common/hardware_clocks/clocks.c.o
                0x100013dc                clock_get_hz
 .text.pll_init
                0x100013e8       0xa4 CMakeFiles/pico_micro_ros.dir/home/victor/micro_ros_ws/src/pico-sdk/src/rp2_common/hardware_pll/pll.c.o
                0x100013e8                pll_init
 .text.watchdog_reboot
                0x1000148c       0x9c CMakeFiles/pico_micro_ros.dir/home/victor/micro_ros_ws/src/pico-sdk/src/rp2_common/hardware_watchdog/watchdog.c.o
                0x1000148c                watchdog_reboot
 .text.tick_start
                0x10001528       0x10 CMakeFiles/pico_micro_ros.dir/home/victor/micro_ros_ws/src/pico-sdk/src/rp2_common/hardware_ticks/ticks.c.o
                0x10001528                tick_start
 .text.rom_func_lookup
                0x10001538       0x10 CMakeFiles/pico_micro_ros.dir/home/victor/micro_ros_ws/src/pico-sdk/src/rp2_common/pico_bootrom/bootrom.c.o
                0x10001538                rom_func_lookup
 .text.rom_data_lookup
                0x10001548       0x10 CMakeFiles/pico_micro_ros.dir/home/victor/micro_ros_ws/src/pico-sdk/src/rp2_common/pico_bootrom/bootrom.c.o
                0x10001548                rom_data_lookup
 .text.rom_funcs_lookup
                0x10001558       0x44 CMakeFiles/pico_micro_ros.dir/home/victor/micro_ros_ws/src/pico-sdk/src/rp2_common/pico_bootrom/bootrom.c.o
                0x10001558                rom_funcs_lookup
 .text.rom_reset_usb_boot_extra
                0x1000159c       0x28 CMakeFiles/pico_micro_ros.dir/home/victor/micro_ros_ws/src/pico-sdk/src/rp2_common/pico_bootrom/bootrom.c.o
                0x1000159c                rom_reset_usb_boot_extra
 .text.xosc_init
                0x100015c4       0x28 CMakeFiles/pico_micro_ros.dir/home/victor/micro_ros_ws/src/pico-sdk/src/rp2_common/hardware_xosc/xosc.c.o
                0x100015c4                xosc_init
 .text.first_per_core_initializer
                0x100015ec        0x4 CMakeFiles/pico_micro_ros.dir/home/victor/micro_ros_ws/src/pico-sdk/src/rp2_common/pico_runtime/runtime.c.o
 .text.hard_assertion_failure
                0x100015f0        0xc CMakeFiles/pico_micro_ros.dir/home/victor/micro_ros_ws/src/pico-sdk/src/rp2_common/pico_runtime/runtime.c.o
                0x100015f0                hard_assertion_failure
 .text.runtime_run_initializers
                0x100015fc       0x28 CMakeFiles/pico_micro_ros.dir/home/victor/micro_ros_ws/src/pico-sdk/src/rp2_common/pico_runtime/runtime.c.o
                0x100015fc                runtime_run_initializers
 .text.runtime_init_early_resets
                0x10001624       0x2c CMakeFiles/pico_micro_ros.dir/home/victor/micro_ros_ws/src/pico-sdk/src/rp2_common/pico_runtime_init/runtime_init.c.o
                0x10001624                runtime_init_early_resets
 .text.runtime_init_usb_power_down
                0x10001650       0x1c CMakeFiles/pico_micro_ros.dir/home/victor/micro_ros_ws/src/pico-sdk/src/rp2_common/pico_runtime_init/runtime_init.c.o
                0x10001650                runtime_init_usb_power_down
 .text.runtime_init_post_clock_resets
                0x1000166c       0x20 CMakeFiles/pico_micro_ros.dir/home/victor/micro_ros_ws/src/pico-sdk/src/rp2_common/pico_runtime_init/runtime_init.c.o
                0x1000166c                runtime_init_post_clock_resets
 .text.runtime_init_rp2040_gpio_ie_disable
                0x1000168c       0x14 CMakeFiles/pico_micro_ros.dir/home/victor/micro_ros_ws/src/pico-sdk/src/rp2_common/pico_runtime_init/runtime_init.c.o
                0x1000168c                runtime_init_rp2040_gpio_ie_disable
 .text.runtime_init_spin_locks_reset
                0x100016a0        0x8 CMakeFiles/pico_micro_ros.dir/home/victor/micro_ros_ws/src/pico-sdk/src/rp2_common/pico_runtime_init/runtime_init.c.o
                0x100016a0                runtime_init_spin_locks_reset
 .text.runtime_init_install_ram_vector_table
                0x100016a8       0xb4 CMakeFiles/pico_micro_ros.dir/home/victor/micro_ros_ws/src/pico-sdk/src/rp2_common/pico_runtime_init/runtime_init.c.o
                0x100016a8                runtime_init_install_ram_vector_table
 .text.runtime_init_clocks
                0x1000175c       0xd8 CMakeFiles/pico_micro_ros.dir/home/victor/micro_ros_ws/src/pico-sdk/src/rp2_common/pico_runtime_init/runtime_init_clocks.c.o
                0x1000175c                runtime_init_clocks
 .text          0x10001834       0x10 CMakeFiles/pico_micro_ros.dir/home/victor/micro_ros_ws/src/pico-sdk/src/rp2_common/pico_bit_ops/bit_ops_aeabi.S.o
 .text.__wrap___aeabi_uidiv
                0x10001844       0x4c CMakeFiles/pico_micro_ros.dir/home/victor/micro_ros_ws/src/pico-sdk/src/rp2_common/pico_divider/divider_hardware.S.o
                0x10001844                __wrap___aeabi_uidiv
                0x10001844                __wrap___aeabi_uidivmod
                0x10001844                div_u32u32
                0x10001844                divmod_u32u32
                0x1000184c                divmod_u32u32_unsafe
                0x10001874                divmod_u32u32_savestate
 .text.__aeabi_double_init
                0x10001890       0xa4 CMakeFiles/pico_micro_ros.dir/home/victor/micro_ros_ws/src/pico-sdk/src/rp2_common/pico_double/double_init_rom_rp2040.c.o
                0x10001890                __aeabi_double_init
 .text.double_table_shim_on_use_helper
                0x10001934       0x2c CMakeFiles/pico_micro_ros.dir/home/victor/micro_ros_ws/src/pico-sdk/src/rp2_common/pico_double/double_v1_rom_shim_rp2040.S.o
                0x10001934                double_table_shim_on_use_helper
 .text.__aeabi_lmul
                0x10001960       0x32 CMakeFiles/pico_micro_ros.dir/home/victor/micro_ros_ws/src/pico-sdk/src/rp2_common/pico_int64_ops/pico_int64_ops_aeabi.S.o
                0x10001960                __wrap___aeabi_lmul
 *fill*         0x10001992        0x2 
 .text.__aeabi_float_init
                0x10001994       0x64 CMakeFiles/pico_micro_ros.dir/home/victor/micro_ros_ws/src/pico-sdk/src/rp2_common/pico_float/float_init_rom_rp2040.c.o
                0x10001994                __aeabi_float_init
 .text.float_table_shim_on_use_helper
                0x100019f8       0x2c CMakeFiles/pico_micro_ros.dir/home/victor/micro_ros_ws/src/pico-sdk/src/rp2_common/pico_float/float_v1_rom_shim_rp2040.S.o
                0x100019f8                float_table_shim_on_use_helper
 .text          0x10001a24       0x10 CMakeFiles/pico_micro_ros.dir/home/victor/micro_ros_ws/src/pico-sdk/src/rp2_common/pico_mem_ops/mem_ops_aeabi.S.o
                0x10001a24                __aeabi_mem_init
 .text.memset   0x10001a34        0xc CMakeFiles/pico_micro_ros.dir/home/victor/micro_ros_ws/src/pico-sdk/src/rp2_common/pico_mem_ops/mem_ops_aeabi.S.o
                0x10001a34                __wrap_memset
 .text.memcpy   0x10001a40        0xc CMakeFiles/pico_micro_ros.dir/home/victor/micro_ros_ws/src/pico-sdk/src/rp2_common/pico_mem_ops/mem_ops_aeabi.S.o
                0x10001a40                __wrap___aeabi_memcpy
                0x10001a40                __wrap_memcpy
 .text._out_char
                0x10001a4c       0x10 CMakeFiles/pico_micro_ros.dir/home/victor/micro_ros_ws/src/pico-sdk/src/rp2_common/pico_printf/printf.c.o
 .text.weak_raw_vprintf
                0x10001a5c       0x30 CMakeFiles/pico_micro_ros.dir/home/victor/micro_ros_ws/src/pico-sdk/src/rp2_common/pico_printf/printf.c.o
                0x10001a5c                weak_raw_vprintf
 .text._exit    0x10001a8c        0x4 CMakeFiles/pico_micro_ros.dir/home/victor/micro_ros_ws/src/pico-sdk/src/rp2_common/pico_clib_interface/newlib_interface.c.o
                0x10001a8c                _exit
 .text.exit     0x10001a90        0x8 CMakeFiles/pico_micro_ros.dir/home/victor/micro_ros_ws/src/pico-sdk/src/rp2_common/pico_clib_interface/newlib_interface.c.o
                0x10001a90                exit
 .text.runtime_init
                0x10001a98       0x2c CMakeFiles/pico_micro_ros.dir/home/victor/micro_ros_ws/src/pico-sdk/src/rp2_common/pico_clib_interface/newlib_interface.c.o
                0x10001a98                runtime_init
 .text.stdio_out_chars_no_crlf
                0x10001ac4       0x10 CMakeFiles/pico_micro_ros.dir/home/victor/micro_ros_ws/src/pico-sdk/src/rp2_common/pico_stdio/stdio.c.o
 .text.stdio_out_chars_crlf
                0x10001ad4       0x10 CMakeFiles/pico_micro_ros.dir/home/victor/micro_ros_ws/src/pico-sdk/src/rp2_common/pico_stdio/stdio.c.o
 .text.stdio_put_string
                0x10001ae4      0x100 CMakeFiles/pico_micro_ros.dir/home/victor/micro_ros_ws/src/pico-sdk/src/rp2_common/pico_stdio/stdio.c.o
                0x10001ae4                stdio_put_string
 .text.stdio_set_driver_enabled
                0x10001be4       0x30 CMakeFiles/pico_micro_ros.dir/home/victor/micro_ros_ws/src/pico-sdk/src/rp2_common/pico_stdio/stdio.c.o
                0x10001be4                stdio_set_driver_enabled
 .text.stdio_init_all
                0x10001c14        0x8 CMakeFiles/pico_micro_ros.dir/home/victor/micro_ros_ws/src/pico-sdk/src/rp2_common/pico_stdio/stdio.c.o
                0x10001c14                stdio_init_all
 .text.__wrap_putchar
                0x10001c1c       0x98 CMakeFiles/pico_micro_ros.dir/home/victor/micro_ros_ws/src/pico-sdk/src/rp2_common/pico_stdio/stdio.c.o
                0x10001c1c                stdio_putchar
                0x10001c1c                __wrap_putchar
 .text.__wrap_puts
                0x10001cb4       0x3c CMakeFiles/pico_micro_ros.dir/home/victor/micro_ros_ws/src/pico-sdk/src/rp2_common/pico_stdio/stdio.c.o
                0x10001cb4                __wrap_puts
                0x10001cb4                stdio_puts
 .text.resetd_init
                0x10001cf0        0x4 CMakeFiles/pico_micro_ros.dir/home/victor/micro_ros_ws/src/pico-sdk/src/rp2_common/pico_stdio_usb/reset_interface.c.o
 .text.resetd_reset
                0x10001cf4        0xc CMakeFiles/pico_micro_ros.dir/home/victor/micro_ros_ws/src/pico-sdk/src/rp2_common/pico_stdio_usb/reset_interface.c.o
 .text.resetd_open
                0x10001d00       0x28 CMakeFiles/pico_micro_ros.dir/home/victor/micro_ros_ws/src/pico-sdk/src/rp2_common/pico_stdio_usb/reset_interface.c.o
 .text.resetd_xfer_cb
                0x10001d28        0x4 CMakeFiles/pico_micro_ros.dir/home/victor/micro_ros_ws/src/pico-sdk/src/rp2_common/pico_stdio_usb/reset_interface.c.o
 .text.resetd_control_xfer_cb
                0x10001d2c       0x5c CMakeFiles/pico_micro_ros.dir/home/victor/micro_ros_ws/src/pico-sdk/src/rp2_common/pico_stdio_usb/reset_interface.c.o
 .text.tud_descriptor_bos_cb
                0x10001d88        0x8 CMakeFiles/pico_micro_ros.dir/home/victor/micro_ros_ws/src/pico-sdk/src/rp2_common/pico_stdio_usb/reset_interface.c.o
                0x10001d88                tud_descriptor_bos_cb
 .text.tud_vendor_control_xfer_cb
                0x10001d90       0x34 CMakeFiles/pico_micro_ros.dir/home/victor/micro_ros_ws/src/pico-sdk/src/rp2_common/pico_stdio_usb/reset_interface.c.o
                0x10001d90                tud_vendor_control_xfer_cb
 .text.usbd_app_driver_get_cb
                0x10001dc4        0xc CMakeFiles/pico_micro_ros.dir/home/victor/micro_ros_ws/src/pico-sdk/src/rp2_common/pico_stdio_usb/reset_interface.c.o
                0x10001dc4                usbd_app_driver_get_cb
 .text.tud_cdc_line_coding_cb
                0x10001dd0       0x2c CMakeFiles/pico_micro_ros.dir/home/victor/micro_ros_ws/src/pico-sdk/src/rp2_common/pico_stdio_usb/reset_interface.c.o
                0x10001dd0                tud_cdc_line_coding_cb
 .text.stdio_usb_set_chars_available_callback
                0x10001dfc       0x14 CMakeFiles/pico_micro_ros.dir/home/victor/micro_ros_ws/src/pico-sdk/src/rp2_common/pico_stdio_usb/stdio_usb.c.o
                0x10001dfc                stdio_usb_set_chars_available_callback
 .text.usb_irq  0x10001e10       0x10 CMakeFiles/pico_micro_ros.dir/home/victor/micro_ros_ws/src/pico-sdk/src/rp2_common/pico_stdio_usb/stdio_usb.c.o
 .text.timer_task
                0x10001e20       0x64 CMakeFiles/pico_micro_ros.dir/home/victor/micro_ros_ws/src/pico-sdk/src/rp2_common/pico_stdio_usb/stdio_usb.c.o
 .text.stdio_usb_out_flush
                0x10001e84       0x50 CMakeFiles/pico_micro_ros.dir/home/victor/micro_ros_ws/src/pico-sdk/src/rp2_common/pico_stdio_usb/stdio_usb.c.o
 .text.low_priority_worker_irq
                0x10001ed4       0xcc CMakeFiles/pico_micro_ros.dir/home/victor/micro_ros_ws/src/pico-sdk/src/rp2_common/pico_stdio_usb/stdio_usb.c.o
 .text.stdio_usb_in_chars
                0x10001fa0       0x98 CMakeFiles/pico_micro_ros.dir/home/victor/micro_ros_ws/src/pico-sdk/src/rp2_common/pico_stdio_usb/stdio_usb.c.o
                0x10001fa0                stdio_usb_in_chars
 .text.stdio_usb_out_chars
                0x10002038      0x108 CMakeFiles/pico_micro_ros.dir/home/victor/micro_ros_ws/src/pico-sdk/src/rp2_common/pico_stdio_usb/stdio_usb.c.o
 .text.stdio_usb_init
                0x10002140       0xec CMakeFiles/pico_micro_ros.dir/home/victor/micro_ros_ws/src/pico-sdk/src/rp2_common/pico_stdio_usb/stdio_usb.c.o
                0x10002140                stdio_usb_init
 .text.tud_descriptor_device_cb
                0x1000222c        0x8 CMakeFiles/pico_micro_ros.dir/home/victor/micro_ros_ws/src/pico-sdk/src/rp2_common/pico_stdio_usb/stdio_usb_descriptors.c.o
                0x1000222c                tud_descriptor_device_cb
 .text.tud_descriptor_configuration_cb
                0x10002234        0x8 CMakeFiles/pico_micro_ros.dir/home/victor/micro_ros_ws/src/pico-sdk/src/rp2_common/pico_stdio_usb/stdio_usb_descriptors.c.o
                0x10002234                tud_descriptor_configuration_cb
 .text.tud_descriptor_string_cb
                0x1000223c       0x78 CMakeFiles/pico_micro_ros.dir/home/victor/micro_ros_ws/src/pico-sdk/src/rp2_common/pico_stdio_usb/stdio_usb_descriptors.c.o
                0x1000223c                tud_descriptor_string_cb
 .text.startup._retrieve_unique_id_on_boot
                0x100022b4       0x10 CMakeFiles/pico_micro_ros.dir/home/victor/micro_ros_ws/src/pico-sdk/src/rp2_common/pico_unique_id/unique_id.c.o
 .text.pico_get_unique_board_id_string
                0x100022c4      0x1a8 CMakeFiles/pico_micro_ros.dir/home/victor/micro_ros_ws/src/pico-sdk/src/rp2_common/pico_unique_id/unique_id.c.o
                0x100022c4                pico_get_unique_board_id_string
 .text.flash_get_unique_id
                0x1000246c       0x3c CMakeFiles/pico_micro_ros.dir/home/victor/micro_ros_ws/src/pico-sdk/src/rp2_common/hardware_flash/flash.c.o
                0x1000246c                flash_get_unique_id
 .text.dcd_init
                0x100024a8       0x90 CMakeFiles/pico_micro_ros.dir/home/victor/micro_ros_ws/src/pico-sdk/lib/tinyusb/src/portable/raspberrypi/rp2040/dcd_rp2040.c.o
                0x100024a8                dcd_init
 .text.dcd_int_enable
                0x10002538        0xc CMakeFiles/pico_micro_ros.dir/home/victor/micro_ros_ws/src/pico-sdk/lib/tinyusb/src/portable/raspberrypi/rp2040/dcd_rp2040.c.o
                0x10002538                dcd_int_enable
 .text.dcd_set_address
                0x10002544       0x14 CMakeFiles/pico_micro_ros.dir/home/victor/micro_ros_ws/src/pico-sdk/lib/tinyusb/src/portable/raspberrypi/rp2040/dcd_rp2040.c.o
                0x10002544                dcd_set_address
 .text.dcd_sof_enable
                0x10002558       0x1c CMakeFiles/pico_micro_ros.dir/home/victor/micro_ros_ws/src/pico-sdk/lib/tinyusb/src/portable/raspberrypi/rp2040/dcd_rp2040.c.o
                0x10002558                dcd_sof_enable
 .text.dcd_edpt0_status_complete
                0x10002574       0x1c CMakeFiles/pico_micro_ros.dir/home/victor/micro_ros_ws/src/pico-sdk/lib/tinyusb/src/portable/raspberrypi/rp2040/dcd_rp2040.c.o
                0x10002574                dcd_edpt0_status_complete
 .text.dcd_edpt_open
                0x10002590      0x114 CMakeFiles/pico_micro_ros.dir/home/victor/micro_ros_ws/src/pico-sdk/lib/tinyusb/src/portable/raspberrypi/rp2040/dcd_rp2040.c.o
                0x10002590                dcd_edpt_open
 .text.dcd_edpt_close_all
                0x100026a4        0x8 CMakeFiles/pico_micro_ros.dir/home/victor/micro_ros_ws/src/pico-sdk/lib/tinyusb/src/portable/raspberrypi/rp2040/dcd_rp2040.c.o
                0x100026a4                dcd_edpt_close_all
 .text.dcd_edpt_xfer
                0x100026ac       0x24 CMakeFiles/pico_micro_ros.dir/home/victor/micro_ros_ws/src/pico-sdk/lib/tinyusb/src/portable/raspberrypi/rp2040/dcd_rp2040.c.o
                0x100026ac                dcd_edpt_xfer
 .text.dcd_edpt_stall
                0x100026d0       0x34 CMakeFiles/pico_micro_ros.dir/home/victor/micro_ros_ws/src/pico-sdk/lib/tinyusb/src/portable/raspberrypi/rp2040/dcd_rp2040.c.o
                0x100026d0                dcd_edpt_stall
 .text.dcd_edpt_clear_stall
                0x10002704       0x30 CMakeFiles/pico_micro_ros.dir/home/victor/micro_ros_ws/src/pico-sdk/lib/tinyusb/src/portable/raspberrypi/rp2040/dcd_rp2040.c.o
                0x10002704                dcd_edpt_clear_stall
 .text.rp2040_usb_init
                0x10002734       0x40 CMakeFiles/pico_micro_ros.dir/home/victor/micro_ros_ws/src/pico-sdk/lib/tinyusb/src/portable/raspberrypi/rp2040/rp2040_usb.c.o
                0x10002734                rp2040_usb_init
 .text.hw_endpoint_xfer_start
                0x10002774       0x40 CMakeFiles/pico_micro_ros.dir/home/victor/micro_ros_ws/src/pico-sdk/lib/tinyusb/src/portable/raspberrypi/rp2040/rp2040_usb.c.o
                0x10002774                hw_endpoint_xfer_start
 .text.tud_event_hook_cb
                0x100027b4        0x4 CMakeFiles/pico_micro_ros.dir/home/victor/micro_ros_ws/src/pico-sdk/lib/tinyusb/src/device/usbd.c.o
                0x100027b4                tud_event_hook_cb
 .text.tud_sof_cb
                0x100027b8        0x4 CMakeFiles/pico_micro_ros.dir/home/victor/micro_ros_ws/src/pico-sdk/lib/tinyusb/src/device/usbd.c.o
                0x100027b8                tud_sof_cb
 .text.tud_descriptor_device_qualifier_cb
                0x100027bc        0x4 CMakeFiles/pico_micro_ros.dir/home/victor/micro_ros_ws/src/pico-sdk/lib/tinyusb/src/device/usbd.c.o
                0x100027bc                tud_descriptor_device_qualifier_cb
 .text.tud_descriptor_other_speed_configuration_cb
                0x100027c0        0x4 CMakeFiles/pico_micro_ros.dir/home/victor/micro_ros_ws/src/pico-sdk/lib/tinyusb/src/device/usbd.c.o
                0x100027c0                tud_descriptor_other_speed_configuration_cb
 .text.tud_mount_cb
                0x100027c4        0x4 CMakeFiles/pico_micro_ros.dir/home/victor/micro_ros_ws/src/pico-sdk/lib/tinyusb/src/device/usbd.c.o
                0x100027c4                tud_mount_cb
 .text.tud_umount_cb
                0x100027c8        0x4 CMakeFiles/pico_micro_ros.dir/home/victor/micro_ros_ws/src/pico-sdk/lib/tinyusb/src/device/usbd.c.o
                0x100027c8                tud_umount_cb
 .text.tud_suspend_cb
                0x100027cc        0x4 CMakeFiles/pico_micro_ros.dir/home/victor/micro_ros_ws/src/pico-sdk/lib/tinyusb/src/device/usbd.c.o
                0x100027cc                tud_suspend_cb
 .text.tud_resume_cb
                0x100027d0        0x4 CMakeFiles/pico_micro_ros.dir/home/victor/micro_ros_ws/src/pico-sdk/lib/tinyusb/src/device/usbd.c.o
                0x100027d0                tud_resume_cb
 .text.tud_mounted
                0x100027d4       0x10 CMakeFiles/pico_micro_ros.dir/home/victor/micro_ros_ws/src/pico-sdk/lib/tinyusb/src/device/usbd.c.o
                0x100027d4                tud_mounted
 .text.tud_suspended
                0x100027e4       0x10 CMakeFiles/pico_micro_ros.dir/home/victor/micro_ros_ws/src/pico-sdk/lib/tinyusb/src/device/usbd.c.o
                0x100027e4                tud_suspended
 .text.tud_rhport_init
                0x100027f4       0xfc CMakeFiles/pico_micro_ros.dir/home/victor/micro_ros_ws/src/pico-sdk/lib/tinyusb/src/device/usbd.c.o
                0x100027f4                tud_rhport_init
 .text.tud_task_ext
                0x100028f0      0x800 CMakeFiles/pico_micro_ros.dir/home/victor/micro_ros_ws/src/pico-sdk/lib/tinyusb/src/device/usbd.c.o
                0x100028f0                tud_task_ext
 .text.usbd_open_edpt_pair
                0x100030f0       0x9c CMakeFiles/pico_micro_ros.dir/home/victor/micro_ros_ws/src/pico-sdk/lib/tinyusb/src/device/usbd.c.o
                0x100030f0                usbd_open_edpt_pair
 .text.usbd_edpt_open
                0x1000318c       0x34 CMakeFiles/pico_micro_ros.dir/home/victor/micro_ros_ws/src/pico-sdk/lib/tinyusb/src/device/usbd.c.o
                0x1000318c                usbd_edpt_open
 .text.usbd_edpt_claim
                0x100031c0       0x28 CMakeFiles/pico_micro_ros.dir/home/victor/micro_ros_ws/src/pico-sdk/lib/tinyusb/src/device/usbd.c.o
                0x100031c0                usbd_edpt_claim
 .text.usbd_edpt_release
                0x100031e8       0x28 CMakeFiles/pico_micro_ros.dir/home/victor/micro_ros_ws/src/pico-sdk/lib/tinyusb/src/device/usbd.c.o
                0x100031e8                usbd_edpt_release
 .text.usbd_edpt_xfer
                0x10003210       0x4c CMakeFiles/pico_micro_ros.dir/home/victor/micro_ros_ws/src/pico-sdk/lib/tinyusb/src/device/usbd.c.o
                0x10003210                usbd_edpt_xfer
 .text.tud_control_status
                0x1000325c       0x2c CMakeFiles/pico_micro_ros.dir/home/victor/micro_ros_ws/src/pico-sdk/lib/tinyusb/src/device/usbd_control.c.o
                0x1000325c                tud_control_status
 .text.tud_control_xfer
                0x10003288       0xac CMakeFiles/pico_micro_ros.dir/home/victor/micro_ros_ws/src/pico-sdk/lib/tinyusb/src/device/usbd_control.c.o
                0x10003288                tud_control_xfer
 .text.usbd_control_reset
                0x10003334       0x14 CMakeFiles/pico_micro_ros.dir/home/victor/micro_ros_ws/src/pico-sdk/lib/tinyusb/src/device/usbd_control.c.o
                0x10003334                usbd_control_reset
 .text.usbd_control_set_complete_callback
                0x10003348        0xc CMakeFiles/pico_micro_ros.dir/home/victor/micro_ros_ws/src/pico-sdk/lib/tinyusb/src/device/usbd_control.c.o
                0x10003348                usbd_control_set_complete_callback
 .text.usbd_control_set_request
                0x10003354       0x1c CMakeFiles/pico_micro_ros.dir/home/victor/micro_ros_ws/src/pico-sdk/lib/tinyusb/src/device/usbd_control.c.o
                0x10003354                usbd_control_set_request
 .text.usbd_control_xfer_cb
                0x10003370       0xec CMakeFiles/pico_micro_ros.dir/home/victor/micro_ros_ws/src/pico-sdk/lib/tinyusb/src/device/usbd_control.c.o
                0x10003370                usbd_control_xfer_cb
 .text._prep_out_transaction.isra.0
                0x1000345c       0x6c CMakeFiles/pico_micro_ros.dir/home/victor/micro_ros_ws/src/pico-sdk/lib/tinyusb/src/class/cdc/cdc_device.c.o
 .text.tud_cdc_n_available
                0x100034c8       0x14 CMakeFiles/pico_micro_ros.dir/home/victor/micro_ros_ws/src/pico-sdk/lib/tinyusb/src/class/cdc/cdc_device.c.o
                0x100034c8                tud_cdc_n_available
 .text.tud_cdc_n_read
                0x100034dc       0x94 CMakeFiles/pico_micro_ros.dir/home/victor/micro_ros_ws/src/pico-sdk/lib/tinyusb/src/class/cdc/cdc_device.c.o
                0x100034dc                tud_cdc_n_read
 .text.tud_cdc_n_write_flush
                0x10003570       0x74 CMakeFiles/pico_micro_ros.dir/home/victor/micro_ros_ws/src/pico-sdk/lib/tinyusb/src/class/cdc/cdc_device.c.o
                0x10003570                tud_cdc_n_write_flush
 .text.tud_cdc_n_write
                0x100035e4       0x40 CMakeFiles/pico_micro_ros.dir/home/victor/micro_ros_ws/src/pico-sdk/lib/tinyusb/src/class/cdc/cdc_device.c.o
                0x100035e4                tud_cdc_n_write
 .text.tud_cdc_n_write_available
                0x10003624       0x14 CMakeFiles/pico_micro_ros.dir/home/victor/micro_ros_ws/src/pico-sdk/lib/tinyusb/src/class/cdc/cdc_device.c.o
                0x10003624                tud_cdc_n_write_available
 .text.cdcd_init
                0x10003638       0x70 CMakeFiles/pico_micro_ros.dir/home/victor/micro_ros_ws/src/pico-sdk/lib/tinyusb/src/class/cdc/cdc_device.c.o
                0x10003638                cdcd_init
 .text.cdcd_deinit
                0x100036a8       0x34 CMakeFiles/pico_micro_ros.dir/home/victor/micro_ros_ws/src/pico-sdk/lib/tinyusb/src/class/cdc/cdc_device.c.o
                0x100036a8                cdcd_deinit
 .text.cdcd_reset
                0x100036dc       0x4c CMakeFiles/pico_micro_ros.dir/home/victor/micro_ros_ws/src/pico-sdk/lib/tinyusb/src/class/cdc/cdc_device.c.o
                0x100036dc                cdcd_reset
 .text.cdcd_open
                0x10003728       0xa8 CMakeFiles/pico_micro_ros.dir/home/victor/micro_ros_ws/src/pico-sdk/lib/tinyusb/src/class/cdc/cdc_device.c.o
                0x10003728                cdcd_open
 .text.cdcd_control_xfer_cb
                0x100037d0       0xe8 CMakeFiles/pico_micro_ros.dir/home/victor/micro_ros_ws/src/pico-sdk/lib/tinyusb/src/class/cdc/cdc_device.c.o
                0x100037d0                cdcd_control_xfer_cb
 .text.cdcd_xfer_cb
                0x100038b8      0x100 CMakeFiles/pico_micro_ros.dir/home/victor/micro_ros_ws/src/pico-sdk/lib/tinyusb/src/class/cdc/cdc_device.c.o
                0x100038b8                cdcd_xfer_cb
 .text.vendord_init
                0x100039b8       0x5c CMakeFiles/pico_micro_ros.dir/home/victor/micro_ros_ws/src/pico-sdk/lib/tinyusb/src/class/vendor/vendor_device.c.o
                0x100039b8                vendord_init
 .text.vendord_deinit
                0x10003a14       0x1c CMakeFiles/pico_micro_ros.dir/home/victor/micro_ros_ws/src/pico-sdk/lib/tinyusb/src/class/vendor/vendor_device.c.o
                0x10003a14                vendord_deinit
 .text.vendord_reset
                0x10003a30       0x28 CMakeFiles/pico_micro_ros.dir/home/victor/micro_ros_ws/src/pico-sdk/lib/tinyusb/src/class/vendor/vendor_device.c.o
                0x10003a30                vendord_reset
 .text.vendord_open
                0x10003a58      0x128 CMakeFiles/pico_micro_ros.dir/home/victor/micro_ros_ws/src/pico-sdk/lib/tinyusb/src/class/vendor/vendor_device.c.o
                0x10003a58                vendord_open
 .text.vendord_xfer_cb
                0x10003b80       0x9c CMakeFiles/pico_micro_ros.dir/home/victor/micro_ros_ws/src/pico-sdk/lib/tinyusb/src/class/vendor/vendor_device.c.o
                0x10003b80                vendord_xfer_cb
 .text.tusb_rhport_init
                0x10003c1c       0x48 CMakeFiles/pico_micro_ros.dir/home/victor/micro_ros_ws/src/pico-sdk/lib/tinyusb/src/tusb.c.o
                0x10003c1c                tusb_rhport_init
 .text.tu_edpt_claim
                0x10003c64       0x50 CMakeFiles/pico_micro_ros.dir/home/victor/micro_ros_ws/src/pico-sdk/lib/tinyusb/src/tusb.c.o
                0x10003c64                tu_edpt_claim
 .text.tu_edpt_release
                0x10003cb4       0x38 CMakeFiles/pico_micro_ros.dir/home/victor/micro_ros_ws/src/pico-sdk/lib/tinyusb/src/tusb.c.o
                0x10003cb4                tu_edpt_release
 .text.tu_edpt_validate
                0x10003cec       0x7c CMakeFiles/pico_micro_ros.dir/home/victor/micro_ros_ws/src/pico-sdk/lib/tinyusb/src/tusb.c.o
                0x10003cec                tu_edpt_validate
 .text.tu_edpt_bind_driver
                0x10003d68       0x34 CMakeFiles/pico_micro_ros.dir/home/victor/micro_ros_ws/src/pico-sdk/lib/tinyusb/src/tusb.c.o
                0x10003d68                tu_edpt_bind_driver
 .text.tu_edpt_stream_init
                0x10003d9c       0x6c CMakeFiles/pico_micro_ros.dir/home/victor/micro_ros_ws/src/pico-sdk/lib/tinyusb/src/tusb.c.o
                0x10003d9c                tu_edpt_stream_init
 .text.tu_edpt_stream_deinit
                0x10003e08        0x4 CMakeFiles/pico_micro_ros.dir/home/victor/micro_ros_ws/src/pico-sdk/lib/tinyusb/src/tusb.c.o
                0x10003e08                tu_edpt_stream_deinit
 .text.tu_edpt_stream_write_zlp_if_needed
                0x10003e0c       0x68 CMakeFiles/pico_micro_ros.dir/home/victor/micro_ros_ws/src/pico-sdk/lib/tinyusb/src/tusb.c.o
                0x10003e0c                tu_edpt_stream_write_zlp_if_needed
 .text.tu_edpt_stream_write_xfer
                0x10003e74       0x64 CMakeFiles/pico_micro_ros.dir/home/victor/micro_ros_ws/src/pico-sdk/lib/tinyusb/src/tusb.c.o
                0x10003e74                tu_edpt_stream_write_xfer
 .text.tu_edpt_stream_read_xfer
                0x10003ed8       0xdc CMakeFiles/pico_micro_ros.dir/home/victor/micro_ros_ws/src/pico-sdk/lib/tinyusb/src/tusb.c.o
                0x10003ed8                tu_edpt_stream_read_xfer
 .text.tu_fifo_config
                0x10003fb4       0x6c CMakeFiles/pico_micro_ros.dir/home/victor/micro_ros_ws/src/pico-sdk/lib/tinyusb/src/common/tusb_fifo.c.o
                0x10003fb4                tu_fifo_config
 .text.tu_fifo_count
                0x10004020       0x2c CMakeFiles/pico_micro_ros.dir/home/victor/micro_ros_ws/src/pico-sdk/lib/tinyusb/src/common/tusb_fifo.c.o
                0x10004020                tu_fifo_count
 .text.tu_fifo_empty
                0x1000404c       0x10 CMakeFiles/pico_micro_ros.dir/home/victor/micro_ros_ws/src/pico-sdk/lib/tinyusb/src/common/tusb_fifo.c.o
                0x1000404c                tu_fifo_empty
 .text.tu_fifo_remaining
                0x1000405c       0x2c CMakeFiles/pico_micro_ros.dir/home/victor/micro_ros_ws/src/pico-sdk/lib/tinyusb/src/common/tusb_fifo.c.o
                0x1000405c                tu_fifo_remaining
 .text.tu_fifo_read
                0x10004088       0x9c CMakeFiles/pico_micro_ros.dir/home/victor/micro_ros_ws/src/pico-sdk/lib/tinyusb/src/common/tusb_fifo.c.o
                0x10004088                tu_fifo_read
 .text.tu_fifo_read_n
                0x10004124       0xe8 CMakeFiles/pico_micro_ros.dir/home/victor/micro_ros_ws/src/pico-sdk/lib/tinyusb/src/common/tusb_fifo.c.o
                0x10004124                tu_fifo_read_n
 .text.tu_fifo_write
                0x1000420c       0xa8 CMakeFiles/pico_micro_ros.dir/home/victor/micro_ros_ws/src/pico-sdk/lib/tinyusb/src/common/tusb_fifo.c.o
                0x1000420c                tu_fifo_write
 .text.tu_fifo_write_n
                0x100042b4      0x178 CMakeFiles/pico_micro_ros.dir/home/victor/micro_ros_ws/src/pico-sdk/lib/tinyusb/src/common/tusb_fifo.c.o
                0x100042b4                tu_fifo_write_n
 .text.tu_fifo_clear
                0x1000442c       0x40 CMakeFiles/pico_micro_ros.dir/home/victor/micro_ros_ws/src/pico-sdk/lib/tinyusb/src/common/tusb_fifo.c.o
                0x1000442c                tu_fifo_clear
 .text.tu_fifo_set_overwritable
                0x1000446c       0x48 CMakeFiles/pico_micro_ros.dir/home/victor/micro_ros_ws/src/pico-sdk/lib/tinyusb/src/common/tusb_fifo.c.o
                0x1000446c                tu_fifo_set_overwritable
 .text          0x100044b4       0x10 /usr/lib/gcc/arm-none-eabi/13.2.1/../../../arm-none-eabi/lib/thumb/v6-m/nofp/libg.a(libc_a-atexit.o)
                0x100044b4                atexit
 .text          0x100044c4       0x5c /usr/lib/gcc/arm-none-eabi/13.2.1/../../../arm-none-eabi/lib/thumb/v6-m/nofp/libg.a(libc_a-strlen-stub.o)
                0x100044c4                strlen
 .text          0x10004520       0x28 /usr/lib/gcc/arm-none-eabi/13.2.1/../../../arm-none-eabi/lib/thumb/v6-m/nofp/libg.a(libc_a-fini.o)
                0x10004520                __libc_fini_array
 .text          0x10004548       0x78 /usr/lib/gcc/arm-none-eabi/13.2.1/../../../arm-none-eabi/lib/thumb/v6-m/nofp/libg.a(libc_a-__atexit.o)
                0x10004548                __register_exitproc
 .text.startup  0x100045c0       0x18 /usr/lib/gcc/arm-none-eabi/13.2.1/../../../arm-none-eabi/lib/thumb/v6-m/nofp/libg.a(libc_a-__call_atexit.o)
 *(.fini)
 .fini          0x100045d8        0x4 /usr/lib/gcc/arm-none-eabi/13.2.1/thumb/v6-m/nofp/crti.o
                0x100045d8                _fini
 *fill*         0x100045dc        0x4 
 .fini.__stub   0x100045e0       0xb0 linker stubs
 *crtbegin.o(.ctors)
 *crtbegin?.o(.ctors)
 *(EXCLUDE_FILE(*crtend.o *crtend?.o) .ctors)
 *(SORT_BY_NAME(.ctors.*))
 *(.ctors)
 *crtbegin.o(.dtors)
 *crtbegin?.o(.dtors)
 *(EXCLUDE_FILE(*crtend.o *crtend?.o) .dtors)
 *(SORT_BY_NAME(.dtors.*))
 *(.dtors)
                0x10004690                        . = ALIGN (0x4)
                0x10004690                        PROVIDE (__preinit_array_start = .)
 *(SORT_BY_NAME(.preinit_array.*))
 .preinit_array.00100
                0x10004690        0x4 CMakeFiles/pico_micro_ros.dir/home/victor/micro_ros_ws/src/pico-sdk/src/rp2_common/pico_runtime_init/runtime_init.c.o
                0x10004690                __pre_init_runtime_init_early_resets
 .preinit_array.00101
                0x10004694        0x4 CMakeFiles/pico_micro_ros.dir/home/victor/micro_ros_ws/src/pico-sdk/src/rp2_common/pico_runtime_init/runtime_init.c.o
                0x10004694                __pre_init_runtime_init_usb_power_down
 .preinit_array.00275
                0x10004698        0x4 CMakeFiles/pico_micro_ros.dir/home/victor/micro_ros_ws/src/pico-sdk/src/rp2_common/pico_bit_ops/bit_ops_aeabi.S.o
 .preinit_array.00300
                0x1000469c        0x4 CMakeFiles/pico_micro_ros.dir/home/victor/micro_ros_ws/src/pico-sdk/src/rp2_common/pico_mem_ops/mem_ops_aeabi.S.o
 .preinit_array.00350
                0x100046a0        0x4 CMakeFiles/pico_micro_ros.dir/home/victor/micro_ros_ws/src/pico-sdk/src/rp2_common/pico_double/double_aeabi_rp2040.S.o
 .preinit_array.00350
                0x100046a4        0x4 CMakeFiles/pico_micro_ros.dir/home/victor/micro_ros_ws/src/pico-sdk/src/rp2_common/pico_float/float_aeabi_rp2040.S.o
 .preinit_array.00500
                0x100046a8        0x4 CMakeFiles/pico_micro_ros.dir/home/victor/micro_ros_ws/src/pico-sdk/src/rp2_common/pico_runtime_init/runtime_init.c.o
                0x100046a8                __pre_init_runtime_init_clocks
 .preinit_array.00600
                0x100046ac        0x4 CMakeFiles/pico_micro_ros.dir/home/victor/micro_ros_ws/src/pico-sdk/src/rp2_common/pico_runtime_init/runtime_init.c.o
                0x100046ac                __pre_init_runtime_init_post_clock_resets
 .preinit_array.00700
                0x100046b0        0x4 CMakeFiles/pico_micro_ros.dir/home/victor/micro_ros_ws/src/pico-sdk/src/rp2_common/pico_runtime_init/runtime_init.c.o
                0x100046b0                __pre_init_runtime_init_rp2040_gpio_ie_disable
 .preinit_array.01000
                0x100046b4        0x4 CMakeFiles/pico_micro_ros.dir/home/victor/micro_ros_ws/src/pico-sdk/src/rp2_common/pico_runtime_init/runtime_init.c.o
                0x100046b4                __pre_init_runtime_init_spin_locks_reset
 .preinit_array.01100
                0x100046b8        0x4 CMakeFiles/pico_micro_ros.dir/home/victor/micro_ros_ws/src/pico-sdk/src/common/pico_sync/mutex.c.o
                0x100046b8                __pre_init_runtime_init_mutex
 .preinit_array.10080
                0x100046bc        0x4 CMakeFiles/pico_micro_ros.dir/home/victor/micro_ros_ws/src/pico-sdk/src/rp2_common/pico_runtime_init/runtime_init.c.o
                0x100046bc                __pre_init_runtime_init_install_ram_vector_table
 .preinit_array.11000
                0x100046c0        0x4 CMakeFiles/pico_micro_ros.dir/home/victor/micro_ros_ws/src/pico-sdk/src/common/pico_time/time.c.o
                0x100046c0                __pre_init_runtime_init_default_alarm_pool
 .preinit_array.YYYYY
                0x100046c4        0x4 CMakeFiles/pico_micro_ros.dir/home/victor/micro_ros_ws/src/pico-sdk/src/rp2_common/pico_runtime/runtime.c.o
                0x100046c4                __pre_init_first_per_core_initializer
 .preinit_array.ZZZZZ.01200
                0x100046c8        0x4 CMakeFiles/pico_micro_ros.dir/home/victor/micro_ros_ws/src/pico-sdk/src/rp2_common/hardware_irq/irq.c.o
                0x100046c8                __pre_init_runtime_init_per_core_irq_priorities
 *(.preinit_array)
                0x100046cc                        PROVIDE (__preinit_array_end = .)
                0x100046cc                        . = ALIGN (0x4)
                0x100046cc                        PROVIDE (__init_array_start = .)
 *(SORT_BY_NAME(.init_array.*))
 .init_array.00000
                0x100046cc        0x4 /usr/lib/gcc/arm-none-eabi/13.2.1/../../../arm-none-eabi/lib/thumb/v6-m/nofp/libg.a(libc_a-__call_atexit.o)
 .init_array.01000
                0x100046d0        0x4 CMakeFiles/pico_micro_ros.dir/home/victor/micro_ros_ws/src/pico-sdk/src/rp2_common/pico_unique_id/unique_id.c.o
 *(.init_array)
 .init_array    0x100046d4        0x4 /usr/lib/gcc/arm-none-eabi/13.2.1/thumb/v6-m/nofp/crtbegin.o
                0x100046d8                        PROVIDE (__init_array_end = .)
                0x100046d8                        . = ALIGN (0x4)
                0x100046d8                        PROVIDE (__fini_array_start = .)
 *(SORT_BY_NAME(.fini_array.*))
 *(.fini_array)
                0x100046d8                        PROVIDE (__fini_array_end = .)
 *(.eh_frame*)
 .eh_frame      0x100046d8        0x0 /usr/lib/gcc/arm-none-eabi/13.2.1/thumb/v6-m/nofp/crtbegin.o
                0x100046d8                        . = ALIGN (0x4)

.glue_7         0x100046d8        0x0
 .glue_7        0x100046d8        0x0 linker stubs

.glue_7t        0x100046d8        0x0
 .glue_7t       0x100046d8        0x0 linker stubs

.vfp11_veneer   0x100046d8        0x0
 .vfp11_veneer  0x100046d8        0x0 linker stubs

.v4_bx          0x100046d8        0x0
 .v4_bx         0x100046d8        0x0 linker stubs

.iplt           0x100046d8        0x0
 .iplt          0x100046d8        0x0 /usr/lib/gcc/arm-none-eabi/13.2.1/thumb/v6-m/nofp/crtbegin.o

.rodata         0x100046d8      0x420
 *(EXCLUDE_FILE(*libm.a: *libc.a:*lib_a-mem*.o *libgcc.a:) .rodata*)
 .rodata.panic.str1.4
                0x100046d8      0x16c CMakeFiles/pico_micro_ros.dir/home/victor/micro_ros_ws/src/pico-sdk/src/rp2_common/pico_platform_panic/panic.c.o
                                 0x12 (size before relaxing)
 .rodata.spin_lock_claim_unused.str1.4
                0x10004844       0x1b CMakeFiles/pico_micro_ros.dir/home/victor/micro_ros_ws/src/pico-sdk/src/rp2_common/hardware_sync/sync.c.o
 .rodata.user_irq_claim_unused.str1.4
                0x10004844       0x1b CMakeFiles/pico_micro_ros.dir/home/victor/micro_ros_ws/src/pico-sdk/src/rp2_common/hardware_irq/irq.c.o
 .rodata.timer_hardware_alarm_claim.str1.4
                0x10004844       0x22 CMakeFiles/pico_micro_ros.dir/home/victor/micro_ros_ws/src/pico-sdk/src/rp2_common/hardware_timer/timer.c.o
 .rodata.hard_assertion_failure.str1.4
                0x10004844        0xc CMakeFiles/pico_micro_ros.dir/home/victor/micro_ros_ws/src/pico-sdk/src/rp2_common/pico_runtime/runtime.c.o
 .rodata.str1.4
                0x10004844       0x44 CMakeFiles/pico_micro_ros.dir/home/victor/micro_ros_ws/src/pico-sdk/src/rp2_common/pico_standard_binary_info/standard_binary_info.c.o
 .rodata.__bi_84
                0x10004844        0xc CMakeFiles/pico_micro_ros.dir/home/victor/micro_ros_ws/src/pico-sdk/src/rp2_common/pico_standard_binary_info/standard_binary_info.c.o
 .rodata.__bi_78
                0x10004850        0xc CMakeFiles/pico_micro_ros.dir/home/victor/micro_ros_ws/src/pico-sdk/src/rp2_common/pico_standard_binary_info/standard_binary_info.c.o
 .rodata.__bi_54
                0x1000485c        0xc CMakeFiles/pico_micro_ros.dir/home/victor/micro_ros_ws/src/pico-sdk/src/rp2_common/pico_standard_binary_info/standard_binary_info.c.o
 .rodata.__bi_48
                0x10004868        0xc CMakeFiles/pico_micro_ros.dir/home/victor/micro_ros_ws/src/pico-sdk/src/rp2_common/pico_standard_binary_info/standard_binary_info.c.o
 .rodata.__bi_42
                0x10004874        0xc CMakeFiles/pico_micro_ros.dir/home/victor/micro_ros_ws/src/pico-sdk/src/rp2_common/pico_standard_binary_info/standard_binary_info.c.o
 .rodata.__bi_34
                0x10004880        0xc CMakeFiles/pico_micro_ros.dir/home/victor/micro_ros_ws/src/pico-sdk/src/rp2_common/pico_standard_binary_info/standard_binary_info.c.o
 .rodata.__bi_26
                0x1000488c        0xc CMakeFiles/pico_micro_ros.dir/home/victor/micro_ros_ws/src/pico-sdk/src/rp2_common/pico_standard_binary_info/standard_binary_info.c.o
 .rodata._resetd_driver
                0x10004898       0x20 CMakeFiles/pico_micro_ros.dir/home/victor/micro_ros_ws/src/pico-sdk/src/rp2_common/pico_stdio_usb/reset_interface.c.o
 .rodata.desc_ms_os_20
                0x100048b8       0xa6 CMakeFiles/pico_micro_ros.dir/home/victor/micro_ros_ws/src/pico-sdk/src/rp2_common/pico_stdio_usb/reset_interface.c.o
 *fill*         0x1000495e        0x2 
 .rodata.desc_bos
                0x10004960       0x21 CMakeFiles/pico_micro_ros.dir/home/victor/micro_ros_ws/src/pico-sdk/src/rp2_common/pico_stdio_usb/reset_interface.c.o
                0x10004960                desc_bos
 .rodata.str1.4
                0x10004981       0x13 CMakeFiles/pico_micro_ros.dir/home/victor/micro_ros_ws/src/pico-sdk/src/rp2_common/pico_stdio_usb/stdio_usb.c.o
 *fill*         0x10004981        0x3 
 .rodata.__bi_202.0
                0x10004984        0xc CMakeFiles/pico_micro_ros.dir/home/victor/micro_ros_ws/src/pico-sdk/src/rp2_common/pico_stdio_usb/stdio_usb.c.o
 .rodata.str1.4
                0x10004990       0x3a CMakeFiles/pico_micro_ros.dir/home/victor/micro_ros_ws/src/pico-sdk/src/rp2_common/pico_stdio_usb/stdio_usb_descriptors.c.o
 .rodata.usbd_desc_str
                0x10004990       0x18 CMakeFiles/pico_micro_ros.dir/home/victor/micro_ros_ws/src/pico-sdk/src/rp2_common/pico_stdio_usb/stdio_usb_descriptors.c.o
 .rodata.usbd_desc_cfg
                0x100049a8       0x54 CMakeFiles/pico_micro_ros.dir/home/victor/micro_ros_ws/src/pico-sdk/src/rp2_common/pico_stdio_usb/stdio_usb_descriptors.c.o
 .rodata.usbd_desc_device
                0x100049fc       0x12 CMakeFiles/pico_micro_ros.dir/home/victor/micro_ros_ws/src/pico-sdk/src/rp2_common/pico_stdio_usb/stdio_usb_descriptors.c.o
 .rodata.str1.4
                0x10004a0e       0x14 CMakeFiles/pico_micro_ros.dir/home/victor/micro_ros_ws/src/pico-sdk/lib/tinyusb/src/portable/raspberrypi/rp2040/dcd_rp2040.c.o
 .rodata.str1.4
                0x10004a0e       0x48 CMakeFiles/pico_micro_ros.dir/home/victor/micro_ros_ws/src/pico-sdk/lib/tinyusb/src/portable/raspberrypi/rp2040/rp2040_usb.c.o
 *fill*         0x10004a0e        0x2 
 .rodata.tud_task_ext
                0x10004a10       0x8c CMakeFiles/pico_micro_ros.dir/home/victor/micro_ros_ws/src/pico-sdk/lib/tinyusb/src/device/usbd.c.o
 .rodata        0x10004a9c       0x1c CMakeFiles/pico_micro_ros.dir/home/victor/micro_ros_ws/src/pico-sdk/lib/tinyusb/src/device/usbd.c.o
 .rodata._usbd_driver
                0x10004ab8       0x40 CMakeFiles/pico_micro_ros.dir/home/victor/micro_ros_ws/src/pico-sdk/lib/tinyusb/src/device/usbd.c.o
                0x10004af8                        . = ALIGN (0x4)
 *(SORT_BY_ALIGNMENT(SORT_BY_NAME(.flashdata*)))
                0x10004af8                        . = ALIGN (0x4)

.ARM.extab
 *(.ARM.extab* .gnu.linkonce.armextab.*)
                0x10004af8                        __exidx_start = .

.ARM.exidx
 *(.ARM.exidx* .gnu.linkonce.armexidx.*)
                0x10004af8                        __exidx_end = .
                0x10004af8                        . = ALIGN (0x4)
                0x10004af8                        __binary_info_start = .

.binary_info    0x10004af8       0x20
 *(.binary_info.keep.*)
 .binary_info.keep.__bi_ptr84
                0x10004af8        0x4 CMakeFiles/pico_micro_ros.dir/home/victor/micro_ros_ws/src/pico-sdk/src/rp2_common/pico_standard_binary_info/standard_binary_info.c.o
 .binary_info.keep.__bi_ptr78
                0x10004afc        0x4 CMakeFiles/pico_micro_ros.dir/home/victor/micro_ros_ws/src/pico-sdk/src/rp2_common/pico_standard_binary_info/standard_binary_info.c.o
 .binary_info.keep.__bi_ptr54
                0x10004b00        0x4 CMakeFiles/pico_micro_ros.dir/home/victor/micro_ros_ws/src/pico-sdk/src/rp2_common/pico_standard_binary_info/standard_binary_info.c.o
 .binary_info.keep.__bi_ptr48
                0x10004b04        0x4 CMakeFiles/pico_micro_ros.dir/home/victor/micro_ros_ws/src/pico-sdk/src/rp2_common/pico_standard_binary_info/standard_binary_info.c.o
 .binary_info.keep.__bi_ptr42
                0x10004b08        0x4 CMakeFiles/pico_micro_ros.dir/home/victor/micro_ros_ws/src/pico-sdk/src/rp2_common/pico_standard_binary_info/standard_binary_info.c.o
 .binary_info.keep.__bi_ptr34
                0x10004b0c        0x4 CMakeFiles/pico_micro_ros.dir/home/victor/micro_ros_ws/src/pico-sdk/src/rp2_common/pico_standard_binary_info/standard_binary_info.c.o
 .binary_info.keep.__bi_ptr26
                0x10004b10        0x4 CMakeFiles/pico_micro_ros.dir/home/victor/micro_ros_ws/src/pico-sdk/src/rp2_common/pico_standard_binary_info/standard_binary_info.c.o
 *(.binary_info.*)
 .binary_info.__bi_ptr202
                0x10004b14        0x4 CMakeFiles/pico_micro_ros.dir/home/victor/micro_ros_ws/src/pico-sdk/src/rp2_common/pico_stdio_usb/stdio_usb.c.o
                0x10004b18                        __binary_info_end = .
                0x10004b18                        . = ALIGN (0x4)

.ram_vector_table
                0x20000000       0xc0
 *(.ram_vector_table)
 .ram_vector_table
                0x20000000       0xc0 CMakeFiles/pico_micro_ros.dir/home/victor/micro_ros_ws/src/pico-sdk/src/rp2_common/pico_runtime_init/runtime_init.c.o
                0x20000000                ram_vector_table

.uninitialized_data
                0x200000c0        0x0
                0x200000c0                        . = ALIGN (0x4)
 *(.uninitialized_data*)

.data           0x200000c0      0xfac load address 0x10004b18
                0x200000c0                        __data_start__ = .
 *(vtable)
 *(.time_critical*)
 .time_critical.mutex_try_enter
                0x200000c0       0x40 CMakeFiles/pico_micro_ros.dir/home/victor/micro_ros_ws/src/pico-sdk/src/common/pico_sync/mutex.c.o
                0x200000c0                mutex_try_enter
 .time_critical.mutex_try_enter_block_until
                0x20000100       0x9c CMakeFiles/pico_micro_ros.dir/home/victor/micro_ros_ws/src/pico-sdk/src/common/pico_sync/mutex.c.o
                0x20000100                mutex_try_enter_block_until
 .time_critical.mutex_enter_timeout_ms
                0x2000019c       0x90 CMakeFiles/pico_micro_ros.dir/home/victor/micro_ros_ws/src/pico-sdk/src/common/pico_sync/mutex.c.o
                0x2000019c                mutex_enter_timeout_ms
 .time_critical.mutex_exit
                0x2000022c       0x28 CMakeFiles/pico_micro_ros.dir/home/victor/micro_ros_ws/src/pico-sdk/src/common/pico_sync/mutex.c.o
                0x2000022c                mutex_exit
 .time_critical.flash_init_boot2_copyout
                0x20000254       0x30 CMakeFiles/pico_micro_ros.dir/home/victor/micro_ros_ws/src/pico-sdk/src/rp2_common/hardware_flash/flash.c.o
 .time_critical.flash_enable_xip_via_boot2
                0x20000284        0xc CMakeFiles/pico_micro_ros.dir/home/victor/micro_ros_ws/src/pico-sdk/src/rp2_common/hardware_flash/flash.c.o
 .time_critical.flash_save_hardware_state
                0x20000290       0x20 CMakeFiles/pico_micro_ros.dir/home/victor/micro_ros_ws/src/pico-sdk/src/rp2_common/hardware_flash/flash.c.o
 .time_critical.flash_restore_hardware_state
                0x200002b0       0x20 CMakeFiles/pico_micro_ros.dir/home/victor/micro_ros_ws/src/pico-sdk/src/rp2_common/hardware_flash/flash.c.o
 .time_critical.flash_cs_force
                0x200002d0       0x38 CMakeFiles/pico_micro_ros.dir/home/victor/micro_ros_ws/src/pico-sdk/src/rp2_common/hardware_flash/flash.c.o
 .time_critical.flash_do_cmd
                0x20000308       0xd0 CMakeFiles/pico_micro_ros.dir/home/victor/micro_ros_ws/src/pico-sdk/src/rp2_common/hardware_flash/flash.c.o
                0x20000308                flash_do_cmd
 .time_critical.reset_non_control_endpoints
                0x200003d8       0x68 CMakeFiles/pico_micro_ros.dir/home/victor/micro_ros_ws/src/pico-sdk/lib/tinyusb/src/portable/raspberrypi/rp2040/dcd_rp2040.c.o
 .time_critical.hw_handle_buff_status
                0x20000440       0xa0 CMakeFiles/pico_micro_ros.dir/home/victor/micro_ros_ws/src/pico-sdk/lib/tinyusb/src/portable/raspberrypi/rp2040/dcd_rp2040.c.o
 .time_critical.dcd_rp2040_irq
                0x200004e0      0x544 CMakeFiles/pico_micro_ros.dir/home/victor/micro_ros_ws/src/pico-sdk/lib/tinyusb/src/portable/raspberrypi/rp2040/dcd_rp2040.c.o
 .time_critical.prepare_ep_buffer
                0x20000a24       0xe0 CMakeFiles/pico_micro_ros.dir/home/victor/micro_ros_ws/src/pico-sdk/lib/tinyusb/src/portable/raspberrypi/rp2040/rp2040_usb.c.o
 .time_critical.sync_ep_buffer
                0x20000b04       0xa8 CMakeFiles/pico_micro_ros.dir/home/victor/micro_ros_ws/src/pico-sdk/lib/tinyusb/src/portable/raspberrypi/rp2040/rp2040_usb.c.o
 .time_critical._hw_endpoint_xfer_sync
                0x20000bac       0x28 CMakeFiles/pico_micro_ros.dir/home/victor/micro_ros_ws/src/pico-sdk/lib/tinyusb/src/portable/raspberrypi/rp2040/rp2040_usb.c.o
 .time_critical.e15_is_bulkin_ep
                0x20000bd4       0x28 CMakeFiles/pico_micro_ros.dir/home/victor/micro_ros_ws/src/pico-sdk/lib/tinyusb/src/portable/raspberrypi/rp2040/rp2040_usb.c.o
 .time_critical.e15_is_critical_frame_period
                0x20000bfc       0x34 CMakeFiles/pico_micro_ros.dir/home/victor/micro_ros_ws/src/pico-sdk/lib/tinyusb/src/portable/raspberrypi/rp2040/rp2040_usb.c.o
 .time_critical.hw_endpoint_reset_transfer
                0x20000c30        0xc CMakeFiles/pico_micro_ros.dir/home/victor/micro_ros_ws/src/pico-sdk/lib/tinyusb/src/portable/raspberrypi/rp2040/rp2040_usb.c.o
                0x20000c30                hw_endpoint_reset_transfer
 .time_critical._hw_endpoint_buffer_control_update32
                0x20000c3c       0x50 CMakeFiles/pico_micro_ros.dir/home/victor/micro_ros_ws/src/pico-sdk/lib/tinyusb/src/portable/raspberrypi/rp2040/rp2040_usb.c.o
                0x20000c3c                _hw_endpoint_buffer_control_update32
 .time_critical.hw_endpoint_start_next_buffer
                0x20000c8c       0x6c CMakeFiles/pico_micro_ros.dir/home/victor/micro_ros_ws/src/pico-sdk/lib/tinyusb/src/portable/raspberrypi/rp2040/rp2040_usb.c.o
                0x20000c8c                hw_endpoint_start_next_buffer
 .time_critical.hw_endpoint_xfer_continue
                0x20000cf8       0x40 CMakeFiles/pico_micro_ros.dir/home/victor/micro_ros_ws/src/pico-sdk/lib/tinyusb/src/portable/raspberrypi/rp2040/rp2040_usb.c.o
                0x20000cf8                hw_endpoint_xfer_continue
 .time_critical.tinyusb
                0x20000d38      0x1e4 CMakeFiles/pico_micro_ros.dir/home/victor/micro_ros_ws/src/pico-sdk/lib/tinyusb/src/device/usbd.c.o
                0x20000d38                dcd_event_handler
 *(.text*)
 .text          0x20000f1c        0x4 /usr/lib/gcc/arm-none-eabi/13.2.1/thumb/v6-m/nofp/libgcc.a(_dvmd_tls.o)
                0x20000f1c                __aeabi_ldiv0
                0x20000f1c                __aeabi_idiv0
 .text.__stub   0x20000f20       0x80 linker stubs
                0x20000fa0                        . = ALIGN (0x4)
 *(.rodata*)
                0x20000fa0                        . = ALIGN (0x4)
 *(.data*)
 .data.striped_spin_lock_num
                0x20000fa0        0x1 CMakeFiles/pico_micro_ros.dir/home/victor/micro_ros_ws/src/pico-sdk/src/rp2_common/hardware_sync/sync.c.o
 *fill*         0x20000fa1        0x3 
 .data          0x20000fa4       0x48 CMakeFiles/pico_micro_ros.dir/home/victor/micro_ros_ws/src/pico-sdk/src/rp2_common/hardware_irq/irq_handler_chain.S.o
                0x20000fa4                irq_handler_chain_slots
                0x20000fd4                irq_handler_chain_first_slot
                0x20000fde                irq_handler_chain_remove_tail
 .data.default_alarm_pool
                0x20000fec       0x18 CMakeFiles/pico_micro_ros.dir/home/victor/micro_ros_ws/src/pico-sdk/src/common/pico_time/time.c.o
 *fill*         0x20001004        0xc 
 .data.aeabi_bits_funcs
                0x20001010       0x10 CMakeFiles/pico_micro_ros.dir/home/victor/micro_ros_ws/src/pico-sdk/src/rp2_common/pico_bit_ops/bit_ops_aeabi.S.o
                0x20001010                aeabi_bits_funcs
                0x20001020                aeabi_bits_funcs_end
 .data.aeabi_mem_funcs
                0x20001020       0x10 CMakeFiles/pico_micro_ros.dir/home/victor/micro_ros_ws/src/pico-sdk/src/rp2_common/pico_mem_ops/mem_ops_aeabi.S.o
                0x20001020                aeabi_mem_funcs
                0x20001030                aeabi_mem_funcs_end
 .data.stdio_usb
                0x20001030       0x14 CMakeFiles/pico_micro_ros.dir/home/victor/micro_ros_ws/src/pico-sdk/src/rp2_common/pico_stdio_usb/stdio_usb.c.o
                0x20001030                stdio_usb
 .data._usbd_qdef
                0x20001044       0x1c CMakeFiles/pico_micro_ros.dir/home/victor/micro_ros_ws/src/pico-sdk/lib/tinyusb/src/device/usbd.c.o
                0x20001044                _usbd_qdef
 .data._usbd_rhport
                0x20001060        0x1 CMakeFiles/pico_micro_ros.dir/home/victor/micro_ros_ws/src/pico-sdk/lib/tinyusb/src/device/usbd.c.o
                0x20001064                        . = ALIGN (0x4)
 *fill*         0x20001061        0x3 
 *(.after_data.*)
                0x20001064                        . = ALIGN (0x4)
                0x20001064                        PROVIDE (__mutex_array_start = .)
 *(SORT_BY_NAME(.mutex_array.*))
 *(.mutex_array)
 .mutex_array   0x20001064        0x8 CMakeFiles/pico_micro_ros.dir/home/victor/micro_ros_ws/src/pico-sdk/src/rp2_common/pico_stdio/stdio.c.o
                0x2000106c                        PROVIDE (__mutex_array_end = .)
                0x2000106c                        . = ALIGN (0x4)
 *(.jcr)
                0x2000106c                        . = ALIGN (0x4)

.tm_clone_table
                0x2000106c        0x0 load address 0x10005ac4
 .tm_clone_table
                0x2000106c        0x0 /usr/lib/gcc/arm-none-eabi/13.2.1/thumb/v6-m/nofp/crtbegin.o
 .tm_clone_table
                0x2000106c        0x0 /usr/lib/gcc/arm-none-eabi/13.2.1/thumb/v6-m/nofp/crtend.o

.igot.plt       0x2000106c        0x0 load address 0x10005ac4
 .igot.plt      0x2000106c        0x0 /usr/lib/gcc/arm-none-eabi/13.2.1/thumb/v6-m/nofp/crtbegin.o

.tdata          0x2000106c        0x0 load address 0x10005ac4
                0x2000106c                        . = ALIGN (0x4)
 *(.tdata .tdata.* .gnu.linkonce.td.*)
                0x2000106c                        __tdata_end = .
                0x2000106c                        PROVIDE (__data_end__ = .)
                0x10004b18                        __etext = LOADADDR (.data)

.tbss           0x2000106c        0x0 load address 0x10005ac4
                0x2000106c                        . = ALIGN (0x4)
                0x2000106c                        __bss_start__ = .
                0x2000106c                        __tls_base = .
 *(.tbss .tbss.* .gnu.linkonce.tb.*)
 *(.tcommon)
                0x2000106c                        __tls_end = .

.bss            0x20001070     0x1094 load address 0x10005ac4
                0x20001070                        . = ALIGN (0x4)
                0x20001070                        __tbss_end = .
 *(SORT_BY_ALIGNMENT(SORT_BY_NAME(.bss*)))
 .bss.default_alarm_pool_entries
                0x20001070      0x180 CMakeFiles/pico_micro_ros.dir/home/victor/micro_ros_ws/src/pico-sdk/src/common/pico_time/time.c.o
 .bss.last_avail_time.1
                0x200011f0        0x8 CMakeFiles/pico_micro_ros.dir/home/victor/micro_ros_ws/src/pico-sdk/src/rp2_common/pico_stdio_usb/stdio_usb.c.o
 .bss.sd_table  0x200011f8      0x100 CMakeFiles/pico_micro_ros.dir/home/victor/micro_ros_ws/src/pico-sdk/src/rp2_common/pico_double/double_init_rom_rp2040.c.o
                0x200011f8                sd_table
 .bss.sf_table  0x200012f8      0x100 CMakeFiles/pico_micro_ros.dir/home/victor/micro_ros_ws/src/pico-sdk/src/rp2_common/pico_float/float_init_rom_rp2040.c.o
                0x200012f8                sf_table
 .bss           0x200013f8       0x1c /usr/lib/gcc/arm-none-eabi/13.2.1/thumb/v6-m/nofp/crtbegin.o
 .bss           0x20001414      0x190 /usr/lib/gcc/arm-none-eabi/13.2.1/../../../arm-none-eabi/lib/thumb/v6-m/nofp/libg.a(libc_a-__atexit.o)
                0x20001414                __atexit0
 .bss           0x200015a4        0x4 /usr/lib/gcc/arm-none-eabi/13.2.1/../../../arm-none-eabi/lib/thumb/v6-m/nofp/libg.a(libc_a-__call_atexit.o)
                0x200015a4                __atexit
 .bss._app_driver
                0x200015a8        0x4 CMakeFiles/pico_micro_ros.dir/home/victor/micro_ros_ws/src/pico-sdk/lib/tinyusb/src/device/usbd.c.o
 .bss._cdcd_epbuf
                0x200015ac       0x80 CMakeFiles/pico_micro_ros.dir/home/victor/micro_ros_ws/src/pico-sdk/lib/tinyusb/src/class/cdc/cdc_device.c.o
 .bss._cdcd_fifo_cfg
                0x2000162c        0x1 CMakeFiles/pico_micro_ros.dir/home/victor/micro_ros_ws/src/pico-sdk/lib/tinyusb/src/class/cdc/cdc_device.c.o
 *fill*         0x2000162d        0x3 
 .bss._cdcd_itf
                0x20001630       0xc8 CMakeFiles/pico_micro_ros.dir/home/victor/micro_ros_ws/src/pico-sdk/lib/tinyusb/src/class/cdc/cdc_device.c.o
 .bss._ctrl_epbuf
                0x200016f8       0x40 CMakeFiles/pico_micro_ros.dir/home/victor/micro_ros_ws/src/pico-sdk/lib/tinyusb/src/device/usbd_control.c.o
 .bss._ctrl_xfer
                0x20001738       0x14 CMakeFiles/pico_micro_ros.dir/home/victor/micro_ros_ws/src/pico-sdk/lib/tinyusb/src/device/usbd_control.c.o
 .bss._tusb_rhport_role
                0x2000174c        0x2 CMakeFiles/pico_micro_ros.dir/home/victor/micro_ros_ws/src/pico-sdk/lib/tinyusb/src/tusb.c.o
                0x2000174c                _tusb_rhport_role
 *fill*         0x2000174e        0x2 
 .bss._ubsd_mutexdef
                0x20001750        0x8 CMakeFiles/pico_micro_ros.dir/home/victor/micro_ros_ws/src/pico-sdk/lib/tinyusb/src/device/usbd.c.o
 .bss._usbd_dev
                0x20001758       0x54 CMakeFiles/pico_micro_ros.dir/home/victor/micro_ros_ws/src/pico-sdk/lib/tinyusb/src/device/usbd.c.o
 .bss._usbd_mutex
                0x200017ac        0x4 CMakeFiles/pico_micro_ros.dir/home/victor/micro_ros_ws/src/pico-sdk/lib/tinyusb/src/device/usbd.c.o
 .bss._usbd_q   0x200017b0        0x4 CMakeFiles/pico_micro_ros.dir/home/victor/micro_ros_ws/src/pico-sdk/lib/tinyusb/src/device/usbd.c.o
 .bss._usbd_qdef_buf
                0x200017b4       0xc0 CMakeFiles/pico_micro_ros.dir/home/victor/micro_ros_ws/src/pico-sdk/lib/tinyusb/src/device/usbd.c.o
                0x200017b4                _usbd_qdef_buf
 .bss._vendord_epbuf
                0x20001874       0x80 CMakeFiles/pico_micro_ros.dir/home/victor/micro_ros_ws/src/pico-sdk/lib/tinyusb/src/class/vendor/vendor_device.c.o
 .bss._vendord_itf
                0x200018f4      0x24c CMakeFiles/pico_micro_ros.dir/home/victor/micro_ros_ws/src/pico-sdk/lib/tinyusb/src/class/vendor/vendor_device.c.o
 .bss.boot2_copyout
                0x20001b40      0x100 CMakeFiles/pico_micro_ros.dir/home/victor/micro_ros_ws/src/pico-sdk/src/rp2_common/hardware_flash/flash.c.o
 .bss.chars_available_callback
                0x20001c40        0x4 CMakeFiles/pico_micro_ros.dir/home/victor/micro_ros_ws/src/pico-sdk/src/rp2_common/pico_stdio_usb/stdio_usb.c.o
 .bss.chars_available_param
                0x20001c44        0x4 CMakeFiles/pico_micro_ros.dir/home/victor/micro_ros_ws/src/pico-sdk/src/rp2_common/pico_stdio_usb/stdio_usb.c.o
 .bss.claimed   0x20001c48        0x4 CMakeFiles/pico_micro_ros.dir/home/victor/micro_ros_ws/src/pico-sdk/src/rp2_common/hardware_sync/sync.c.o
 .bss.claimed   0x20001c4c        0x1 CMakeFiles/pico_micro_ros.dir/home/victor/micro_ros_ws/src/pico-sdk/src/rp2_common/hardware_timer/timer.c.o
 *fill*         0x20001c4d        0x3 
 .bss.configured_freq
                0x20001c50       0x28 CMakeFiles/pico_micro_ros.dir/home/victor/micro_ros_ws/src/pico-sdk/src/rp2_common/hardware_clocks/clocks.c.o
 .bss.desc_str.0
                0x20001c78       0x28 CMakeFiles/pico_micro_ros.dir/home/victor/micro_ros_ws/src/pico-sdk/src/rp2_common/pico_stdio_usb/stdio_usb_descriptors.c.o
 .bss.drivers   0x20001ca0        0x4 CMakeFiles/pico_micro_ros.dir/home/victor/micro_ros_ws/src/pico-sdk/src/rp2_common/pico_stdio/stdio.c.o
 .bss.e15_last_sof
                0x20001ca4        0x4 CMakeFiles/pico_micro_ros.dir/home/victor/micro_ros_ws/src/pico-sdk/lib/tinyusb/src/portable/raspberrypi/rp2040/rp2040_usb.c.o
                0x20001ca4                e15_last_sof
 .bss.filter    0x20001ca8        0x4 CMakeFiles/pico_micro_ros.dir/home/victor/micro_ros_ws/src/pico-sdk/src/rp2_common/pico_stdio/stdio.c.o
 .bss.hw_endpoints
                0x20001cac      0x400 CMakeFiles/pico_micro_ros.dir/home/victor/micro_ros_ws/src/pico-sdk/lib/tinyusb/src/portable/raspberrypi/rp2040/dcd_rp2040.c.o
 .bss.lazy_vsnprintf
                0x200020ac        0x4 CMakeFiles/pico_micro_ros.dir/home/victor/micro_ros_ws/src/pico-sdk/src/rp2_common/pico_printf/printf.c.o
 .bss.load_value
                0x200020b0        0x4 CMakeFiles/pico_micro_ros.dir/home/victor/micro_ros_ws/src/pico-sdk/src/rp2_common/hardware_watchdog/watchdog.c.o
 .bss.next_buffer_ptr
                0x200020b4        0x4 CMakeFiles/pico_micro_ros.dir/home/victor/micro_ros_ws/src/pico-sdk/lib/tinyusb/src/portable/raspberrypi/rp2040/dcd_rp2040.c.o
 .bss.one_shot_timer_crit_sec
                0x200020b8        0x8 CMakeFiles/pico_micro_ros.dir/home/victor/micro_ros_ws/src/pico-sdk/src/rp2_common/pico_stdio_usb/stdio_usb.c.o
 .bss.pools     0x200020c0       0x10 CMakeFiles/pico_micro_ros.dir/home/victor/micro_ros_ws/src/pico-sdk/src/common/pico_time/time.c.o
 .bss.retrieved_id
                0x200020d0        0x8 CMakeFiles/pico_micro_ros.dir/home/victor/micro_ros_ws/src/pico-sdk/src/rp2_common/pico_unique_id/unique_id.c.o
 .bss.sf_clz_func
                0x200020d8        0x4 CMakeFiles/pico_micro_ros.dir/home/victor/micro_ros_ws/src/pico-sdk/src/rp2_common/pico_double/double_init_rom_rp2040.c.o
                0x200020d8                sf_clz_func
 .bss.sleep_notifier
                0x200020dc        0x4 CMakeFiles/pico_micro_ros.dir/home/victor/micro_ros_ws/src/pico-sdk/src/common/pico_time/time.c.o
 .bss.stdio_usb_mutex
                0x200020e0        0x8 CMakeFiles/pico_micro_ros.dir/home/victor/micro_ros_ws/src/pico-sdk/src/rp2_common/pico_stdio_usb/stdio_usb.c.o
 .bss.usbd_serial_str
                0x200020e8       0x11 CMakeFiles/pico_micro_ros.dir/home/victor/micro_ros_ws/src/pico-sdk/src/rp2_common/pico_stdio_usb/stdio_usb_descriptors.c.o
 .bss._app_driver_count
                0x200020f9        0x1 CMakeFiles/pico_micro_ros.dir/home/victor/micro_ros_ws/src/pico-sdk/lib/tinyusb/src/device/usbd.c.o
 .bss._sof_enable
                0x200020fa        0x1 CMakeFiles/pico_micro_ros.dir/home/victor/micro_ros_ws/src/pico-sdk/lib/tinyusb/src/portable/raspberrypi/rp2040/dcd_rp2040.c.o
 .bss._usbd_queued_setup
                0x200020fb        0x1 CMakeFiles/pico_micro_ros.dir/home/victor/micro_ros_ws/src/pico-sdk/lib/tinyusb/src/device/usbd.c.o
 .bss.boot2_copyout_valid
                0x200020fc        0x1 CMakeFiles/pico_micro_ros.dir/home/victor/micro_ros_ws/src/pico-sdk/src/rp2_common/hardware_flash/flash.c.o
 .bss.g_stdio_initialized
                0x200020fd        0x1 CMakeFiles/pico_micro_ros.dir/pico_uart_transport.c.o
 .bss.irq_handler_chain_free_slot_head
                0x200020fe        0x1 CMakeFiles/pico_micro_ros.dir/home/victor/micro_ros_ws/src/pico-sdk/src/rp2_common/hardware_irq/irq.c.o
 .bss.itf_num   0x200020ff        0x1 CMakeFiles/pico_micro_ros.dir/home/victor/micro_ros_ws/src/pico-sdk/src/rp2_common/pico_stdio_usb/reset_interface.c.o
 .bss.low_priority_irq_num
                0x20002100        0x1 CMakeFiles/pico_micro_ros.dir/home/victor/micro_ros_ws/src/pico-sdk/src/rp2_common/pico_stdio_usb/stdio_usb.c.o
 .bss.one_shot_timer_pending
                0x20002101        0x1 CMakeFiles/pico_micro_ros.dir/home/victor/micro_ros_ws/src/pico-sdk/src/rp2_common/pico_stdio_usb/stdio_usb.c.o
 .bss.user_irq_claimed
                0x20002102        0x1 CMakeFiles/pico_micro_ros.dir/home/victor/micro_ros_ws/src/pico-sdk/src/rp2_common/hardware_irq/irq.c.o
 *(COMMON)
                0x20002104                        . = ALIGN (0x4)
 *fill*         0x20002103        0x1 
                0x20002104                        __bss_end__ = .

.heap           0x20002104      0x800 load address 0x10005ac4
                0x20002104                        __end__ = .
                0x20002104                        end = __end__
 *(.heap*)
 .heap          0x20002104      0x800 CMakeFiles/pico_micro_ros.dir/home/victor/micro_ros_ws/src/pico-sdk/src/rp2_common/pico_crt0/crt0.S.o
                0x20040000                        __HeapLimit = (ORIGIN (RAM) + LENGTH (RAM))

.scratch_x      0x20040000        0x0 load address 0x10005ac4
                0x20040000                        __scratch_x_start__ = .
 *(.scratch_x.*)
                0x20040000                        . = ALIGN (0x4)
                0x20040000                        __scratch_x_end__ = .
                0x10005ac4                        __scratch_x_source__ = LOADADDR (.scratch_x)

.scratch_y      0x20041000        0x0 load address 0x10005ac4
                0x20041000                        __scratch_y_start__ = .
 *(.scratch_y.*)
                0x20041000                        . = ALIGN (0x4)
                0x20041000                        __scratch_y_end__ = .
                0x10005ac4                        __scratch_y_source__ = LOADADDR (.scratch_y)

.stack1_dummy
 *(.stack1*)

.stack_dummy    0x20041000      0x800
 *(.stack*)
 .stack         0x20041000      0x800 CMakeFiles/pico_micro_ros.dir/home/victor/micro_ros_ws/src/pico-sdk/src/rp2_common/pico_crt0/crt0.S.o

.rel.dyn        0x20041800        0x0
 .rel.iplt      0x20041800        0x0 /usr/lib/gcc/arm-none-eabi/13.2.1/thumb/v6-m/nofp/crtbegin.o

.flash_end      0x10005ac4        0x0
 *(.embedded_end_block*)
                0x10005ac4                        PROVIDE (__flash_binary_end = .)
                0x20040000                        __StackLimit = (ORIGIN (RAM) + LENGTH (RAM))
                0x20041000                        __StackOneTop = (ORIGIN (SCRATCH_X) + LENGTH (SCRATCH_X))
                0x20042000                        __StackTop = (ORIGIN (SCRATCH_Y) + LENGTH (SCRATCH_Y))
                0x20041000                        __StackOneBottom = (__StackOneTop - SIZEOF (.stack1_dummy))
                0x20041800                        __StackBottom = (__StackTop - SIZEOF (.stack_dummy))
                0x20042000                        PROVIDE (__stack = __StackTop)
                [!provide]                        PROVIDE (__heap_start = __end__)
                [!provide]                        PROVIDE (__heap_end = __HeapLimit)
                [!provide]                        PROVIDE (__tls_align = MAX (ALIGNOF (.tdata), ALIGNOF (.tbss)))
                [!provide]                        PROVIDE (__tls_size_align = (((__tls_size + __tls_align) - 0x1) & ~ ((__tls_align - 0x1))))
                [!provide]                        PROVIDE (__arm32_tls_tcb_offset = MAX (0x8, __tls_align))
                [!provide]                        PROVIDE (_end = __end__)
                [!provide]                        PROVIDE (__llvm_libc_heap_limit = __HeapLimit)
                0x00000001                        ASSERT ((__StackLimit >= __HeapLimit), region RAM overflowed)
                0x00000001                        ASSERT (((__binary_info_header_end - __logical_binary_start) <= 0x100), Binary info must be in first 256 bytes of the binary)
LOAD CMakeFiles/pico_micro_ros.dir/pico_uart_transport.c.o
LOAD CMakeFiles/pico_micro_ros.dir/src/main_transport_tx_test.c.o
LOAD CMakeFiles/pico_micro_ros.dir/home/victor/micro_ros_ws/src/pico-sdk/src/rp2_common/pico_stdlib/stdlib.c.o
LOAD CMakeFiles/pico_micro_ros.dir/home/victor/micro_ros_ws/src/pico-sdk/src/rp2_common/hardware_gpio/gpio.c.o
LOAD CMakeFiles/pico_micro_ros.dir/home/victor/micro_ros_ws/src/pico-sdk/src/rp2040/pico_platform/platform.c.o
LOAD CMakeFiles/pico_micro_ros.dir/home/victor/micro_ros_ws/src/pico-sdk/src/rp2_common/pico_platform_common/common.c.o
LOAD CMakeFiles/pico_micro_ros.dir/home/victor/micro_ros_ws/src/pico-sdk/src/rp2_common/pico_platform_panic/panic.c.o
LOAD CMakeFiles/pico_micro_ros.dir/home/victor/micro_ros_ws/src/pico-sdk/src/common/hardware_claim/claim.c.o
LOAD CMakeFiles/pico_micro_ros.dir/home/victor/micro_ros_ws/src/pico-sdk/src/rp2_common/hardware_sync/sync.c.o
LOAD CMakeFiles/pico_micro_ros.dir/home/victor/micro_ros_ws/src/pico-sdk/src/rp2_common/hardware_sync_spin_lock/sync_spin_lock.c.o
LOAD CMakeFiles/pico_micro_ros.dir/home/victor/micro_ros_ws/src/pico-sdk/src/rp2_common/hardware_irq/irq.c.o
LOAD CMakeFiles/pico_micro_ros.dir/home/victor/micro_ros_ws/src/pico-sdk/src/rp2_common/hardware_irq/irq_handler_chain.S.o
LOAD CMakeFiles/pico_micro_ros.dir/home/victor/micro_ros_ws/src/pico-sdk/src/common/pico_sync/sem.c.o
LOAD CMakeFiles/pico_micro_ros.dir/home/victor/micro_ros_ws/src/pico-sdk/src/common/pico_sync/lock_core.c.o
LOAD CMakeFiles/pico_micro_ros.dir/home/victor/micro_ros_ws/src/pico-sdk/src/common/pico_sync/mutex.c.o
LOAD CMakeFiles/pico_micro_ros.dir/home/victor/micro_ros_ws/src/pico-sdk/src/common/pico_sync/critical_section.c.o
LOAD CMakeFiles/pico_micro_ros.dir/home/victor/micro_ros_ws/src/pico-sdk/src/common/pico_time/time.c.o
LOAD CMakeFiles/pico_micro_ros.dir/home/victor/micro_ros_ws/src/pico-sdk/src/common/pico_time/timeout_helper.c.o
LOAD CMakeFiles/pico_micro_ros.dir/home/victor/micro_ros_ws/src/pico-sdk/src/rp2_common/hardware_timer/timer.c.o
LOAD CMakeFiles/pico_micro_ros.dir/home/victor/micro_ros_ws/src/pico-sdk/src/common/pico_util/datetime.c.o
LOAD CMakeFiles/pico_micro_ros.dir/home/victor/micro_ros_ws/src/pico-sdk/src/common/pico_util/pheap.c.o
LOAD CMakeFiles/pico_micro_ros.dir/home/victor/micro_ros_ws/src/pico-sdk/src/common/pico_util/queue.c.o
LOAD CMakeFiles/pico_micro_ros.dir/home/victor/micro_ros_ws/src/pico-sdk/src/rp2_common/hardware_uart/uart.c.o
LOAD CMakeFiles/pico_micro_ros.dir/home/victor/micro_ros_ws/src/pico-sdk/src/rp2_common/hardware_clocks/clocks.c.o
LOAD CMakeFiles/pico_micro_ros.dir/home/victor/micro_ros_ws/src/pico-sdk/src/rp2_common/hardware_pll/pll.c.o
LOAD CMakeFiles/pico_micro_ros.dir/home/victor/micro_ros_ws/src/pico-sdk/src/rp2_common/hardware_vreg/vreg.c.o
LOAD CMakeFiles/pico_micro_ros.dir/home/victor/micro_ros_ws/src/pico-sdk/src/rp2_common/hardware_watchdog/watchdog.c.o
LOAD CMakeFiles/pico_micro_ros.dir/home/victor/micro_ros_ws/src/pico-sdk/src/rp2_common/hardware_ticks/ticks.c.o
LOAD CMakeFiles/pico_micro_ros.dir/home/victor/micro_ros_ws/src/pico-sdk/src/rp2_common/pico_bootrom/bootrom.c.o
LOAD CMakeFiles/pico_micro_ros.dir/home/victor/micro_ros_ws/src/pico-sdk/src/rp2_common/pico_bootrom/bootrom_lock.c.o
LOAD CMakeFiles/pico_micro_ros.dir/home/victor/micro_ros_ws/src/pico-sdk/src/rp2_common/hardware_boot_lock/boot_lock.c.o
LOAD CMakeFiles/pico_micro_ros.dir/home/victor/micro_ros_ws/src/pico-sdk/src/rp2_common/pico_flash/flash.c.o
LOAD CMakeFiles/pico_micro_ros.dir/home/victor/micro_ros_ws/src/pico-sdk/src/rp2_common/hardware_xosc/xosc.c.o
LOAD CMakeFiles/pico_micro_ros.dir/home/victor/micro_ros_ws/src/pico-sdk/src/rp2_common/hardware_divider/divider.S.o
LOAD CMakeFiles/pico_micro_ros.dir/home/victor/micro_ros_ws/src/pico-sdk/src/rp2_common/pico_runtime/runtime.c.o
LOAD CMakeFiles/pico_micro_ros.dir/home/victor/micro_ros_ws/src/pico-sdk/src/rp2_common/pico_runtime_init/runtime_init.c.o
LOAD CMakeFiles/pico_micro_ros.dir/home/victor/micro_ros_ws/src/pico-sdk/src/rp2_common/pico_runtime_init/runtime_init_clocks.c.o
LOAD CMakeFiles/pico_micro_ros.dir/home/victor/micro_ros_ws/src/pico-sdk/src/rp2_common/pico_runtime_init/runtime_init_stack_guard.c.o
LOAD CMakeFiles/pico_micro_ros.dir/home/victor/micro_ros_ws/src/pico-sdk/src/rp2_common/pico_bit_ops/bit_ops_aeabi.S.o
LOAD CMakeFiles/pico_micro_ros.dir/home/victor/micro_ros_ws/src/pico-sdk/src/rp2_common/pico_divider/divider_hardware.S.o
LOAD CMakeFiles/pico_micro_ros.dir/home/victor/micro_ros_ws/src/pico-sdk/src/rp2_common/pico_double/double_aeabi_rp2040.S.o
LOAD CMakeFiles/pico_micro_ros.dir/home/victor/micro_ros_ws/src/pico-sdk/src/rp2_common/pico_double/double_init_rom_rp2040.c.o
LOAD CMakeFiles/pico_micro_ros.dir/home/victor/micro_ros_ws/src/pico-sdk/src/rp2_common/pico_double/double_math.c.o
LOAD CMakeFiles/pico_micro_ros.dir/home/victor/micro_ros_ws/src/pico-sdk/src/rp2_common/pico_double/double_v1_rom_shim_rp2040.S.o
LOAD CMakeFiles/pico_micro_ros.dir/home/victor/micro_ros_ws/src/pico-sdk/src/rp2_common/pico_int64_ops/pico_int64_ops_aeabi.S.o
LOAD CMakeFiles/pico_micro_ros.dir/home/victor/micro_ros_ws/src/pico-sdk/src/rp2_common/pico_float/float_aeabi_rp2040.S.o
LOAD CMakeFiles/pico_micro_ros.dir/home/victor/micro_ros_ws/src/pico-sdk/src/rp2_common/pico_float/float_init_rom_rp2040.c.o
LOAD CMakeFiles/pico_micro_ros.dir/home/victor/micro_ros_ws/src/pico-sdk/src/rp2_common/pico_float/float_math.c.o
LOAD CMakeFiles/pico_micro_ros.dir/home/victor/micro_ros_ws/src/pico-sdk/src/rp2_common/pico_float/float_v1_rom_shim_rp2040.S.o
LOAD CMakeFiles/pico_micro_ros.dir/home/victor/micro_ros_ws/src/pico-sdk/src/rp2_common/pico_malloc/malloc.c.o
LOAD CMakeFiles/pico_micro_ros.dir/home/victor/micro_ros_ws/src/pico-sdk/src/rp2_common/pico_mem_ops/mem_ops_aeabi.S.o
LOAD CMakeFiles/pico_micro_ros.dir/home/victor/micro_ros_ws/src/pico-sdk/src/rp2_common/pico_atomic/atomic.c.o
LOAD CMakeFiles/pico_micro_ros.dir/home/victor/micro_ros_ws/src/pico-sdk/src/rp2_common/pico_cxx_options/new_delete.cpp.o
LOAD CMakeFiles/pico_micro_ros.dir/home/victor/micro_ros_ws/src/pico-sdk/src/rp2_common/pico_standard_binary_info/standard_binary_info.c.o
LOAD CMakeFiles/pico_micro_ros.dir/home/victor/micro_ros_ws/src/pico-sdk/src/rp2_common/pico_printf/printf.c.o
LOAD CMakeFiles/pico_micro_ros.dir/home/victor/micro_ros_ws/src/pico-sdk/src/rp2_common/pico_crt0/crt0.S.o
LOAD CMakeFiles/pico_micro_ros.dir/home/victor/micro_ros_ws/src/pico-sdk/src/rp2_common/pico_clib_interface/newlib_interface.c.o
LOAD CMakeFiles/pico_micro_ros.dir/home/victor/micro_ros_ws/src/pico-sdk/src/rp2_common/pico_stdio/stdio.c.o
LOAD CMakeFiles/pico_micro_ros.dir/home/victor/micro_ros_ws/src/pico-sdk/src/rp2_common/pico_stdio_usb/reset_interface.c.o
LOAD CMakeFiles/pico_micro_ros.dir/home/victor/micro_ros_ws/src/pico-sdk/src/rp2_common/pico_stdio_usb/stdio_usb.c.o
LOAD CMakeFiles/pico_micro_ros.dir/home/victor/micro_ros_ws/src/pico-sdk/src/rp2_common/pico_stdio_usb/stdio_usb_descriptors.c.o
LOAD CMakeFiles/pico_micro_ros.dir/home/victor/micro_ros_ws/src/pico-sdk/src/rp2_common/pico_unique_id/unique_id.c.o
LOAD CMakeFiles/pico_micro_ros.dir/home/victor/micro_ros_ws/src/pico-sdk/src/rp2_common/hardware_flash/flash.c.o
LOAD CMakeFiles/pico_micro_ros.dir/home/victor/micro_ros_ws/src/pico-sdk/src/rp2_common/hardware_xip_cache/xip_cache.c.o
LOAD CMakeFiles/pico_micro_ros.dir/home/victor/micro_ros_ws/src/pico-sdk/lib/tinyusb/src/portable/raspberrypi/rp2040/dcd_rp2040.c.o
LOAD CMakeFiles/pico_micro_ros.dir/home/victor/micro_ros_ws/src/pico-sdk/lib/tinyusb/src/portable/raspberrypi/rp2040/rp2040_usb.c.o
LOAD CMakeFiles/pico_micro_ros.dir/home/victor/micro_ros_ws/src/pico-sdk/lib/tinyusb/src/device/usbd.c.o
LOAD CMakeFiles/pico_micro_ros.dir/home/victor/micro_ros_ws/src/pico-sdk/lib/tinyusb/src/device/usbd_control.c.o
LOAD CMakeFiles/pico_micro_ros.dir/home/victor/micro_ros_ws/src/pico-sdk/lib/tinyusb/src/class/audio/audio_device.c.o
LOAD CMakeFiles/pico_micro_ros.dir/home/victor/micro_ros_ws/src/pico-sdk/lib/tinyusb/src/class/cdc/cdc_device.c.o
LOAD CMakeFiles/pico_micro_ros.dir/home/victor/micro_ros_ws/src/pico-sdk/lib/tinyusb/src/class/dfu/dfu_device.c.o
LOAD CMakeFiles/pico_micro_ros.dir/home/victor/micro_ros_ws/src/pico-sdk/lib/tinyusb/src/class/dfu/dfu_rt_device.c.o
LOAD CMakeFiles/pico_micro_ros.dir/home/victor/micro_ros_ws/src/pico-sdk/lib/tinyusb/src/class/hid/hid_device.c.o
LOAD CMakeFiles/pico_micro_ros.dir/home/victor/micro_ros_ws/src/pico-sdk/lib/tinyusb/src/class/midi/midi_device.c.o
LOAD CMakeFiles/pico_micro_ros.dir/home/victor/micro_ros_ws/src/pico-sdk/lib/tinyusb/src/class/msc/msc_device.c.o
LOAD CMakeFiles/pico_micro_ros.dir/home/victor/micro_ros_ws/src/pico-sdk/lib/tinyusb/src/class/net/ecm_rndis_device.c.o
LOAD CMakeFiles/pico_micro_ros.dir/home/victor/micro_ros_ws/src/pico-sdk/lib/tinyusb/src/class/net/ncm_device.c.o
LOAD CMakeFiles/pico_micro_ros.dir/home/victor/micro_ros_ws/src/pico-sdk/lib/tinyusb/src/class/usbtmc/usbtmc_device.c.o
LOAD CMakeFiles/pico_micro_ros.dir/home/victor/micro_ros_ws/src/pico-sdk/lib/tinyusb/src/class/vendor/vendor_device.c.o
LOAD CMakeFiles/pico_micro_ros.dir/home/victor/micro_ros_ws/src/pico-sdk/lib/tinyusb/src/class/video/video_device.c.o
LOAD CMakeFiles/pico_micro_ros.dir/home/victor/micro_ros_ws/src/pico-sdk/lib/tinyusb/src/tusb.c.o
LOAD CMakeFiles/pico_micro_ros.dir/home/victor/micro_ros_ws/src/pico-sdk/lib/tinyusb/src/common/tusb_fifo.c.o
LOAD CMakeFiles/pico_micro_ros.dir/home/victor/micro_ros_ws/src/pico-sdk/src/rp2_common/pico_fix/rp2040_usb_device_enumeration/rp2040_usb_device_enumeration.c.o
LOAD CMakeFiles/pico_micro_ros.dir/home/victor/micro_ros_ws/src/pico-sdk/src/rp2_common/hardware_i2c/i2c.c.o
LOAD pico-sdk/src/rp2040/boot_stage2/CMakeFiles/bs2_default_library.dir/bs2_default_padded_checksummed.S.o
LOAD /home/victor/Ruff-Ruff-Rover/firmware/pico_micro_ros/libmicroros/libmicroros.a
LOAD /usr/lib/gcc/arm-none-eabi/13.2.1/../../../arm-none-eabi/lib/thumb/v6-m/nofp/libstdc++.a
LOAD /usr/lib/gcc/arm-none-eabi/13.2.1/../../../arm-none-eabi/lib/thumb/v6-m/nofp/libm.a
START GROUP
LOAD /usr/lib/gcc/arm-none-eabi/13.2.1/thumb/v6-m/nofp/libgcc.a
LOAD /usr/lib/gcc/arm-none-eabi/13.2.1/../../../arm-none-eabi/lib/thumb/v6-m/nofp/libg.a
LOAD /usr/lib/gcc/arm-none-eabi/13.2.1/../../../arm-none-eabi/lib/thumb/v6-m/nofp/libc.a
END GROUP
START GROUP
LOAD /usr/lib/gcc/arm-none-eabi/13.2.1/thumb/v6-m/nofp/libgcc.a
LOAD /usr/lib/gcc/arm-none-eabi/13.2.1/../../../arm-none-eabi/lib/thumb/v6-m/nofp/libc.a
LOAD /usr/lib/gcc/arm-none-eabi/13.2.1/../../../arm-none-eabi/lib/thumb/v6-m/nofp/libnosys.a
END GROUP
LOAD /usr/lib/gcc/arm-none-eabi/13.2.1/thumb/v6-m/nofp/crtend.o
LOAD /usr/lib/gcc/arm-none-eabi/13.2.1/thumb/v6-m/nofp/crtn.o
OUTPUT(pico_micro_ros.elf elf32-littlearm)
LOAD linker stubs

.ARM.attributes
                0x00000000       0x28
 .ARM.attributes
                0x00000000       0x1e /usr/lib/gcc/arm-none-eabi/13.2.1/thumb/v6-m/nofp/crti.o
 .ARM.attributes
                0x0000001e       0x2c /usr/lib/gcc/arm-none-eabi/13.2.1/thumb/v6-m/nofp/crtbegin.o
 .ARM.attributes
                0x0000004a       0x2c CMakeFiles/pico_micro_ros.dir/pico_uart_transport.c.o
 .ARM.attributes
                0x00000076       0x2c CMakeFiles/pico_micro_ros.dir/src/main_transport_tx_test.c.o
 .ARM.attributes
                0x000000a2       0x2c CMakeFiles/pico_micro_ros.dir/home/victor/micro_ros_ws/src/pico-sdk/src/rp2040/pico_platform/platform.c.o
 .ARM.attributes
                0x000000ce       0x2c CMakeFiles/pico_micro_ros.dir/home/victor/micro_ros_ws/src/pico-sdk/src/rp2_common/pico_platform_panic/panic.c.o
 .ARM.attributes
                0x000000fa       0x2c CMakeFiles/pico_micro_ros.dir/home/victor/micro_ros_ws/src/pico-sdk/src/common/hardware_claim/claim.c.o
 .ARM.attributes
                0x00000126       0x2c CMakeFiles/pico_micro_ros.dir/home/victor/micro_ros_ws/src/pico-sdk/src/rp2_common/hardware_sync/sync.c.o
 .ARM.attributes
                0x00000152       0x2c CMakeFiles/pico_micro_ros.dir/home/victor/micro_ros_ws/src/pico-sdk/src/rp2_common/hardware_sync_spin_lock/sync_spin_lock.c.o
 .ARM.attributes
                0x0000017e       0x2c CMakeFiles/pico_micro_ros.dir/home/victor/micro_ros_ws/src/pico-sdk/src/rp2_common/hardware_irq/irq.c.o
 .ARM.attributes